running egg_info
writing ../../build/smartfarm_master/smartfarm_master.egg-info/PKG-INFO
writing dependency_links to ../../build/smartfarm_master/smartfarm_master.egg-info/dependency_links.txt
writing entry points to ../../build/smartfarm_master/smartfarm_master.egg-info/entry_points.txt
writing requirements to ../../build/smartfarm_master/smartfarm_master.egg-info/requires.txt
writing top-level names to ../../build/smartfarm_master/smartfarm_master.egg-info/top_level.txt
reading manifest file '../../build/smartfarm_master/smartfarm_master.egg-info/SOURCES.txt'
writing manifest file '../../build/smartfarm_master/smartfarm_master.egg-info/SOURCES.txt'
running build
running build_py
copying smartfarm_master/monitor_node.py -> /home/thumb/smartfarm_ws/build/smartfarm_master/build/lib/smartfarm_master
copying smartfarm_master/master_node.py -> /home/thumb/smartfarm_ws/build/smartfarm_master/build/lib/smartfarm_master
running install
running install_lib
copying /home/thumb/smartfarm_ws/build/smartfarm_master/build/lib/smartfarm_master/monitor_node.py -> /home/thumb/smartfarm_ws/install/smartfarm_master/lib/python3.12/site-packages/smartfarm_master
copying /home/thumb/smartfarm_ws/build/smartfarm_master/build/lib/smartfarm_master/master_node.py -> /home/thumb/smartfarm_ws/install/smartfarm_master/lib/python3.12/site-packages/smartfarm_master
byte-compiling /home/thumb/smartfarm_ws/install/smartfarm_master/lib/python3.12/site-packages/smartfarm_master/monitor_node.py to monitor_node.cpython-312.pyc
byte-compiling /home/thumb/smartfarm_ws/install/smartfarm_master/lib/python3.12/site-packages/smartfarm_master/master_node.py to master_node.cpython-312.pyc
running install_data
running install_egg_info
removing '/home/thumb/smartfarm_ws/install/smartfarm_master/lib/python3.12/site-packages/smartfarm_master-0.0.0-py3.12.egg-info' (and everything under it)
Copying ../../build/smartfarm_master/smartfarm_master.egg-info to /home/thumb/smartfarm_ws/install/smartfarm_master/lib/python3.12/site-packages/smartfarm_master-0.0.0-py3.12.egg-info
running install_scripts
Installing master_node script to /home/thumb/smartfarm_ws/install/smartfarm_master/lib/smartfarm_master
Installing monitor_node script to /home/thumb/smartfarm_ws/install/smartfarm_master/lib/smartfarm_master
writing list of installed files to '/home/thumb/smartfarm_ws/build/smartfarm_master/install.log'
