../Core/Src/comm.c:34:13:Parse_Scara	24	static
../Core/Src/comm.c:46:13:Parse_Rasp	24	static
../Core/Src/comm.c:58:13:Parse_Manip	24	static
../Core/Src/comm.c:70:6:Comm_Init	8	static
../Core/Src/comm.c:78:6:Comm_Scara_RxCallback	8	static
../Core/Src/comm.c:92:6:Comm_Rasp_RxCallback	8	static
../Core/Src/comm.c:106:6:Comm_Manip_RxCallback	8	static
../Core/Src/comm.c:121:6:Comm_IsStartFlagSet	4	static
../Core/Src/comm.c:122:6:Comm_ClearStartFlag	4	static
../Core/Src/comm.c:124:6:Comm_IsScaraDoneFlagSet	4	static
../Core/Src/comm.c:125:6:Comm_ClearScaraDoneFlag	4	static
../Core/Src/comm.c:127:6:Comm_IsManipDoneFlagSet	4	static
../Core/Src/comm.c:128:6:Comm_ClearManipDoneFlag	4	static
../Core/Src/comm.c:130:6:Comm_IsEstopFlagSet	4	static
../Core/Src/comm.c:131:6:Comm_ClearEstopFlag	4	static
../Core/Src/comm.c:134:6:Comm_SendHarvest	16	static
../Core/Src/comm.c:142:6:Comm_SendDone	16	static
../Core/Src/comm.c:148:6:Comm_SendErr	16	static
../Core/Src/comm.c:157:6:Comm_LogToRasp	16	static
