../Core/Src/comm.c:33:16:calc_chk	24	static
../Core/Src/comm.c:41:13:send_frame	48	static
../Core/Src/comm.c:53:13:process_frame	16	static
../Core/Src/comm.c:76:6:Comm_Init	8	static
../Core/Src/comm.c:82:6:Comm_Rasp_RxCallback	16	static
../Core/Src/comm.c:126:9:Comm_GetFf	4	static
../Core/Src/comm.c:127:9:Comm_SetFf	16	static
../Core/Src/comm.c:129:9:Comm_IsHfSet	4	static
../Core/Src/comm.c:130:9:Comm_ClearHfFlag	4	static
../Core/Src/comm.c:132:9:Comm_IsEstop	4	static
../Core/Src/comm.c:133:9:Comm_ClearEstop	4	static
../Core/Src/comm.c:135:9:Comm_IsReset	4	static
../Core/Src/comm.c:136:9:Comm_ClearReset	4	static
../Core/Src/comm.c:138:9:Comm_ClearAllFlags	4	static
../Core/Src/comm.c:144:6:Comm_SendState	16	static
../Core/Src/comm.c:149:6:Comm_SendDone	16	static
../Core/Src/comm.c:154:6:Comm_SendError	16	static
