../Core/Src/main.c:78:5:main	8	static
../Core/Src/main.c:126:6:SystemClock_Config	88	static
../Core/Src/main.c:174:13:MX_TIM3_Init	48	static
../Core/Src/main.c:223:13:MX_TIM5_Init	48	static
../Core/Src/main.c:277:13:MX_USART2_UART_Init	8	static
../Core/Src/main.c:310:13:MX_GPIO_Init	40	static
../Core/Src/main.c:363:6:HAL_UART_RxCpltCallback	16	static
../Core/Src/main.c:373:6:HAL_TIM_PeriodElapsedCallback	16	static
../Core/Src/main.c:378:6:HAL_GPIO_EXTI_Callback	24	static
../Core/Src/main.c:396:6:Error_Handler	4	static,ignoring_inline_asm
