../Core/Src/main.c:81:5:main	8	static
../Core/Src/main.c:158:6:SystemClock_Config	88	static
../Core/Src/main.c:206:13:MX_TIM3_Init	48	static
../Core/Src/main.c:255:13:MX_TIM5_Init	48	static
../Core/Src/main.c:304:13:MX_USART1_UART_Init	8	static
../Core/Src/main.c:337:13:MX_USART2_UART_Init	8	static
../Core/Src/main.c:370:13:MX_USART6_UART_Init	8	static
../Core/Src/main.c:403:13:MX_GPIO_Init	40	static
../Core/Src/main.c:456:6:HAL_UART_RxCpltCallback	16	static
../Core/Src/main.c:466:6:HAL_TIM_PeriodElapsedCallback	16	static
../Core/Src/main.c:471:6:HAL_GPIO_EXTI_Callback	24	static
../Core/Src/main.c:487:6:Error_Handler	4	static,ignoring_inline_asm
