../Core/Src/main.c:81:5:main	1
../Core/Src/main.c:158:6:SystemClock_Config	3
../Core/Src/main.c:206:13:MX_TIM3_Init	4
../Core/Src/main.c:255:13:MX_TIM5_Init	4
../Core/Src/main.c:304:13:MX_USART1_UART_Init	2
../Core/Src/main.c:337:13:MX_USART2_UART_Init	2
../Core/Src/main.c:370:13:MX_USART6_UART_Init	2
../Core/Src/main.c:403:13:MX_GPIO_Init	1
../Core/Src/main.c:456:6:HAL_UART_RxCpltCallback	4
../Core/Src/main.c:466:6:HAL_TIM_PeriodElapsedCallback	1
../Core/Src/main.c:471:6:HAL_GPIO_EXTI_Callback	3
../Core/Src/main.c:487:6:Error_Handler	1
