../Core/Src/stepper.c:7:17:TIM_APB1_GetTimerClockHz	16	static
../Core/Src/stepper.c:15:6:Conveyor_Enable	16	static
../Core/Src/stepper.c:20:6:Conveyor_SetDir	16	static
../Core/Src/stepper.c:25:13:TIM3_SetStepHz	32	static
../Core/Src/stepper.c:47:6:Conveyor_StartHz	16	static
../Core/Src/stepper.c:53:6:Conveyor_Stop	8	static
../Core/Src/stepper.c:58:6:Conveyor_RampToHz	32	static
../Core/Src/stepper.c:107:6:Z_Enable	16	static
../Core/Src/stepper.c:112:6:Z_SetDir	16	static
../Core/Src/stepper.c:117:13:TIM5_SetStepHz	32	static
../Core/Src/stepper.c:137:6:Z_Stop	8	static
../Core/Src/stepper.c:148:6:Z_IsBusy	4	static
../Core/Src/stepper.c:153:6:Z_MoveSteps	24	static
../Core/Src/stepper.c:176:6:Z_OnTimUpdate	16	static
