[1.750s] Invoking command in '/home/lth/smartfarm_ws/src/smartfarm_pi1': DEBUGINFOD_URLS=https://debuginfod.ubuntu.com PYTHONPATH=/home/lth/smartfarm_ws/build/smartfarm_pi1/prefix_override:/usr/lib/python3/dist-packages/colcon_core/task/python/colcon_distutils_commands:/home/lth/smartfarm_ws/install/smartfarm_pi1/lib/python3.12/site-packages:${PYTHONPATH} /usr/bin/python3 -W ignore:setup.py install is deprecated -W ignore:easy_install command is deprecated setup.py egg_info --egg-base ../../build/smartfarm_pi1 build --build-base /home/lth/smartfarm_ws/build/smartfarm_pi1/build install --record /home/lth/smartfarm_ws/build/smartfarm_pi1/install.log --single-version-externally-managed
[2.201s] running egg_info
[2.237s] writing ../../build/smartfarm_pi1/smartfarm_pi1.egg-info/PKG-INFO
[2.238s] writing dependency_links to ../../build/smartfarm_pi1/smartfarm_pi1.egg-info/dependency_links.txt
[2.245s] writing entry points to ../../build/smartfarm_pi1/smartfarm_pi1.egg-info/entry_points.txt
[2.245s] writing requirements to ../../build/smartfarm_pi1/smartfarm_pi1.egg-info/requires.txt
[2.246s] writing top-level names to ../../build/smartfarm_pi1/smartfarm_pi1.egg-info/top_level.txt
[2.318s] reading manifest file '../../build/smartfarm_pi1/smartfarm_pi1.egg-info/SOURCES.txt'
[2.319s] writing manifest file '../../build/smartfarm_pi1/smartfarm_pi1.egg-info/SOURCES.txt'
[2.361s] running build
[2.362s] running build_py
[2.362s] running install
[2.376s] running install_lib
[2.410s] running install_egg_info
[2.448s] removing '/home/lth/smartfarm_ws/install/smartfarm_pi1/lib/python3.12/site-packages/smartfarm_pi1-0.1.0-py3.12.egg-info' (and everything under it)
[2.448s] Copying ../../build/smartfarm_pi1/smartfarm_pi1.egg-info to /home/lth/smartfarm_ws/install/smartfarm_pi1/lib/python3.12/site-packages/smartfarm_pi1-0.1.0-py3.12.egg-info
[2.450s] running install_scripts
[2.697s] Installing pi1_node script to /home/lth/smartfarm_ws/install/smartfarm_pi1/lib/smartfarm_pi1
[2.697s] writing list of installed files to '/home/lth/smartfarm_ws/build/smartfarm_pi1/install.log'
[2.863s] Invoked command in '/home/lth/smartfarm_ws/src/smartfarm_pi1' returned '0': DEBUGINFOD_URLS=https://debuginfod.ubuntu.com PYTHONPATH=/home/lth/smartfarm_ws/build/smartfarm_pi1/prefix_override:/usr/lib/python3/dist-packages/colcon_core/task/python/colcon_distutils_commands:/home/lth/smartfarm_ws/install/smartfarm_pi1/lib/python3.12/site-packages:${PYTHONPATH} /usr/bin/python3 -W ignore:setup.py install is deprecated -W ignore:easy_install command is deprecated setup.py egg_info --egg-base ../../build/smartfarm_pi1 build --build-base /home/lth/smartfarm_ws/build/smartfarm_pi1/build install --record /home/lth/smartfarm_ws/build/smartfarm_pi1/install.log --single-version-externally-managed
