[1.521s] Invoking command in '/home/lth/smartfarm_ws/src/smartfarm_pi1': DEBUGINFOD_URLS=https://debuginfod.ubuntu.com PYTHONPATH=/home/lth/smartfarm_ws/build/smartfarm_pi1/prefix_override:/usr/lib/python3/dist-packages/colcon_core/task/python/colcon_distutils_commands:/home/lth/smartfarm_ws/install/smartfarm_pi1/lib/python3.12/site-packages:${PYTHONPATH} /usr/bin/python3 -W ignore:setup.py install is deprecated -W ignore:easy_install command is deprecated setup.py egg_info --egg-base ../../build/smartfarm_pi1 build --build-base /home/lth/smartfarm_ws/build/smartfarm_pi1/build install --record /home/lth/smartfarm_ws/build/smartfarm_pi1/install.log --single-version-externally-managed
[1.847s] running egg_info
[1.869s] writing ../../build/smartfarm_pi1/smartfarm_pi1.egg-info/PKG-INFO
[1.875s] writing dependency_links to ../../build/smartfarm_pi1/smartfarm_pi1.egg-info/dependency_links.txt
[1.876s] writing entry points to ../../build/smartfarm_pi1/smartfarm_pi1.egg-info/entry_points.txt
[1.876s] writing requirements to ../../build/smartfarm_pi1/smartfarm_pi1.egg-info/requires.txt
[1.877s] writing top-level names to ../../build/smartfarm_pi1/smartfarm_pi1.egg-info/top_level.txt
[1.931s] reading manifest file '../../build/smartfarm_pi1/smartfarm_pi1.egg-info/SOURCES.txt'
[1.937s] writing manifest file '../../build/smartfarm_pi1/smartfarm_pi1.egg-info/SOURCES.txt'
[1.938s] running build
[1.938s] running build_py
[1.940s] copying smartfarm_pi1/pi1_node.py -> /home/lth/smartfarm_ws/build/smartfarm_pi1/build/lib/smartfarm_pi1
[1.940s] running install
[1.951s] running install_lib
[1.981s] copying /home/lth/smartfarm_ws/build/smartfarm_pi1/build/lib/smartfarm_pi1/pi1_node.py -> /home/lth/smartfarm_ws/install/smartfarm_pi1/lib/python3.12/site-packages/smartfarm_pi1
[1.982s] byte-compiling /home/lth/smartfarm_ws/install/smartfarm_pi1/lib/python3.12/site-packages/smartfarm_pi1/pi1_node.py to pi1_node.cpython-312.pyc
[1.985s] running install_egg_info
[2.014s] removing '/home/lth/smartfarm_ws/install/smartfarm_pi1/lib/python3.12/site-packages/smartfarm_pi1-0.1.0-py3.12.egg-info' (and everything under it)
[2.014s] Copying ../../build/smartfarm_pi1/smartfarm_pi1.egg-info to /home/lth/smartfarm_ws/install/smartfarm_pi1/lib/python3.12/site-packages/smartfarm_pi1-0.1.0-py3.12.egg-info
[2.015s] running install_scripts
[2.180s] Installing pi1_node script to /home/lth/smartfarm_ws/install/smartfarm_pi1/lib/smartfarm_pi1
[2.186s] writing list of installed files to '/home/lth/smartfarm_ws/build/smartfarm_pi1/install.log'
[2.265s] Invoked command in '/home/lth/smartfarm_ws/src/smartfarm_pi1' returned '0': DEBUGINFOD_URLS=https://debuginfod.ubuntu.com PYTHONPATH=/home/lth/smartfarm_ws/build/smartfarm_pi1/prefix_override:/usr/lib/python3/dist-packages/colcon_core/task/python/colcon_distutils_commands:/home/lth/smartfarm_ws/install/smartfarm_pi1/lib/python3.12/site-packages:${PYTHONPATH} /usr/bin/python3 -W ignore:setup.py install is deprecated -W ignore:easy_install command is deprecated setup.py egg_info --egg-base ../../build/smartfarm_pi1 build --build-base /home/lth/smartfarm_ws/build/smartfarm_pi1/build install --record /home/lth/smartfarm_ws/build/smartfarm_pi1/install.log --single-version-externally-managed
