running egg_info
creating ../build/smartfarm_master/smartfarm_master.egg-info
writing ../build/smartfarm_master/smartfarm_master.egg-info/PKG-INFO
writing dependency_links to ../build/smartfarm_master/smartfarm_master.egg-info/dependency_links.txt
writing entry points to ../build/smartfarm_master/smartfarm_master.egg-info/entry_points.txt
writing requirements to ../build/smartfarm_master/smartfarm_master.egg-info/requires.txt
writing top-level names to ../build/smartfarm_master/smartfarm_master.egg-info/top_level.txt
writing manifest file '../build/smartfarm_master/smartfarm_master.egg-info/SOURCES.txt'
reading manifest file '../build/smartfarm_master/smartfarm_master.egg-info/SOURCES.txt'
writing manifest file '../build/smartfarm_master/smartfarm_master.egg-info/SOURCES.txt'
running build
running build_py
creating /home/thumb/smartfarm_ws/src/build/smartfarm_master/build
creating /home/thumb/smartfarm_ws/src/build/smartfarm_master/build/lib
creating /home/thumb/smartfarm_ws/src/build/smartfarm_master/build/lib/smartfarm_master
copying smartfarm_master/__init__.py -> /home/thumb/smartfarm_ws/src/build/smartfarm_master/build/lib/smartfarm_master
copying smartfarm_master/monitor_node.py -> /home/thumb/smartfarm_ws/src/build/smartfarm_master/build/lib/smartfarm_master
copying smartfarm_master/master_node.py -> /home/thumb/smartfarm_ws/src/build/smartfarm_master/build/lib/smartfarm_master
running install
running install_lib
creating /home/thumb/smartfarm_ws/src/install/smartfarm_master/lib/python3.12/site-packages/smartfarm_master
copying /home/thumb/smartfarm_ws/src/build/smartfarm_master/build/lib/smartfarm_master/__init__.py -> /home/thumb/smartfarm_ws/src/install/smartfarm_master/lib/python3.12/site-packages/smartfarm_master
copying /home/thumb/smartfarm_ws/src/build/smartfarm_master/build/lib/smartfarm_master/monitor_node.py -> /home/thumb/smartfarm_ws/src/install/smartfarm_master/lib/python3.12/site-packages/smartfarm_master
copying /home/thumb/smartfarm_ws/src/build/smartfarm_master/build/lib/smartfarm_master/master_node.py -> /home/thumb/smartfarm_ws/src/install/smartfarm_master/lib/python3.12/site-packages/smartfarm_master
byte-compiling /home/thumb/smartfarm_ws/src/install/smartfarm_master/lib/python3.12/site-packages/smartfarm_master/__init__.py to __init__.cpython-312.pyc
byte-compiling /home/thumb/smartfarm_ws/src/install/smartfarm_master/lib/python3.12/site-packages/smartfarm_master/monitor_node.py to monitor_node.cpython-312.pyc
byte-compiling /home/thumb/smartfarm_ws/src/install/smartfarm_master/lib/python3.12/site-packages/smartfarm_master/master_node.py to master_node.cpython-312.pyc
running install_data
creating /home/thumb/smartfarm_ws/src/install/smartfarm_master/share/ament_index
creating /home/thumb/smartfarm_ws/src/install/smartfarm_master/share/ament_index/resource_index
creating /home/thumb/smartfarm_ws/src/install/smartfarm_master/share/ament_index/resource_index/packages
copying resource/smartfarm_master -> /home/thumb/smartfarm_ws/src/install/smartfarm_master/share/ament_index/resource_index/packages
copying package.xml -> /home/thumb/smartfarm_ws/src/install/smartfarm_master/share/smartfarm_master
running install_egg_info
Copying ../build/smartfarm_master/smartfarm_master.egg-info to /home/thumb/smartfarm_ws/src/install/smartfarm_master/lib/python3.12/site-packages/smartfarm_master-0.0.0-py3.12.egg-info
running install_scripts
Installing master_node script to /home/thumb/smartfarm_ws/src/install/smartfarm_master/lib/smartfarm_master
Installing monitor_node script to /home/thumb/smartfarm_ws/src/install/smartfarm_master/lib/smartfarm_master
writing list of installed files to '/home/thumb/smartfarm_ws/src/build/smartfarm_master/install.log'
