../Core/Src/cartesian.c:127:17:TIM2_GetClockHz	16	static
../Core/Src/cartesian.c:135:17:TIM5_GetClockHz	16	static
../Core/Src/cartesian.c:143:13:X_StepPWM_SetHz	24	static
../Core/Src/cartesian.c:155:13:Z_StepPWM_SetHz	24	static
../Core/Src/cartesian.c:168:13:X_SetDir	16	static
../Core/Src/cartesian.c:174:13:Z_SetDir	16	static
../Core/Src/cartesian.c:182:13:X_Enable	16	static
../Core/Src/cartesian.c:192:13:Z_Enable	16	static
../Core/Src/cartesian.c:204:13:X_Stop	8	static
../Core/Src/cartesian.c:213:13:Z_Stop	8	static
../Core/Src/cartesian.c:226:13:X_StartMoveSteps	24	static
../Core/Src/cartesian.c:319:13:Z_MoveFixed	24	static
../Core/Src/cartesian.c:345:13:Z_MoveProfile	32	static
../Core/Src/cartesian.c:374:6:Cartesian_ResetSequence	8	static
../Core/Src/cartesian.c:390:6:Cartesian_limit	16	static
../Core/Src/cartesian.c:420:6:Cartesian_StartHoming	8	static
../Core/Src/cartesian.c:455:6:Cartesian_HomingTask	16	static
../Core/Src/cartesian.c:538:6:Cartesian_IsHomingDone	4	static
../Core/Src/cartesian.c:542:6:Cartesian_IsHomingStarted	4	static
../Core/Src/cartesian.c:570:6:Cartesian_OnTimPeriodElapsed	32	static
../Core/Src/cartesian.c:626:13:MeasureAndMoveX	32	static
../Core/Src/cartesian.c:655:6:Cartesian_Task	8	static
../Core/Src/cartesian.c:728:6:Cartesian_IsCycleDone	4	static
../Core/Src/cartesian.c:733:6:Cartesian_SetXStepsPerMM	16	static
../Core/Src/cartesian.c:737:6:Cartesian_SetXRefCm	16	static
../Core/Src/cartesian.c:741:6:Cartesian_IsBusy	4	static
../Core/Src/cartesian.c:748:6:Cartesian_TestMoveX	16	static
../Core/Src/cartesian.c:753:6:Cartesian_TestMoveZ	16	static
../Core/Src/cartesian.c:759:6:Cartesian_TestStopX	8	static
../Core/Src/cartesian.c:764:6:Cartesian_TestStopZ	8	static
