../Core/Src/cartesian.c:88:16:X_MM_TO_STEPS	16	static
../Core/Src/cartesian.c:93:16:Z_MM_TO_STEPS	16	static
../Core/Src/cartesian.c:98:13:X_MoveToMM	24	static
../Core/Src/cartesian.c:109:13:Z_MoveToMM	24	static
../Core/Src/cartesian.c:190:17:TIM2_GetClockHz	16	static
../Core/Src/cartesian.c:196:17:TIM5_GetClockHz	16	static
../Core/Src/cartesian.c:204:13:X_StepPWM_SetHz	48	static
../Core/Src/cartesian.c:217:13:Z_StepPWM_SetHz	48	static
../Core/Src/cartesian.c:232:13:X_SetDir	16	static
../Core/Src/cartesian.c:238:13:Z_SetDir	16	static
../Core/Src/cartesian.c:244:13:X_Enable	16	static
../Core/Src/cartesian.c:254:13:Z_Enable	16	static
../Core/Src/cartesian.c:264:13:Pump_Set	16	static
../Core/Src/cartesian.c:271:13:X_Stop	8	static
../Core/Src/cartesian.c:281:13:Z_Stop	8	static
../Core/Src/cartesian.c:291:13:Cartesian_EnableMotors	16	static
../Core/Src/cartesian.c:300:13:X_StartMoveSteps	24	static
../Core/Src/cartesian.c:317:13:Z_MoveFixed	24	static
../Core/Src/cartesian.c:336:13:Z_MoveProfile	32	static
../Core/Src/cartesian.c:358:13:X_MoveProfile	32	static
../Core/Src/cartesian.c:381:13:Delay_Start	16	static
../Core/Src/cartesian.c:388:13:Delay_Done	8	static
../Core/Src/cartesian.c:396:6:Cartesian_PrepareCycleAfterHoming	8	static
../Core/Src/cartesian.c:418:6:Cartesian_ResetSequence	8	static
../Core/Src/cartesian.c:442:6:Cartesian_limit	16	static
../Core/Src/cartesian.c:489:6:Cartesian_StartHoming	8	static
../Core/Src/cartesian.c:518:6:Cartesian_HomingTask	16	static
../Core/Src/cartesian.c:593:6:Cartesian_Task	8	static
../Core/Src/cartesian.c:745:6:Cartesian_OnTimPeriodElapsed	48	static
../Core/Src/cartesian.c:824:6:Cartesian_IsHomingStarted	4	static
../Core/Src/cartesian.c:825:6:Cartesian_IsHomingDone	4	static
../Core/Src/cartesian.c:826:6:Cartesian_IsHomingError	4	static
../Core/Src/cartesian.c:827:6:Cartesian_IsCycleDone	4	static
../Core/Src/cartesian.c:829:16:Cartesian_GetStage	4	static
../Core/Src/cartesian.c:867:6:Cartesian_SetXStepsPerMM	16	static
../Core/Src/cartesian.c:873:6:Cartesian_TestMoveX	16	static
../Core/Src/cartesian.c:874:6:Cartesian_TestMoveZ	16	static
../Core/Src/cartesian.c:875:6:Cartesian_TestStopX	8	static
../Core/Src/cartesian.c:876:6:Cartesian_TestStopZ	8	static
../Core/Src/cartesian.c:878:6:Cartesian_TestPump	8	static
../Core/Src/cartesian.c:885:6:Cartesian_TestPickCycle	4	static
../Core/Src/cartesian.c:892:6:Cartesian_TestPickSowCycle	4	static
