../Core/Src/cartesian.c:129:17:TIM2_GetClockHz	16	static
../Core/Src/cartesian.c:135:17:TIM5_GetClockHz	16	static
../Core/Src/cartesian.c:143:13:X_StepPWM_SetHz	48	static
../Core/Src/cartesian.c:156:13:Z_StepPWM_SetHz	48	static
../Core/Src/cartesian.c:171:13:X_SetDir	16	static
../Core/Src/cartesian.c:177:13:Z_SetDir	16	static
../Core/Src/cartesian.c:183:13:X_Enable	16	static
../Core/Src/cartesian.c:193:13:Z_Enable	16	static
../Core/Src/cartesian.c:203:13:Pump_Set	16	static
../Core/Src/cartesian.c:210:13:X_Stop	8	static
../Core/Src/cartesian.c:218:13:Z_Stop	8	static
../Core/Src/cartesian.c:230:13:X_StartMoveSteps	24	static
../Core/Src/cartesian.c:245:13:Z_MoveFixed	24	static
../Core/Src/cartesian.c:264:13:Z_MoveProfile	32	static
../Core/Src/cartesian.c:287:6:Cartesian_ResetSequence	8	static
../Core/Src/cartesian.c:306:6:Cartesian_limit	16	static
../Core/Src/cartesian.c:343:6:Cartesian_StartHoming	8	static
../Core/Src/cartesian.c:372:6:Cartesian_HomingTask	16	static
../Core/Src/cartesian.c:440:6:Cartesian_Task	8	static
../Core/Src/cartesian.c:591:6:Cartesian_OnTimPeriodElapsed	32	static
../Core/Src/cartesian.c:638:6:Cartesian_IsHomingStarted	4	static
../Core/Src/cartesian.c:639:6:Cartesian_IsHomingDone	4	static
../Core/Src/cartesian.c:640:6:Cartesian_IsHomingError	4	static
../Core/Src/cartesian.c:641:6:Cartesian_IsCycleDone	4	static
../Core/Src/cartesian.c:643:16:Cartesian_GetStage	4	static
../Core/Src/cartesian.c:680:6:Cartesian_SetXStepsPerMM	16	static
../Core/Src/cartesian.c:686:6:Cartesian_TestMoveX	16	static
../Core/Src/cartesian.c:687:6:Cartesian_TestMoveZ	16	static
../Core/Src/cartesian.c:688:6:Cartesian_TestStopX	8	static
../Core/Src/cartesian.c:689:6:Cartesian_TestStopZ	8	static
../Core/Src/cartesian.c:691:6:Cartesian_TestPump	8	static
../Core/Src/cartesian.c:698:6:Cartesian_TestPickCycle	4	static
../Core/Src/cartesian.c:705:6:Cartesian_TestPickSowCycle	4	static
