../Core/Src/cartesian.c:92:16:X_MM_TO_STEPS	16	static
../Core/Src/cartesian.c:97:16:Z_MM_TO_STEPS	16	static
../Core/Src/cartesian.c:102:13:X_MoveToMM	24	static
../Core/Src/cartesian.c:113:13:Z_MoveToMM	24	static
../Core/Src/cartesian.c:194:17:TIM2_GetClockHz	16	static
../Core/Src/cartesian.c:200:17:TIM5_GetClockHz	16	static
../Core/Src/cartesian.c:208:13:X_StepPWM_SetHz	48	static
../Core/Src/cartesian.c:221:13:Z_StepPWM_SetHz	48	static
../Core/Src/cartesian.c:236:13:X_SetDir	16	static
../Core/Src/cartesian.c:242:13:Z_SetDir	16	static
../Core/Src/cartesian.c:248:13:X_Enable	16	static
../Core/Src/cartesian.c:258:13:Z_Enable	16	static
../Core/Src/cartesian.c:268:13:Pump_Set	16	static
../Core/Src/cartesian.c:275:13:X_Stop	8	static
../Core/Src/cartesian.c:285:13:Z_Stop	8	static
../Core/Src/cartesian.c:295:13:Cartesian_EnableMotors	16	static
../Core/Src/cartesian.c:304:13:X_StartMoveSteps	24	static
../Core/Src/cartesian.c:321:13:Z_MoveFixed	24	static
../Core/Src/cartesian.c:340:13:Z_MoveProfile	32	static
../Core/Src/cartesian.c:362:13:X_MoveProfile	32	static
../Core/Src/cartesian.c:385:13:Delay_Start	16	static
../Core/Src/cartesian.c:392:13:Delay_Done	8	static
../Core/Src/cartesian.c:400:6:Cartesian_PrepareCycleAfterHoming	8	static
../Core/Src/cartesian.c:422:6:Cartesian_ResetSequence	8	static
../Core/Src/cartesian.c:446:6:Cartesian_limit	16	static
../Core/Src/cartesian.c:493:6:Cartesian_StartHoming	8	static
../Core/Src/cartesian.c:522:6:Cartesian_HomingTask	16	static
../Core/Src/cartesian.c:597:6:Cartesian_Task	8	static
../Core/Src/cartesian.c:756:6:Cartesian_OnTimPeriodElapsed	48	static
../Core/Src/cartesian.c:835:6:Cartesian_IsHomingStarted	4	static
../Core/Src/cartesian.c:836:6:Cartesian_IsHomingDone	4	static
../Core/Src/cartesian.c:837:6:Cartesian_IsHomingError	4	static
../Core/Src/cartesian.c:838:6:Cartesian_IsCycleDone	4	static
../Core/Src/cartesian.c:840:16:Cartesian_GetStage	4	static
../Core/Src/cartesian.c:878:6:Cartesian_SetXStepsPerMM	16	static
../Core/Src/cartesian.c:884:6:Cartesian_TestMoveX	16	static
../Core/Src/cartesian.c:885:6:Cartesian_TestMoveZ	16	static
../Core/Src/cartesian.c:886:6:Cartesian_TestStopX	8	static
../Core/Src/cartesian.c:887:6:Cartesian_TestStopZ	8	static
../Core/Src/cartesian.c:889:6:Cartesian_TestPump	8	static
../Core/Src/cartesian.c:896:6:Cartesian_TestPickCycle	4	static
../Core/Src/cartesian.c:903:6:Cartesian_TestPickSowCycle	4	static
