../Core/Src/cartesian.c:135:17:TIM2_GetClockHz	16	static
../Core/Src/cartesian.c:143:17:TIM5_GetClockHz	16	static
../Core/Src/cartesian.c:151:13:X_StepPWM_SetHz	24	static
../Core/Src/cartesian.c:163:13:Z_StepPWM_SetHz	24	static
../Core/Src/cartesian.c:176:13:X_SetDir	16	static
../Core/Src/cartesian.c:182:13:Z_SetDir	16	static
../Core/Src/cartesian.c:190:13:X_Enable	16	static
../Core/Src/cartesian.c:200:13:Z_Enable	16	static
../Core/Src/cartesian.c:212:13:X_Stop	8	static
../Core/Src/cartesian.c:221:13:Z_Stop	8	static
../Core/Src/cartesian.c:234:13:X_StartMoveSteps	24	static
../Core/Src/cartesian.c:257:13:Z_StartMoveSteps	24	static
../Core/Src/cartesian.c:304:6:Cartesian_ResetSequence	8	static
../Core/Src/cartesian.c:321:6:Cartesian_limit	16	static
../Core/Src/cartesian.c:341:6:Cartesian_StartHoming	8	static
../Core/Src/cartesian.c:376:6:Cartesian_HomingTask	16	static
../Core/Src/cartesian.c:457:6:Cartesian_IsHomingDone	4	static
../Core/Src/cartesian.c:486:6:Cartesian_OnTimPeriodElapsed	32	static
../Core/Src/cartesian.c:543:13:MeasureAndMoveX	32	static
../Core/Src/cartesian.c:572:6:Cartesian_Task	8	static
../Core/Src/cartesian.c:664:6:Cartesian_IsCycleDone	4	static
../Core/Src/cartesian.c:669:6:Cartesian_SetXStepsPerMM	16	static
../Core/Src/cartesian.c:674:6:Cartesian_SetXRefCm	16	static
../Core/Src/cartesian.c:679:6:Cartesian_IsBusy	4	static
