../Core/Src/comm.c:51:16:calc_chk	24	static
../Core/Src/comm.c:59:13:send_frame	56	static
../Core/Src/comm.c:73:13:handle_frame	16	static
../Core/Src/comm.c:116:13:process_byte	32	static
../Core/Src/comm.c:154:6:Comm_Init	8	static
../Core/Src/comm.c:161:6:Comm_Rasp_RxCallback	16	static
../Core/Src/comm.c:170:10:Comm_GetSsf	4	static
../Core/Src/comm.c:171:10:Comm_SetSsf	16	static
../Core/Src/comm.c:172:10:Comm_GetSmf	4	static
../Core/Src/comm.c:173:10:Comm_SetSmf	16	static
../Core/Src/comm.c:174:10:Comm_GetCrf	4	static
../Core/Src/comm.c:175:10:Comm_SetCrf	16	static
../Core/Src/comm.c:176:10:Comm_GetUv	4	static
../Core/Src/comm.c:177:10:Comm_SetUv	16	static
../Core/Src/comm.c:178:10:Comm_GetUlf	4	static
../Core/Src/comm.c:179:10:Comm_SetUlf	16	static
../Core/Src/comm.c:180:10:Comm_GetUrf	4	static
../Core/Src/comm.c:181:10:Comm_SetUrf	16	static
../Core/Src/comm.c:182:11:Comm_GetWcnt	4	static
../Core/Src/comm.c:183:10:Comm_SetWcnt	16	static
../Core/Src/comm.c:184:10:Comm_GetWlf	4	static
../Core/Src/comm.c:185:10:Comm_SetWlf	16	static
../Core/Src/comm.c:186:10:Comm_GetWrf	4	static
../Core/Src/comm.c:187:10:Comm_SetWrf	16	static
../Core/Src/comm.c:188:10:Comm_GetFf	4	static
../Core/Src/comm.c:189:10:Comm_SetFf	16	static
../Core/Src/comm.c:190:10:Comm_GetUef	4	static
../Core/Src/comm.c:191:10:Comm_SetUef	16	static
../Core/Src/comm.c:192:10:Comm_GetWef	4	static
../Core/Src/comm.c:193:10:Comm_SetWef	16	static
../Core/Src/comm.c:194:10:Comm_GetHf	4	static
../Core/Src/comm.c:195:10:Comm_SetHf	16	static
../Core/Src/comm.c:196:10:Comm_GetC1f	4	static
../Core/Src/comm.c:197:10:Comm_SetC1f	16	static
../Core/Src/comm.c:198:10:Comm_GetC2f	4	static
../Core/Src/comm.c:199:10:Comm_SetC2f	16	static
../Core/Src/comm.c:201:6:Comm_IsEstop	4	static
../Core/Src/comm.c:202:6:Comm_ClearEstop	4	static
../Core/Src/comm.c:203:6:Comm_IsReset	4	static
../Core/Src/comm.c:204:6:Comm_ClearReset	4	static
../Core/Src/comm.c:205:6:Comm_IsCam1Detected	4	static
../Core/Src/comm.c:206:6:Comm_ClearCam1Detected	4	static
../Core/Src/comm.c:208:6:Comm_ClearAllFlags	4	static
../Core/Src/comm.c:232:6:Comm_SendState	24	static
../Core/Src/comm.c:238:6:Comm_SendDone	24	static
../Core/Src/comm.c:244:6:Comm_SendError	24	static
../Core/Src/comm.c:251:6:Comm_SendFlag	24	static
../Core/Src/comm.c:258:6:Comm_SendFlag16	24	static
../Core/Src/comm.c:265:6:Comm_SetStartFlag	4	static
