../Core/Src/first_convey.c:17:17:TIM3_GetClockHz	16	static
../Core/Src/first_convey.c:23:13:StepPWM_SetHz	24	static
../Core/Src/first_convey.c:38:13:Motor_SetDir	16	static
../Core/Src/first_convey.c:42:13:Motor_Enable	16	static
../Core/Src/first_convey.c:46:13:Motor_Start	16	static
../Core/Src/first_convey.c:51:13:Motor_Stop	8	static
../Core/Src/first_convey.c:56:13:Conveyor_Run	8	static
../Core/Src/first_convey.c:74:6:FirstConvey_Reset	8	static
../Core/Src/first_convey.c:81:13:Conveyor_Stop	4	static
../Core/Src/first_convey.c:85:6:FirstConvey_Task	8	static
../Core/Src/first_convey.c:91:6:FirstConvey_IsStopped	4	static
