../Core/Src/first_convey.c:16:17:TIM3_GetClockHz	16	static
../Core/Src/first_convey.c:22:13:StepPWM_SetHz	24	static
../Core/Src/first_convey.c:37:13:Motor_SetDir	16	static
../Core/Src/first_convey.c:41:13:Motor_Enable	16	static
../Core/Src/first_convey.c:45:13:Motor_Start	16	static
../Core/Src/first_convey.c:50:13:Motor_Stop	8	static
../Core/Src/first_convey.c:55:13:Conveyor_Run	8	static
../Core/Src/first_convey.c:74:13:Conveyor_Stop	136	static
../Core/Src/first_convey.c:92:6:FirstConvey_Task	8	static
