../Core/Src/main.c:83:5:main	8	static
../Core/Src/main.c:196:6:SystemClock_Config	88	static
../Core/Src/main.c:238:13:MX_ADC1_Init	24	static
../Core/Src/main.c:290:13:MX_TIM2_Init	64	static
../Core/Src/main.c:349:13:MX_TIM3_Init	64	static
../Core/Src/main.c:408:13:MX_TIM5_Init	48	static
../Core/Src/main.c:457:13:MX_USART1_UART_Init	8	static
../Core/Src/main.c:490:13:MX_USART2_UART_Init	8	static
../Core/Src/main.c:523:13:MX_GPIO_Init	40	static
../Core/Src/main.c:580:6:HAL_TIM_PeriodElapsedCallback	16	static
../Core/Src/main.c:590:6:HAL_GPIO_EXTI_Callback	24	static
../Core/Src/main.c:609:6:HAL_UART_RxCpltCallback	16	static
../Core/Src/main.c:626:6:Error_Handler	4	static,ignoring_inline_asm
