../Core/Src/main.c:80:5:main	5
../Core/Src/main.c:159:6:SystemClock_Config	3
../Core/Src/main.c:201:13:MX_ADC1_Init	3
../Core/Src/main.c:253:13:MX_TIM2_Init	6
../Core/Src/main.c:312:13:MX_TIM3_Init	6
../Core/Src/main.c:371:13:MX_TIM5_Init	4
../Core/Src/main.c:420:13:MX_USART2_UART_Init	2
../Core/Src/main.c:453:13:MX_GPIO_Init	1
../Core/Src/main.c:510:6:HAL_TIM_PeriodElapsedCallback	1
../Core/Src/main.c:515:6:HAL_GPIO_EXTI_Callback	1
../Core/Src/main.c:520:6:HAL_UART_RxCpltCallback	2
../Core/Src/main.c:532:6:Error_Handler	1
