../Core/Src/main.c:83:5:main	1
../Core/Src/main.c:196:6:SystemClock_Config	3
../Core/Src/main.c:238:13:MX_ADC1_Init	3
../Core/Src/main.c:290:13:MX_TIM2_Init	6
../Core/Src/main.c:349:13:MX_TIM3_Init	6
../Core/Src/main.c:408:13:MX_TIM5_Init	4
../Core/Src/main.c:457:13:MX_USART1_UART_Init	2
../Core/Src/main.c:490:13:MX_USART2_UART_Init	2
../Core/Src/main.c:523:13:MX_GPIO_Init	1
../Core/Src/main.c:580:6:HAL_TIM_PeriodElapsedCallback	1
../Core/Src/main.c:590:6:HAL_GPIO_EXTI_Callback	5
../Core/Src/main.c:609:6:HAL_UART_RxCpltCallback	2
../Core/Src/main.c:626:6:Error_Handler	1
