../Core/Src/main.c:78:5:main	8	static
../Core/Src/main.c:140:6:SystemClock_Config	88	static
../Core/Src/main.c:182:13:MX_TIM2_Init	64	static
../Core/Src/main.c:241:13:MX_TIM3_Init	64	static
../Core/Src/main.c:300:13:MX_TIM5_Init	48	static
../Core/Src/main.c:349:13:MX_USART2_UART_Init	8	static
../Core/Src/main.c:382:13:MX_GPIO_Init	40	static
../Core/Src/main.c:439:6:HAL_TIM_PeriodElapsedCallback	16	static
../Core/Src/main.c:449:6:HAL_GPIO_EXTI_Callback	24	static
../Core/Src/main.c:468:6:HAL_UART_RxCpltCallback	16	static
../Core/Src/main.c:484:6:Error_Handler	4	static,ignoring_inline_asm
