00:20:13 **** Incremental Build of configuration Debug for project Cartesian_Robot ****
make -j8 all 
arm-none-eabi-gcc "../Core/Src/sensor.c" -mcpu=cortex-m4 -std=gnu11 -g3 -DDEBUG -DUSE_HAL_DRIVER -DSTM32F446xx -c -I../Core/Inc -I../Drivers/STM32F4xx_HAL_Driver/Inc -I../Drivers/STM32F4xx_HAL_Driver/Inc/Legacy -I../Drivers/CMSIS/Device/ST/STM32F4xx/Include -I../Drivers/CMSIS/Include -O0 -ffunction-sections -fdata-sections -Wall -fstack-usage -fcyclomatic-complexity -MMD -MP -MF"Core/Src/sensor.d" -MT"Core/Src/sensor.o" --specs=nano.specs -mfpu=fpv4-sp-d16 -mfloat-abi=hard -mthumb -o "Core/Src/sensor.o"
arm-none-eabi-gcc -o "Cartesian_Robot.elf" @"objects.list"   -mcpu=cortex-m4 -T"C:\Users\lthst\Desktop\aquaponics\Automated-Aquaponics-System\first_convey\Cartesian_Robot\STM32F446RETX_FLASH.ld" --specs=nosys.specs -Wl,-Map="Cartesian_Robot.map" -Wl,--gc-sections -static --specs=nano.specs -mfpu=fpv4-sp-d16 -mfloat-abi=hard -mthumb -Wl,--start-group -lc -lm -Wl,--end-group
Finished building target: Cartesian_Robot.elf
 
arm-none-eabi-size  Cartesian_Robot.elf 
arm-none-eabi-objdump -h -S Cartesian_Robot.elf  > "Cartesian_Robot.list"
   text	   data	    bss	    dec	    hex	filename
  19844	     92	   2124	  22060	   562c	Cartesian_Robot.elf
Finished building: default.size.stdout
 
Finished building: Cartesian_Robot.list
 
01:19:19 **** Incremental Build of configuration Debug for project Cartesian_Robot ****
make -j8 all 
arm-none-eabi-size  Cartesian_Robot.elf 
   text	   data	    bss	    dec	    hex	filename
  19844	     92	   2124	  22060	   562c	Cartesian_Robot.elf
Finished building: default.size.stdout
 
01:23:49 **** Incremental Build of configuration Debug for project Cartesian_Robot ****
make -j8 all 
arm-none-eabi-size  Cartesian_Robot.elf 
   text	   data	    bss	    dec	    hex	filename
  19844	     92	   2124	  22060	   562c	Cartesian_Robot.elf
Finished building: default.size.stdout
 
01:28:25 **** Incremental Build of configuration Debug for project Cartesian_Robot ****
make -j8 all 
arm-none-eabi-gcc "../Core/Src/sensor.c" -mcpu=cortex-m4 -std=gnu11 -g3 -DDEBUG -DUSE_HAL_DRIVER -DSTM32F446xx -c -I../Core/Inc -I../Drivers/STM32F4xx_HAL_Driver/Inc -I../Drivers/STM32F4xx_HAL_Driver/Inc/Legacy -I../Drivers/CMSIS/Device/ST/STM32F4xx/Include -I../Drivers/CMSIS/Include -O0 -ffunction-sections -fdata-sections -Wall -fstack-usage -fcyclomatic-complexity -MMD -MP -MF"Core/Src/sensor.d" -MT"Core/Src/sensor.o" --specs=nano.specs -mfpu=fpv4-sp-d16 -mfloat-abi=hard -mthumb -o "Core/Src/sensor.o"
arm-none-eabi-gcc -o "Cartesian_Robot.elf" @"objects.list"   -mcpu=cortex-m4 -T"C:\Users\lthst\Desktop\aquaponics\Automated-Aquaponics-System\first_convey\Cartesian_Robot\STM32F446RETX_FLASH.ld" --specs=nosys.specs -Wl,-Map="Cartesian_Robot.map" -Wl,--gc-sections -static --specs=nano.specs -mfpu=fpv4-sp-d16 -mfloat-abi=hard -mthumb -Wl,--start-group -lc -lm -Wl,--end-group
Finished building target: Cartesian_Robot.elf
 
arm-none-eabi-size  Cartesian_Robot.elf 
arm-none-eabi-objdump -h -S Cartesian_Robot.elf  > "Cartesian_Robot.list"
   text	   data	    bss	    dec	    hex	filename
  19780	     92	   2124	  21996	   55ec	Cartesian_Robot.elf
Finished building: default.size.stdout
 
Finished building: Cartesian_Robot.list
 
01:31:36 **** Incremental Build of configuration Debug for project Cartesian_Robot ****
make -j8 all 
arm-none-eabi-gcc "../Core/Src/sensor.c" -mcpu=cortex-m4 -std=gnu11 -g3 -DDEBUG -DUSE_HAL_DRIVER -DSTM32F446xx -c -I../Core/Inc -I../Drivers/STM32F4xx_HAL_Driver/Inc -I../Drivers/STM32F4xx_HAL_Driver/Inc/Legacy -I../Drivers/CMSIS/Device/ST/STM32F4xx/Include -I../Drivers/CMSIS/Include -O0 -ffunction-sections -fdata-sections -Wall -fstack-usage -fcyclomatic-complexity -MMD -MP -MF"Core/Src/sensor.d" -MT"Core/Src/sensor.o" --specs=nano.specs -mfpu=fpv4-sp-d16 -mfloat-abi=hard -mthumb -o "Core/Src/sensor.o"
arm-none-eabi-gcc -o "Cartesian_Robot.elf" @"objects.list"   -mcpu=cortex-m4 -T"C:\Users\lthst\Desktop\aquaponics\Automated-Aquaponics-System\first_convey\Cartesian_Robot\STM32F446RETX_FLASH.ld" --specs=nosys.specs -Wl,-Map="Cartesian_Robot.map" -Wl,--gc-sections -static --specs=nano.specs -mfpu=fpv4-sp-d16 -mfloat-abi=hard -mthumb -Wl,--start-group -lc -lm -Wl,--end-group
Finished building target: Cartesian_Robot.elf
 
arm-none-eabi-size  Cartesian_Robot.elf 
arm-none-eabi-objdump -h -S Cartesian_Robot.elf  > "Cartesian_Robot.list"
   text	   data	    bss	    dec	    hex	filename
  19844	     92	   2124	  22060	   562c	Cartesian_Robot.elf
Finished building: default.size.stdout
 
Finished building: Cartesian_Robot.list
 
01:32:17 **** Incremental Build of configuration Debug for project Cartesian_Robot ****
make -j8 all 
arm-none-eabi-gcc "../Core/Src/sensor.c" -mcpu=cortex-m4 -std=gnu11 -g3 -DDEBUG -DUSE_HAL_DRIVER -DSTM32F446xx -c -I../Core/Inc -I../Drivers/STM32F4xx_HAL_Driver/Inc -I../Drivers/STM32F4xx_HAL_Driver/Inc/Legacy -I../Drivers/CMSIS/Device/ST/STM32F4xx/Include -I../Drivers/CMSIS/Include -O0 -ffunction-sections -fdata-sections -Wall -fstack-usage -fcyclomatic-complexity -MMD -MP -MF"Core/Src/sensor.d" -MT"Core/Src/sensor.o" --specs=nano.specs -mfpu=fpv4-sp-d16 -mfloat-abi=hard -mthumb -o "Core/Src/sensor.o"
arm-none-eabi-gcc -o "Cartesian_Robot.elf" @"objects.list"   -mcpu=cortex-m4 -T"C:\Users\lthst\Desktop\aquaponics\Automated-Aquaponics-System\first_convey\Cartesian_Robot\STM32F446RETX_FLASH.ld" --specs=nosys.specs -Wl,-Map="Cartesian_Robot.map" -Wl,--gc-sections -static --specs=nano.specs -mfpu=fpv4-sp-d16 -mfloat-abi=hard -mthumb -Wl,--start-group -lc -lm -Wl,--end-group
Finished building target: Cartesian_Robot.elf
 
arm-none-eabi-size  Cartesian_Robot.elf 
arm-none-eabi-objdump -h -S Cartesian_Robot.elf  > "Cartesian_Robot.list"
   text	   data	    bss	    dec	    hex	filename
  19844	     92	   2124	  22060	   562c	Cartesian_Robot.elf
Finished building: default.size.stdout
 
Finished building: Cartesian_Robot.list
 
01:37:30 **** Incremental Build of configuration Debug for project Cartesian_Robot ****
make -j8 all 
arm-none-eabi-gcc "../Core/Src/sensor.c" -mcpu=cortex-m4 -std=gnu11 -g3 -DDEBUG -DUSE_HAL_DRIVER -DSTM32F446xx -c -I../Core/Inc -I../Drivers/STM32F4xx_HAL_Driver/Inc -I../Drivers/STM32F4xx_HAL_Driver/Inc/Legacy -I../Drivers/CMSIS/Device/ST/STM32F4xx/Include -I../Drivers/CMSIS/Include -O0 -ffunction-sections -fdata-sections -Wall -fstack-usage -fcyclomatic-complexity -MMD -MP -MF"Core/Src/sensor.d" -MT"Core/Src/sensor.o" --specs=nano.specs -mfpu=fpv4-sp-d16 -mfloat-abi=hard -mthumb -o "Core/Src/sensor.o"
arm-none-eabi-gcc -o "Cartesian_Robot.elf" @"objects.list"   -mcpu=cortex-m4 -T"C:\Users\lthst\Desktop\aquaponics\Automated-Aquaponics-System\first_convey\Cartesian_Robot\STM32F446RETX_FLASH.ld" --specs=nosys.specs -Wl,-Map="Cartesian_Robot.map" -Wl,--gc-sections -static --specs=nano.specs -mfpu=fpv4-sp-d16 -mfloat-abi=hard -mthumb -Wl,--start-group -lc -lm -Wl,--end-group
Finished building target: Cartesian_Robot.elf
 
arm-none-eabi-size  Cartesian_Robot.elf 
arm-none-eabi-objdump -h -S Cartesian_Robot.elf  > "Cartesian_Robot.list"
   text	   data	    bss	    dec	    hex	filename
  19844	     92	   2124	  22060	   562c	Cartesian_Robot.elf
Finished building: default.size.stdout
 
Finished building: Cartesian_Robot.list
 
01:38:03 **** Incremental Build of configuration Debug for project Cartesian_Robot ****
make -j8 all 
arm-none-eabi-gcc "../Core/Src/sensor.c" -mcpu=cortex-m4 -std=gnu11 -g3 -DDEBUG -DUSE_HAL_DRIVER -DSTM32F446xx -c -I../Core/Inc -I../Drivers/STM32F4xx_HAL_Driver/Inc -I../Drivers/STM32F4xx_HAL_Driver/Inc/Legacy -I../Drivers/CMSIS/Device/ST/STM32F4xx/Include -I../Drivers/CMSIS/Include -O0 -ffunction-sections -fdata-sections -Wall -fstack-usage -fcyclomatic-complexity -MMD -MP -MF"Core/Src/sensor.d" -MT"Core/Src/sensor.o" --specs=nano.specs -mfpu=fpv4-sp-d16 -mfloat-abi=hard -mthumb -o "Core/Src/sensor.o"
arm-none-eabi-gcc -o "Cartesian_Robot.elf" @"objects.list"   -mcpu=cortex-m4 -T"C:\Users\lthst\Desktop\aquaponics\Automated-Aquaponics-System\first_convey\Cartesian_Robot\STM32F446RETX_FLASH.ld" --specs=nosys.specs -Wl,-Map="Cartesian_Robot.map" -Wl,--gc-sections -static --specs=nano.specs -mfpu=fpv4-sp-d16 -mfloat-abi=hard -mthumb -Wl,--start-group -lc -lm -Wl,--end-group
Finished building target: Cartesian_Robot.elf
 
arm-none-eabi-size  Cartesian_Robot.elf 
arm-none-eabi-objdump -h -S Cartesian_Robot.elf  > "Cartesian_Robot.list"
   text	   data	    bss	    dec	    hex	filename
  19844	     92	   2124	  22060	   562c	Cartesian_Robot.elf
Finished building: default.size.stdout
 
Finished building: Cartesian_Robot.list
 
01:38:37 **** Incremental Build of configuration Debug for project Cartesian_Robot ****
make -j8 all 
arm-none-eabi-gcc "../Core/Src/sensor.c" -mcpu=cortex-m4 -std=gnu11 -g3 -DDEBUG -DUSE_HAL_DRIVER -DSTM32F446xx -c -I../Core/Inc -I../Drivers/STM32F4xx_HAL_Driver/Inc -I../Drivers/STM32F4xx_HAL_Driver/Inc/Legacy -I../Drivers/CMSIS/Device/ST/STM32F4xx/Include -I../Drivers/CMSIS/Include -O0 -ffunction-sections -fdata-sections -Wall -fstack-usage -fcyclomatic-complexity -MMD -MP -MF"Core/Src/sensor.d" -MT"Core/Src/sensor.o" --specs=nano.specs -mfpu=fpv4-sp-d16 -mfloat-abi=hard -mthumb -o "Core/Src/sensor.o"
arm-none-eabi-gcc -o "Cartesian_Robot.elf" @"objects.list"   -mcpu=cortex-m4 -T"C:\Users\lthst\Desktop\aquaponics\Automated-Aquaponics-System\first_convey\Cartesian_Robot\STM32F446RETX_FLASH.ld" --specs=nosys.specs -Wl,-Map="Cartesian_Robot.map" -Wl,--gc-sections -static --specs=nano.specs -mfpu=fpv4-sp-d16 -mfloat-abi=hard -mthumb -Wl,--start-group -lc -lm -Wl,--end-group
Finished building target: Cartesian_Robot.elf
 
arm-none-eabi-size  Cartesian_Robot.elf 
arm-none-eabi-objdump -h -S Cartesian_Robot.elf  > "Cartesian_Robot.list"
   text	   data	    bss	    dec	    hex	filename
  19844	     92	   2124	  22060	   562c	Cartesian_Robot.elf
Finished building: default.size.stdout
 
Finished building: Cartesian_Robot.list
 
01:39:12 **** Incremental Build of configuration Debug for project Cartesian_Robot ****
make -j8 all 
arm-none-eabi-gcc "../Core/Src/sensor.c" -mcpu=cortex-m4 -std=gnu11 -g3 -DDEBUG -DUSE_HAL_DRIVER -DSTM32F446xx -c -I../Core/Inc -I../Drivers/STM32F4xx_HAL_Driver/Inc -I../Drivers/STM32F4xx_HAL_Driver/Inc/Legacy -I../Drivers/CMSIS/Device/ST/STM32F4xx/Include -I../Drivers/CMSIS/Include -O0 -ffunction-sections -fdata-sections -Wall -fstack-usage -fcyclomatic-complexity -MMD -MP -MF"Core/Src/sensor.d" -MT"Core/Src/sensor.o" --specs=nano.specs -mfpu=fpv4-sp-d16 -mfloat-abi=hard -mthumb -o "Core/Src/sensor.o"
arm-none-eabi-gcc -o "Cartesian_Robot.elf" @"objects.list"   -mcpu=cortex-m4 -T"C:\Users\lthst\Desktop\aquaponics\Automated-Aquaponics-System\first_convey\Cartesian_Robot\STM32F446RETX_FLASH.ld" --specs=nosys.specs -Wl,-Map="Cartesian_Robot.map" -Wl,--gc-sections -static --specs=nano.specs -mfpu=fpv4-sp-d16 -mfloat-abi=hard -mthumb -Wl,--start-group -lc -lm -Wl,--end-group
Finished building target: Cartesian_Robot.elf
 
arm-none-eabi-size  Cartesian_Robot.elf 
arm-none-eabi-objdump -h -S Cartesian_Robot.elf  > "Cartesian_Robot.list"
   text	   data	    bss	    dec	    hex	filename
  19844	     92	   2124	  22060	   562c	Cartesian_Robot.elf
Finished building: default.size.stdout
 
Finished building: Cartesian_Robot.list
 
01:40:01 **** Incremental Build of configuration Debug for project Cartesian_Robot ****
make -j8 all 
arm-none-eabi-gcc "../Core/Src/sensor.c" -mcpu=cortex-m4 -std=gnu11 -g3 -DDEBUG -DUSE_HAL_DRIVER -DSTM32F446xx -c -I../Core/Inc -I../Drivers/STM32F4xx_HAL_Driver/Inc -I../Drivers/STM32F4xx_HAL_Driver/Inc/Legacy -I../Drivers/CMSIS/Device/ST/STM32F4xx/Include -I../Drivers/CMSIS/Include -O0 -ffunction-sections -fdata-sections -Wall -fstack-usage -fcyclomatic-complexity -MMD -MP -MF"Core/Src/sensor.d" -MT"Core/Src/sensor.o" --specs=nano.specs -mfpu=fpv4-sp-d16 -mfloat-abi=hard -mthumb -o "Core/Src/sensor.o"
arm-none-eabi-gcc -o "Cartesian_Robot.elf" @"objects.list"   -mcpu=cortex-m4 -T"C:\Users\lthst\Desktop\aquaponics\Automated-Aquaponics-System\first_convey\Cartesian_Robot\STM32F446RETX_FLASH.ld" --specs=nosys.specs -Wl,-Map="Cartesian_Robot.map" -Wl,--gc-sections -static --specs=nano.specs -mfpu=fpv4-sp-d16 -mfloat-abi=hard -mthumb -Wl,--start-group -lc -lm -Wl,--end-group
Finished building target: Cartesian_Robot.elf
 
arm-none-eabi-size  Cartesian_Robot.elf 
arm-none-eabi-objdump -h -S Cartesian_Robot.elf  > "Cartesian_Robot.list"
   text	   data	    bss	    dec	    hex	filename
  19844	     92	   2124	  22060	   562c	Cartesian_Robot.elf
Finished building: default.size.stdout
 
Finished building: Cartesian_Robot.list
 
01:42:48 **** Incremental Build of configuration Debug for project Cartesian_Robot ****
make -j8 all 
arm-none-eabi-gcc "../Core/Src/sensor.c" -mcpu=cortex-m4 -std=gnu11 -g3 -DDEBUG -DUSE_HAL_DRIVER -DSTM32F446xx -c -I../Core/Inc -I../Drivers/STM32F4xx_HAL_Driver/Inc -I../Drivers/STM32F4xx_HAL_Driver/Inc/Legacy -I../Drivers/CMSIS/Device/ST/STM32F4xx/Include -I../Drivers/CMSIS/Include -O0 -ffunction-sections -fdata-sections -Wall -fstack-usage -fcyclomatic-complexity -MMD -MP -MF"Core/Src/sensor.d" -MT"Core/Src/sensor.o" --specs=nano.specs -mfpu=fpv4-sp-d16 -mfloat-abi=hard -mthumb -o "Core/Src/sensor.o"
arm-none-eabi-gcc -o "Cartesian_Robot.elf" @"objects.list"   -mcpu=cortex-m4 -T"C:\Users\lthst\Desktop\aquaponics\Automated-Aquaponics-System\first_convey\Cartesian_Robot\STM32F446RETX_FLASH.ld" --specs=nosys.specs -Wl,-Map="Cartesian_Robot.map" -Wl,--gc-sections -static --specs=nano.specs -mfpu=fpv4-sp-d16 -mfloat-abi=hard -mthumb -Wl,--start-group -lc -lm -Wl,--end-group
Finished building target: Cartesian_Robot.elf
 
arm-none-eabi-size  Cartesian_Robot.elf 
arm-none-eabi-objdump -h -S Cartesian_Robot.elf  > "Cartesian_Robot.list"
   text	   data	    bss	    dec	    hex	filename
  19844	     92	   2124	  22060	   562c	Cartesian_Robot.elf
Finished building: default.size.stdout
 
Finished building: Cartesian_Robot.list
 
01:43:35 **** Incremental Build of configuration Debug for project Cartesian_Robot ****
make -j8 all 
arm-none-eabi-gcc "../Core/Src/main.c" -mcpu=cortex-m4 -std=gnu11 -g3 -DDEBUG -DUSE_HAL_DRIVER -DSTM32F446xx -c -I../Core/Inc -I../Drivers/STM32F4xx_HAL_Driver/Inc -I../Drivers/STM32F4xx_HAL_Driver/Inc/Legacy -I../Drivers/CMSIS/Device/ST/STM32F4xx/Include -I../Drivers/CMSIS/Include -O0 -ffunction-sections -fdata-sections -Wall -fstack-usage -fcyclomatic-complexity -MMD -MP -MF"Core/Src/main.d" -MT"Core/Src/main.o" --specs=nano.specs -mfpu=fpv4-sp-d16 -mfloat-abi=hard -mthumb -o "Core/Src/main.o"
arm-none-eabi-gcc -o "Cartesian_Robot.elf" @"objects.list"   -mcpu=cortex-m4 -T"C:\Users\lthst\Desktop\aquaponics\Automated-Aquaponics-System\first_convey\Cartesian_Robot\STM32F446RETX_FLASH.ld" --specs=nosys.specs -Wl,-Map="Cartesian_Robot.map" -Wl,--gc-sections -static --specs=nano.specs -mfpu=fpv4-sp-d16 -mfloat-abi=hard -mthumb -Wl,--start-group -lc -lm -Wl,--end-group
Finished building target: Cartesian_Robot.elf
 
arm-none-eabi-size  Cartesian_Robot.elf 
arm-none-eabi-objdump -h -S Cartesian_Robot.elf  > "Cartesian_Robot.list"
   text	   data	    bss	    dec	    hex	filename
  19844	     92	   2124	  22060	   562c	Cartesian_Robot.elf
Finished building: default.size.stdout
 
Finished building: Cartesian_Robot.list
 
