[0.978s] Invoking command in '/home/thumb/smartfarm_ws/src/smartfarm_master': DEBUGINFOD_URLS=https://debuginfod.ubuntu.com PYTHONPATH=/home/thumb/smartfarm_ws/build/smartfarm_master/prefix_override:/usr/lib/python3/dist-packages/colcon_core/task/python/colcon_distutils_commands:/home/thumb/smartfarm_ws/install/smartfarm_master/lib/python3.12/site-packages:${PYTHONPATH} /usr/bin/python3 -W ignore:setup.py install is deprecated -W ignore:easy_install command is deprecated setup.py egg_info --egg-base ../../build/smartfarm_master build --build-base /home/thumb/smartfarm_ws/build/smartfarm_master/build install --record /home/thumb/smartfarm_ws/build/smartfarm_master/install.log --single-version-externally-managed install_data
[1.260s] running egg_info
[1.260s] creating ../../build/smartfarm_master/smartfarm_master.egg-info
[1.283s] writing ../../build/smartfarm_master/smartfarm_master.egg-info/PKG-INFO
[1.283s] writing dependency_links to ../../build/smartfarm_master/smartfarm_master.egg-info/dependency_links.txt
[1.283s] writing entry points to ../../build/smartfarm_master/smartfarm_master.egg-info/entry_points.txt
[1.283s] writing requirements to ../../build/smartfarm_master/smartfarm_master.egg-info/requires.txt
[1.283s] writing top-level names to ../../build/smartfarm_master/smartfarm_master.egg-info/top_level.txt
[1.283s] writing manifest file '../../build/smartfarm_master/smartfarm_master.egg-info/SOURCES.txt'
[1.331s] reading manifest file '../../build/smartfarm_master/smartfarm_master.egg-info/SOURCES.txt'
[1.331s] writing manifest file '../../build/smartfarm_master/smartfarm_master.egg-info/SOURCES.txt'
[1.331s] running build
[1.331s] running build_py
[1.332s] creating /home/thumb/smartfarm_ws/build/smartfarm_master/build
[1.332s] creating /home/thumb/smartfarm_ws/build/smartfarm_master/build/lib
[1.332s] creating /home/thumb/smartfarm_ws/build/smartfarm_master/build/lib/smartfarm_master
[1.332s] copying smartfarm_master/__init__.py -> /home/thumb/smartfarm_ws/build/smartfarm_master/build/lib/smartfarm_master
[1.332s] copying smartfarm_master/monitor_node.py -> /home/thumb/smartfarm_ws/build/smartfarm_master/build/lib/smartfarm_master
[1.332s] copying smartfarm_master/master_node.py -> /home/thumb/smartfarm_ws/build/smartfarm_master/build/lib/smartfarm_master
[1.332s] running install
[1.338s] running install_lib
[1.362s] creating /home/thumb/smartfarm_ws/install/smartfarm_master/lib/python3.12/site-packages/smartfarm_master
[1.362s] copying /home/thumb/smartfarm_ws/build/smartfarm_master/build/lib/smartfarm_master/__init__.py -> /home/thumb/smartfarm_ws/install/smartfarm_master/lib/python3.12/site-packages/smartfarm_master
[1.362s] copying /home/thumb/smartfarm_ws/build/smartfarm_master/build/lib/smartfarm_master/monitor_node.py -> /home/thumb/smartfarm_ws/install/smartfarm_master/lib/python3.12/site-packages/smartfarm_master
[1.362s] copying /home/thumb/smartfarm_ws/build/smartfarm_master/build/lib/smartfarm_master/master_node.py -> /home/thumb/smartfarm_ws/install/smartfarm_master/lib/python3.12/site-packages/smartfarm_master
[1.362s] byte-compiling /home/thumb/smartfarm_ws/install/smartfarm_master/lib/python3.12/site-packages/smartfarm_master/__init__.py to __init__.cpython-312.pyc
[1.363s] byte-compiling /home/thumb/smartfarm_ws/install/smartfarm_master/lib/python3.12/site-packages/smartfarm_master/monitor_node.py to monitor_node.cpython-312.pyc
[1.365s] byte-compiling /home/thumb/smartfarm_ws/install/smartfarm_master/lib/python3.12/site-packages/smartfarm_master/master_node.py to master_node.cpython-312.pyc
[1.366s] running install_data
[1.366s] creating /home/thumb/smartfarm_ws/install/smartfarm_master/share/ament_index
[1.366s] creating /home/thumb/smartfarm_ws/install/smartfarm_master/share/ament_index/resource_index
[1.366s] creating /home/thumb/smartfarm_ws/install/smartfarm_master/share/ament_index/resource_index/packages
[1.366s] copying resource/smartfarm_master -> /home/thumb/smartfarm_ws/install/smartfarm_master/share/ament_index/resource_index/packages
[1.366s] copying package.xml -> /home/thumb/smartfarm_ws/install/smartfarm_master/share/smartfarm_master
[1.366s] running install_egg_info
[1.393s] Copying ../../build/smartfarm_master/smartfarm_master.egg-info to /home/thumb/smartfarm_ws/install/smartfarm_master/lib/python3.12/site-packages/smartfarm_master-0.0.0-py3.12.egg-info
[1.393s] running install_scripts
[1.552s] Installing master_node script to /home/thumb/smartfarm_ws/install/smartfarm_master/lib/smartfarm_master
[1.552s] Installing monitor_node script to /home/thumb/smartfarm_ws/install/smartfarm_master/lib/smartfarm_master
[1.552s] writing list of installed files to '/home/thumb/smartfarm_ws/build/smartfarm_master/install.log'
[1.583s] Invoked command in '/home/thumb/smartfarm_ws/src/smartfarm_master' returned '0': DEBUGINFOD_URLS=https://debuginfod.ubuntu.com PYTHONPATH=/home/thumb/smartfarm_ws/build/smartfarm_master/prefix_override:/usr/lib/python3/dist-packages/colcon_core/task/python/colcon_distutils_commands:/home/thumb/smartfarm_ws/install/smartfarm_master/lib/python3.12/site-packages:${PYTHONPATH} /usr/bin/python3 -W ignore:setup.py install is deprecated -W ignore:easy_install command is deprecated setup.py egg_info --egg-base ../../build/smartfarm_master build --build-base /home/thumb/smartfarm_ws/build/smartfarm_master/build install --record /home/thumb/smartfarm_ws/build/smartfarm_master/install.log --single-version-externally-managed install_data
