Archive member included to satisfy reference by file (symbol)

C:/ST/STM32CubeIDE_1.18.0/STM32CubeIDE/plugins/com.st.stm32cube.ide.mcu.externaltools.gnu-tools-for-stm32.13.3.rel1.win32_1.0.0.202411081344/tools/bin/../lib/gcc/arm-none-eabi/13.3.1/../../../../arm-none-eabi/lib/thumb/v7e-m+fp/hard\libc_nano.a(libc_a-exit.o)
                              C:/ST/STM32CubeIDE_1.18.0/STM32CubeIDE/plugins/com.st.stm32cube.ide.mcu.externaltools.gnu-tools-for-stm32.13.3.rel1.win32_1.0.0.202411081344/tools/bin/../lib/gcc/arm-none-eabi/13.3.1/../../../../arm-none-eabi/lib/thumb/v7e-m+fp/hard/crt0.o (exit)
C:/ST/STM32CubeIDE_1.18.0/STM32CubeIDE/plugins/com.st.stm32cube.ide.mcu.externaltools.gnu-tools-for-stm32.13.3.rel1.win32_1.0.0.202411081344/tools/bin/../lib/gcc/arm-none-eabi/13.3.1/../../../../arm-none-eabi/lib/thumb/v7e-m+fp/hard\libc_nano.a(libc_a-findfp.o)
                              C:/ST/STM32CubeIDE_1.18.0/STM32CubeIDE/plugins/com.st.stm32cube.ide.mcu.externaltools.gnu-tools-for-stm32.13.3.rel1.win32_1.0.0.202411081344/tools/bin/../lib/gcc/arm-none-eabi/13.3.1/../../../../arm-none-eabi/lib/thumb/v7e-m+fp/hard\libc_nano.a(libc_a-exit.o) (__stdio_exit_handler)
C:/ST/STM32CubeIDE_1.18.0/STM32CubeIDE/plugins/com.st.stm32cube.ide.mcu.externaltools.gnu-tools-for-stm32.13.3.rel1.win32_1.0.0.202411081344/tools/bin/../lib/gcc/arm-none-eabi/13.3.1/../../../../arm-none-eabi/lib/thumb/v7e-m+fp/hard\libc_nano.a(libc_a-fwalk.o)
                              C:/ST/STM32CubeIDE_1.18.0/STM32CubeIDE/plugins/com.st.stm32cube.ide.mcu.externaltools.gnu-tools-for-stm32.13.3.rel1.win32_1.0.0.202411081344/tools/bin/../lib/gcc/arm-none-eabi/13.3.1/../../../../arm-none-eabi/lib/thumb/v7e-m+fp/hard\libc_nano.a(libc_a-findfp.o) (_fwalk_sglue)
C:/ST/STM32CubeIDE_1.18.0/STM32CubeIDE/plugins/com.st.stm32cube.ide.mcu.externaltools.gnu-tools-for-stm32.13.3.rel1.win32_1.0.0.202411081344/tools/bin/../lib/gcc/arm-none-eabi/13.3.1/../../../../arm-none-eabi/lib/thumb/v7e-m+fp/hard\libc_nano.a(libc_a-stdio.o)
                              C:/ST/STM32CubeIDE_1.18.0/STM32CubeIDE/plugins/com.st.stm32cube.ide.mcu.externaltools.gnu-tools-for-stm32.13.3.rel1.win32_1.0.0.202411081344/tools/bin/../lib/gcc/arm-none-eabi/13.3.1/../../../../arm-none-eabi/lib/thumb/v7e-m+fp/hard\libc_nano.a(libc_a-findfp.o) (__sread)
C:/ST/STM32CubeIDE_1.18.0/STM32CubeIDE/plugins/com.st.stm32cube.ide.mcu.externaltools.gnu-tools-for-stm32.13.3.rel1.win32_1.0.0.202411081344/tools/bin/../lib/gcc/arm-none-eabi/13.3.1/../../../../arm-none-eabi/lib/thumb/v7e-m+fp/hard\libc_nano.a(libc_a-memset.o)
                              C:/ST/STM32CubeIDE_1.18.0/STM32CubeIDE/plugins/com.st.stm32cube.ide.mcu.externaltools.gnu-tools-for-stm32.13.3.rel1.win32_1.0.0.202411081344/tools/bin/../lib/gcc/arm-none-eabi/13.3.1/../../../../arm-none-eabi/lib/thumb/v7e-m+fp/hard/crt0.o (memset)
C:/ST/STM32CubeIDE_1.18.0/STM32CubeIDE/plugins/com.st.stm32cube.ide.mcu.externaltools.gnu-tools-for-stm32.13.3.rel1.win32_1.0.0.202411081344/tools/bin/../lib/gcc/arm-none-eabi/13.3.1/../../../../arm-none-eabi/lib/thumb/v7e-m+fp/hard\libc_nano.a(libc_a-closer.o)
                              C:/ST/STM32CubeIDE_1.18.0/STM32CubeIDE/plugins/com.st.stm32cube.ide.mcu.externaltools.gnu-tools-for-stm32.13.3.rel1.win32_1.0.0.202411081344/tools/bin/../lib/gcc/arm-none-eabi/13.3.1/../../../../arm-none-eabi/lib/thumb/v7e-m+fp/hard\libc_nano.a(libc_a-stdio.o) (_close_r)
C:/ST/STM32CubeIDE_1.18.0/STM32CubeIDE/plugins/com.st.stm32cube.ide.mcu.externaltools.gnu-tools-for-stm32.13.3.rel1.win32_1.0.0.202411081344/tools/bin/../lib/gcc/arm-none-eabi/13.3.1/../../../../arm-none-eabi/lib/thumb/v7e-m+fp/hard\libc_nano.a(libc_a-reent.o)
                              C:/ST/STM32CubeIDE_1.18.0/STM32CubeIDE/plugins/com.st.stm32cube.ide.mcu.externaltools.gnu-tools-for-stm32.13.3.rel1.win32_1.0.0.202411081344/tools/bin/../lib/gcc/arm-none-eabi/13.3.1/../../../../arm-none-eabi/lib/thumb/v7e-m+fp/hard\libc_nano.a(libc_a-closer.o) (errno)
C:/ST/STM32CubeIDE_1.18.0/STM32CubeIDE/plugins/com.st.stm32cube.ide.mcu.externaltools.gnu-tools-for-stm32.13.3.rel1.win32_1.0.0.202411081344/tools/bin/../lib/gcc/arm-none-eabi/13.3.1/../../../../arm-none-eabi/lib/thumb/v7e-m+fp/hard\libc_nano.a(libc_a-impure.o)
                              C:/ST/STM32CubeIDE_1.18.0/STM32CubeIDE/plugins/com.st.stm32cube.ide.mcu.externaltools.gnu-tools-for-stm32.13.3.rel1.win32_1.0.0.202411081344/tools/bin/../lib/gcc/arm-none-eabi/13.3.1/../../../../arm-none-eabi/lib/thumb/v7e-m+fp/hard\libc_nano.a(libc_a-reent.o) (_impure_ptr)
C:/ST/STM32CubeIDE_1.18.0/STM32CubeIDE/plugins/com.st.stm32cube.ide.mcu.externaltools.gnu-tools-for-stm32.13.3.rel1.win32_1.0.0.202411081344/tools/bin/../lib/gcc/arm-none-eabi/13.3.1/../../../../arm-none-eabi/lib/thumb/v7e-m+fp/hard\libc_nano.a(libc_a-lseekr.o)
[...]
Memory Configuration

Name             Origin             Length             Attributes
RAM              0x20000000         0x00020000         xrw
FLASH            0x08000000         0x00080000         xr
*default*        0x00000000         0xffffffff

Linker script and memory map

LOAD C:/ST/STM32CubeIDE_1.18.0/STM32CubeIDE/plugins/com.st.stm32cube.ide.mcu.externaltools.gnu-tools-for-stm32.13.3.rel1.win32_1.0.0.202411081344/tools/bin/../lib/gcc/arm-none-eabi/13.3.1/thumb/v7e-m+fp/hard/crti.o
LOAD C:/ST/STM32CubeIDE_1.18.0/STM32CubeIDE/plugins/com.st.stm32cube.ide.mcu.externaltools.gnu-tools-for-stm32.13.3.rel1.win32_1.0.0.202411081344/tools/bin/../lib/gcc/arm-none-eabi/13.3.1/thumb/v7e-m+fp/hard/crtbegin.o
LOAD C:/ST/STM32CubeIDE_1.18.0/STM32CubeIDE/plugins/com.st.stm32cube.ide.mcu.externaltools.gnu-tools-for-stm32.13.3.rel1.win32_1.0.0.202411081344/tools/bin/../lib/gcc/arm-none-eabi/13.3.1/../../../../arm-none-eabi/lib/thumb/v7e-m+fp/hard/crt0.o
LOAD ./Core/Src/comm.o
LOAD ./Core/Src/main.o
LOAD ./Core/Src/sec_convey.o
LOAD ./Core/Src/sensor.o
LOAD ./Core/Src/sequence.o
LOAD ./Core/Src/stepper.o
LOAD ./Core/Src/stm32f4xx_hal_msp.o
LOAD ./Core/Src/stm32f4xx_it.o
LOAD ./Core/Src/syscalls.o
LOAD ./Core/Src/sysmem.o
LOAD ./Core/Src/system_stm32f4xx.o
LOAD ./Core/Src/test.o
LOAD ./Core/Startup/startup_stm32f446retx.o
LOAD ./Drivers/STM32F4xx_HAL_Driver/Src/stm32f4xx_hal.o
LOAD ./Drivers/STM32F4xx_HAL_Driver/Src/stm32f4xx_hal_cortex.o
LOAD ./Drivers/STM32F4xx_HAL_Driver/Src/stm32f4xx_hal_dma.o
LOAD ./Drivers/STM32F4xx_HAL_Driver/Src/stm32f4xx_hal_dma_ex.o
LOAD ./Drivers/STM32F4xx_HAL_Driver/Src/stm32f4xx_hal_exti.o
LOAD ./Drivers/STM32F4xx_HAL_Driver/Src/stm32f4xx_hal_flash.o
LOAD ./Drivers/STM32F4xx_HAL_Driver/Src/stm32f4xx_hal_flash_ex.o
LOAD ./Drivers/STM32F4xx_HAL_Driver/Src/stm32f4xx_hal_flash_ramfunc.o
LOAD ./Drivers/STM32F4xx_HAL_Driver/Src/stm32f4xx_hal_gpio.o
LOAD ./Drivers/STM32F4xx_HAL_Driver/Src/stm32f4xx_hal_pwr.o
LOAD ./Drivers/STM32F4xx_HAL_Driver/Src/stm32f4xx_hal_pwr_ex.o
LOAD ./Drivers/STM32F4xx_HAL_Driver/Src/stm32f4xx_hal_rcc.o
LOAD ./Drivers/STM32F4xx_HAL_Driver/Src/stm32f4xx_hal_rcc_ex.o
LOAD ./Drivers/STM32F4xx_HAL_Driver/Src/stm32f4xx_hal_tim.o
LOAD ./Drivers/STM32F4xx_HAL_Driver/Src/stm32f4xx_hal_tim_ex.o
LOAD ./Drivers/STM32F4xx_HAL_Driver/Src/stm32f4xx_hal_uart.o
START GROUP
LOAD C:/ST/STM32CubeIDE_1.18.0/STM32CubeIDE/plugins/com.st.stm32cube.ide.mcu.externaltools.gnu-tools-for-stm32.13.3.rel1.win32_1.0.0.202411081344/tools/bin/../lib/gcc/arm-none-eabi/13.3.1/../../../../arm-none-eabi/lib/thumb/v7e-m+fp/hard\libc_nano.a
LOAD C:/ST/STM32CubeIDE_1.18.0/STM32CubeIDE/plugins/com.st.stm32cube.ide.mcu.externaltools.gnu-tools-for-stm32.13.3.rel1.win32_1.0.0.202411081344/tools/bin/../lib/gcc/arm-none-eabi/13.3.1/../../../../arm-none-eabi/lib/thumb/v7e-m+fp/hard\libm.a
END GROUP
START GROUP
LOAD C:/ST/STM32CubeIDE_1.18.0/STM32CubeIDE/plugins/com.st.stm32cube.ide.mcu.externaltools.gnu-tools-for-stm32.13.3.rel1.win32_1.0.0.202411081344/tools/bin/../lib/gcc/arm-none-eabi/13.3.1/thumb/v7e-m+fp/hard\libgcc.a
LOAD C:/ST/STM32CubeIDE_1.18.0/STM32CubeIDE/plugins/com.st.stm32cube.ide.mcu.externaltools.gnu-tools-for-stm32.13.3.rel1.win32_1.0.0.202411081344/tools/bin/../lib/gcc/arm-none-eabi/13.3.1/../../../../arm-none-eabi/lib/thumb/v7e-m+fp/hard\libc_nano.a
END GROUP
START GROUP
LOAD C:/ST/STM32CubeIDE_1.18.0/STM32CubeIDE/plugins/com.st.stm32cube.ide.mcu.externaltools.gnu-tools-for-stm32.13.3.rel1.win32_1.0.0.202411081344/tools/bin/../lib/gcc/arm-none-eabi/13.3.1/thumb/v7e-m+fp/hard\libgcc.a
LOAD C:/ST/STM32CubeIDE_1.18.0/STM32CubeIDE/plugins/com.st.stm32cube.ide.mcu.externaltools.gnu-tools-for-stm32.13.3.rel1.win32_1.0.0.202411081344/tools/bin/../lib/gcc/arm-none-eabi/13.3.1/../../../../arm-none-eabi/lib/thumb/v7e-m+fp/hard\libc_nano.a
LOAD C:/ST/STM32CubeIDE_1.18.0/STM32CubeIDE/plugins/com.st.stm32cube.ide.mcu.externaltools.gnu-tools-for-stm32.13.3.rel1.win32_1.0.0.202411081344/tools/bin/../lib/gcc/arm-none-eabi/13.3.1/../../../../arm-none-eabi/lib/thumb/v7e-m+fp/hard\libnosys.a
END GROUP
START GROUP
LOAD C:/ST/STM32CubeIDE_1.18.0/STM32CubeIDE/plugins/com.st.stm32cube.ide.mcu.externaltools.gnu-tools-for-stm32.13.3.rel1.win32_1.0.0.202411081344/tools/bin/../lib/gcc/arm-none-eabi/13.3.1/thumb/v7e-m+fp/hard\libgcc.a
LOAD C:/ST/STM32CubeIDE_1.18.0/STM32CubeIDE/plugins/com.st.stm32cube.ide.mcu.externaltools.gnu-tools-for-stm32.13.3.rel1.win32_1.0.0.202411081344/tools/bin/../lib/gcc/arm-none-eabi/13.3.1/../../../../arm-none-eabi/lib/thumb/v7e-m+fp/hard\libc_nano.a
LOAD C:/ST/STM32CubeIDE_1.18.0/STM32CubeIDE/plugins/com.st.stm32cube.ide.mcu.externaltools.gnu-tools-for-stm32.13.3.rel1.win32_1.0.0.202411081344/tools/bin/../lib/gcc/arm-none-eabi/13.3.1/../../../../arm-none-eabi/lib/thumb/v7e-m+fp/hard\libnosys.a
END GROUP
LOAD C:/ST/STM32CubeIDE_1.18.0/STM32CubeIDE/plugins/com.st.stm32cube.ide.mcu.externaltools.gnu-tools-for-stm32.13.3.rel1.win32_1.0.0.202411081344/tools/bin/../lib/gcc/arm-none-eabi/13.3.1/thumb/v7e-m+fp/hard/crtend.o
LOAD C:/ST/STM32CubeIDE_1.18.0/STM32CubeIDE/plugins/com.st.stm32cube.ide.mcu.externaltools.gnu-tools-for-stm32.13.3.rel1.win32_1.0.0.202411081344/tools/bin/../lib/gcc/arm-none-eabi/13.3.1/thumb/v7e-m+fp/hard/crtn.o
                0x20020000                        _estack = (ORIGIN (RAM) + LENGTH (RAM))
                0x00000200                        _Min_Heap_Size = 0x200
                0x00000400                        _Min_Stack_Size = 0x400

.isr_vector     0x08000000      0x1c4
                0x08000000                        . = ALIGN (0x4)
 *(.isr_vector)
 .isr_vector    0x08000000      0x1c4 ./Core/Startup/startup_stm32f446retx.o
                0x08000000                g_pfnVectors
                0x080001c4                        . = ALIGN (0x4)

.text           0x080001c4     0x4884
                0x080001c4                        . = ALIGN (0x4)
 *(.text)
 .text          0x080001c4       0x40 C:/ST/STM32CubeIDE_1.18.0/STM32CubeIDE/plugins/com.st.stm32cube.ide.mcu.externaltools.gnu-tools-for-stm32.13.3.rel1.win32_1.0.0.202411081344/tools/bin/../lib/gcc/arm-none-eabi/13.3.1/thumb/v7e-m+fp/hard/crtbegin.o
 .text          0x08000204       0x30 C:/ST/STM32CubeIDE_1.18.0/STM32CubeIDE/plugins/com.st.stm32cube.ide.mcu.externaltools.gnu-tools-for-stm32.13.3.rel1.win32_1.0.0.202411081344/tools/bin/../lib/gcc/arm-none-eabi/13.3.1/thumb/v7e-m+fp/hard\libgcc.a(_aeabi_uldivmod.o)
                0x08000204                __aeabi_uldivmod
 .text          0x08000234      0x2f8 C:/ST/STM32CubeIDE_1.18.0/STM32CubeIDE/plugins/com.st.stm32cube.ide.mcu.externaltools.gnu-tools-for-stm32.13.3.rel1.win32_1.0.0.202411081344/tools/bin/../lib/gcc/arm-none-eabi/13.3.1/thumb/v7e-m+fp/hard\libgcc.a(_udivmoddi4.o)
                0x08000234                __udivmoddi4
 .text          0x0800052c        0x4 C:/ST/STM32CubeIDE_1.18.0/STM32CubeIDE/plugins/com.st.stm32cube.ide.mcu.externaltools.gnu-tools-for-stm32.13.3.rel1.win32_1.0.0.202411081344/tools/bin/../lib/gcc/arm-none-eabi/13.3.1/thumb/v7e-m+fp/hard\libgcc.a(_dvmd_tls.o)
                0x0800052c                __aeabi_idiv0
                0x0800052c                __aeabi_ldiv0
 *(.text*)
 .text.calc_chk
                0x08000530       0x50 ./Core/Src/comm.o
 .text.send_frame
                0x08000580       0x6c ./Core/Src/comm.o
 .text.process_frame
                0x080005ec       0xb0 ./Core/Src/comm.o
 .text.Comm_Init
                0x0800069c       0x1c ./Core/Src/comm.o
                0x0800069c                Comm_Init
 .text.Comm_Rasp_RxCallback
                0x080006b8      0x120 ./Core/Src/comm.o
                0x080006b8                Comm_Rasp_RxCallback
 .text.Comm_GetFf
                0x080007d8       0x18 ./Core/Src/comm.o
                0x080007d8                Comm_GetFf
 .text.Comm_SetFf
                0x080007f0       0x20 ./Core/Src/comm.o
                0x080007f0                Comm_SetFf
 .text.Comm_IsHfSet
                0x08000810       0x18 ./Core/Src/comm.o
                0x08000810                Comm_IsHfSet
 .text.Comm_ClearHfFlag
                0x08000828       0x18 ./Core/Src/comm.o
                0x08000828                Comm_ClearHfFlag
 .text.Comm_IsEstop
                0x08000840       0x18 ./Core/Src/comm.o
                0x08000840                Comm_IsEstop
 .text.Comm_ClearEstop
                0x08000858       0x18 ./Core/Src/comm.o
                0x08000858                Comm_ClearEstop
 .text.Comm_IsReset
                0x08000870       0x18 ./Core/Src/comm.o
                0x08000870                Comm_IsReset
 .text.Comm_ClearReset
                0x08000888       0x18 ./Core/Src/comm.o
                0x08000888                Comm_ClearReset
 .text.Comm_ClearAllFlags
                0x080008a0       0x38 ./Core/Src/comm.o
                0x080008a0                Comm_ClearAllFlags
 .text.Comm_SendState
                0x080008d8       0x1e ./Core/Src/comm.o
                0x080008d8                Comm_SendState
 .text.Comm_SendDone
                0x080008f6       0x1e ./Core/Src/comm.o
                0x080008f6                Comm_SendDone
 .text.Comm_SendError
                0x08000914       0x1e ./Core/Src/comm.o
                0x08000914                Comm_SendError
 .text.main     0x08000932       0x26 ./Core/Src/main.o
                0x08000932                main
 .text.SystemClock_Config
                0x08000958       0xd8 ./Core/Src/main.o
                0x08000958                SystemClock_Config
 .text.MX_TIM3_Init
                0x08000a30       0xb4 ./Core/Src/main.o
 .text.MX_TIM5_Init
                0x08000ae4       0xb4 ./Core/Src/main.o
 .text.MX_USART2_UART_Init
                0x08000b98       0x54 ./Core/Src/main.o
 .text.MX_GPIO_Init
                0x08000bec       0xf8 ./Core/Src/main.o
 .text.HAL_UART_RxCpltCallback
                0x08000ce4       0x24 ./Core/Src/main.o
                0x08000ce4                HAL_UART_RxCpltCallback
 .text.HAL_TIM_PeriodElapsedCallback
                0x08000d08       0x16 ./Core/Src/main.o
                0x08000d08                HAL_TIM_PeriodElapsedCallback
 *fill*         0x08000d1e        0x2 
 .text.HAL_GPIO_EXTI_Callback
                0x08000d20       0x3c ./Core/Src/main.o
                0x08000d20                HAL_GPIO_EXTI_Callback
 .text.Error_Handler
                0x08000d5c        0xc ./Core/Src/main.o
                0x08000d5c                Error_Handler
 .text.TIM_APB1_GetTimerClockHz
                0x08000d68       0x2c ./Core/Src/sec_convey.o
 .text.TIM3_SetStepHz
                0x08000d94       0x9c ./Core/Src/sec_convey.o
 .text.Conveyor_Enable
                0x08000e30       0x2c ./Core/Src/sec_convey.o
                0x08000e30                Conveyor_Enable
 .text.Conveyor_SetDir
                0x08000e5c       0x24 ./Core/Src/sec_convey.o
                0x08000e5c                Conveyor_SetDir
 .text.Conveyor_StartHz
                0x08000e80       0x24 ./Core/Src/sec_convey.o
                0x08000e80                Conveyor_StartHz
 .text.Conveyor_Stop
                0x08000ea4       0x14 ./Core/Src/sec_convey.o
                0x08000ea4                Conveyor_Stop
 .text.IR_Detected
                0x08000eb8       0x20 ./Core/Src/sensor.o
                0x08000eb8                IR_Detected
 .text.Z_PhotoDetected
                0x08000ed8       0x20 ./Core/Src/sensor.o
                0x08000ed8                Z_PhotoDetected
 .text.Handle_Timeout
                0x08000ef8       0x38 ./Core/Src/sequence.o
 .text.Do_EStop
                0x08000f30       0x28 ./Core/Src/sequence.o
 .text.Do_Reset
                0x08000f58       0x40 ./Core/Src/sequence.o
 .text.Sequence_OnPhotoDetected
                0x08000f98       0x3c ./Core/Src/sequence.o
                0x08000f98                Sequence_OnPhotoDetected
 .text.Sequence_Init
                0x08000fd4       0x30 ./Core/Src/sequence.o
                0x08000fd4                Sequence_Init
 .text.App_Run  0x08001004      0x348 ./Core/Src/sequence.o
                0x08001004                App_Run
 .text.TIM_APB1_GetTimerClockHz
                0x0800134c       0x2c ./Core/Src/stepper.o
 .text.Z_Enable
                0x08001378       0x2c ./Core/Src/stepper.o
                0x08001378                Z_Enable
 .text.Z_SetDir
                0x080013a4       0x2c ./Core/Src/stepper.o
                0x080013a4                Z_SetDir
 .text.TIM5_SetStepHz
                0x080013d0       0x90 ./Core/Src/stepper.o
 .text.Z_MoveSteps
                0x08001460       0x80 ./Core/Src/stepper.o
                0x08001460                Z_MoveSteps
 .text.Z_StopPulse
                0x080014e0       0x38 ./Core/Src/stepper.o
 .text.Z_StopHold
                0x08001518       0x12 ./Core/Src/stepper.o
                0x08001518                Z_StopHold
 .text.Z_Stop   0x0800152a       0x12 ./Core/Src/stepper.o
                0x0800152a                Z_Stop
 .text.Z_IsBusy
                0x0800153c       0x18 ./Core/Src/stepper.o
                0x0800153c                Z_IsBusy
 .text.Z_OnTimUpdate
                0x08001554       0x5c ./Core/Src/stepper.o
                0x08001554                Z_OnTimUpdate
 .text.HAL_MspInit
                0x080015b0       0x50 ./Core/Src/stm32f4xx_hal_msp.o
                0x080015b0                HAL_MspInit
 .text.HAL_TIM_PWM_MspInit
                0x08001600       0x8c ./Core/Src/stm32f4xx_hal_msp.o
                0x08001600                HAL_TIM_PWM_MspInit
 .text.HAL_TIM_MspPostInit
                0x0800168c       0xc0 ./Core/Src/stm32f4xx_hal_msp.o
                0x0800168c                HAL_TIM_MspPostInit
 .text.HAL_UART_MspInit
                0x0800174c       0xa0 ./Core/Src/stm32f4xx_hal_msp.o
                0x0800174c                HAL_UART_MspInit
 .text.NMI_Handler
                0x080017ec        0x8 ./Core/Src/stm32f4xx_it.o
                0x080017ec                NMI_Handler
 .text.HardFault_Handler
                0x080017f4        0x8 ./Core/Src/stm32f4xx_it.o
                0x080017f4                HardFault_Handler
 .text.MemManage_Handler
                0x080017fc        0x8 ./Core/Src/stm32f4xx_it.o
                0x080017fc                MemManage_Handler
 .text.BusFault_Handler
                0x08001804        0x8 ./Core/Src/stm32f4xx_it.o
                0x08001804                BusFault_Handler
 .text.UsageFault_Handler
                0x0800180c        0x8 ./Core/Src/stm32f4xx_it.o
                0x0800180c                UsageFault_Handler
 .text.SVC_Handler
                0x08001814        0xe ./Core/Src/stm32f4xx_it.o
                0x08001814                SVC_Handler
 .text.DebugMon_Handler
                0x08001822        0xe ./Core/Src/stm32f4xx_it.o
                0x08001822                DebugMon_Handler
 .text.PendSV_Handler
                0x08001830        0xe ./Core/Src/stm32f4xx_it.o
                0x08001830                PendSV_Handler
 .text.SysTick_Handler
                0x0800183e        0xc ./Core/Src/stm32f4xx_it.o
                0x0800183e                SysTick_Handler
 .text.EXTI2_IRQHandler
                0x0800184a        0xe ./Core/Src/stm32f4xx_it.o
                0x0800184a                EXTI2_IRQHandler
 .text.TIM3_IRQHandler
                0x08001858       0x14 ./Core/Src/stm32f4xx_it.o
                0x08001858                TIM3_IRQHandler
 .text.USART2_IRQHandler
                0x0800186c       0x14 ./Core/Src/stm32f4xx_it.o
                0x0800186c                USART2_IRQHandler
 .text.TIM5_IRQHandler
                0x08001880       0x14 ./Core/Src/stm32f4xx_it.o
                0x08001880                TIM5_IRQHandler
 .text.SystemInit
                0x08001894       0x24 ./Core/Src/system_stm32f4xx.o
                0x08001894                SystemInit
 .text.Reset_Handler
                0x080018b8       0x50 ./Core/Startup/startup_stm32f446retx.o
                0x080018b8                Reset_Handler
 .text.Default_Handler
                0x08001908        0x2 ./Core/Startup/startup_stm32f446retx.o
                0x08001908                RTC_Alarm_IRQHandler
                0x08001908                TIM8_CC_IRQHandler
                0x08001908                FMPI2C1_EV_IRQHandler
                0x08001908                SPI4_IRQHandler
                0x08001908                TIM1_CC_IRQHandler
                0x08001908                DMA2_Stream5_IRQHandler
                0x08001908                DMA1_Stream5_IRQHandler
                0x08001908                PVD_IRQHandler
                0x08001908                SDIO_IRQHandler
                0x08001908                TAMP_STAMP_IRQHandler
                0x08001908                CAN2_RX1_IRQHandler
                0x08001908                EXTI3_IRQHandler
                0x08001908                TIM8_TRG_COM_TIM14_IRQHandler
                0x08001908                TIM1_UP_TIM10_IRQHandler
                0x08001908                TIM8_UP_TIM13_IRQHandler
                0x08001908                I2C3_ER_IRQHandler
                0x08001908                EXTI0_IRQHandler
                0x08001908                I2C2_EV_IRQHandler
                0x08001908                DMA1_Stream2_IRQHandler
                0x08001908                CAN1_RX0_IRQHandler
                0x08001908                FPU_IRQHandler
                0x08001908                OTG_HS_WKUP_IRQHandler
                0x08001908                CAN2_SCE_IRQHandler
                0x08001908                DMA2_Stream2_IRQHandler
                0x08001908                SPI1_IRQHandler
                0x08001908                TIM6_DAC_IRQHandler
                0x08001908                TIM1_BRK_TIM9_IRQHandler
                0x08001908                DCMI_IRQHandler
                0x08001908                CAN2_RX0_IRQHandler
                0x08001908                DMA2_Stream3_IRQHandler
                0x08001908                SAI2_IRQHandler
                0x08001908                USART6_IRQHandler
                0x08001908                USART3_IRQHandler
                0x08001908                CAN1_RX1_IRQHandler
                0x08001908                UART5_IRQHandler
                0x08001908                DMA2_Stream0_IRQHandler
                0x08001908                TIM4_IRQHandler
                0x08001908                QUADSPI_IRQHandler
                0x08001908                I2C1_EV_IRQHandler
                0x08001908                DMA1_Stream6_IRQHandler
                0x08001908                DMA1_Stream1_IRQHandler
                0x08001908                UART4_IRQHandler
                0x08001908                RCC_IRQHandler
                0x08001908                TIM8_BRK_TIM12_IRQHandler
                0x08001908                Default_Handler
                0x08001908                CEC_IRQHandler
                0x08001908                EXTI15_10_IRQHandler
                0x08001908                ADC_IRQHandler
                0x08001908                DMA1_Stream7_IRQHandler
                0x08001908                TIM7_IRQHandler
                0x08001908                CAN2_TX_IRQHandler
                0x08001908                DMA2_Stream7_IRQHandler
                0x08001908                I2C3_EV_IRQHandler
                0x08001908                EXTI9_5_IRQHandler
                0x08001908                RTC_WKUP_IRQHandler
                0x08001908                SPDIF_RX_IRQHandler
                0x08001908                SPI2_IRQHandler
                0x08001908                OTG_HS_EP1_IN_IRQHandler
                0x08001908                DMA1_Stream0_IRQHandler
                0x08001908                CAN1_TX_IRQHandler
                0x08001908                FMPI2C1_ER_IRQHandler
                0x08001908                EXTI4_IRQHandler
                0x08001908                OTG_HS_EP1_OUT_IRQHandler
                0x08001908                WWDG_IRQHandler
                0x08001908                TIM2_IRQHandler
                0x08001908                OTG_FS_WKUP_IRQHandler
                0x08001908                TIM1_TRG_COM_TIM11_IRQHandler
                0x08001908                OTG_HS_IRQHandler
                0x08001908                EXTI1_IRQHandler
                0x08001908                I2C2_ER_IRQHandler
                0x08001908                DMA2_Stream1_IRQHandler
                0x08001908                CAN1_SCE_IRQHandler
                0x08001908                FLASH_IRQHandler
                0x08001908                DMA2_Stream4_IRQHandler
                0x08001908                USART1_IRQHandler
                0x08001908                OTG_FS_IRQHandler
                0x08001908                SPI3_IRQHandler
                0x08001908                DMA1_Stream4_IRQHandler
                0x08001908                I2C1_ER_IRQHandler
                0x08001908                FMC_IRQHandler
                0x08001908                DMA2_Stream6_IRQHandler
                0x08001908                SAI1_IRQHandler
                0x08001908                DMA1_Stream3_IRQHandler
 *fill*         0x0800190a        0x2 
 .text.HAL_Init
                0x0800190c       0x44 ./Drivers/STM32F4xx_HAL_Driver/Src/stm32f4xx_hal.o
                0x0800190c                HAL_Init
 .text.HAL_InitTick
                0x08001950       0x60 ./Drivers/STM32F4xx_HAL_Driver/Src/stm32f4xx_hal.o
                0x08001950                HAL_InitTick
 .text.HAL_IncTick
                0x080019b0       0x28 ./Drivers/STM32F4xx_HAL_Driver/Src/stm32f4xx_hal.o
                0x080019b0                HAL_IncTick
 .text.HAL_GetTick
                0x080019d8       0x18 ./Drivers/STM32F4xx_HAL_Driver/Src/stm32f4xx_hal.o
                0x080019d8                HAL_GetTick
 .text.__NVIC_SetPriorityGrouping
                0x080019f0       0x48 ./Drivers/STM32F4xx_HAL_Driver/Src/stm32f4xx_hal_cortex.o
 .text.__NVIC_GetPriorityGrouping
                0x08001a38       0x1c ./Drivers/STM32F4xx_HAL_Driver/Src/stm32f4xx_hal_cortex.o
 .text.__NVIC_EnableIRQ
                0x08001a54       0x3c ./Drivers/STM32F4xx_HAL_Driver/Src/stm32f4xx_hal_cortex.o
 .text.__NVIC_SetPriority
                0x08001a90       0x54 ./Drivers/STM32F4xx_HAL_Driver/Src/stm32f4xx_hal_cortex.o
 .text.NVIC_EncodePriority
                0x08001ae4       0x66 ./Drivers/STM32F4xx_HAL_Driver/Src/stm32f4xx_hal_cortex.o
 *fill*         0x08001b4a        0x2 
 .text.SysTick_Config
                0x08001b4c       0x44 ./Drivers/STM32F4xx_HAL_Driver/Src/stm32f4xx_hal_cortex.o
 .text.HAL_NVIC_SetPriorityGrouping
                0x08001b90       0x16 ./Drivers/STM32F4xx_HAL_Driver/Src/stm32f4xx_hal_cortex.o
                0x08001b90                HAL_NVIC_SetPriorityGrouping
 .text.HAL_NVIC_SetPriority
                0x08001ba6       0x38 ./Drivers/STM32F4xx_HAL_Driver/Src/stm32f4xx_hal_cortex.o
                0x08001ba6                HAL_NVIC_SetPriority
 .text.HAL_NVIC_EnableIRQ
                0x08001bde       0x1c ./Drivers/STM32F4xx_HAL_Driver/Src/stm32f4xx_hal_cortex.o
                0x08001bde                HAL_NVIC_EnableIRQ
 .text.HAL_SYSTICK_Config
                0x08001bfa       0x18 ./Drivers/STM32F4xx_HAL_Driver/Src/stm32f4xx_hal_cortex.o
                0x08001bfa                HAL_SYSTICK_Config
 .text.HAL_DMA_Abort
                0x08001c12       0xe0 ./Drivers/STM32F4xx_HAL_Driver/Src/stm32f4xx_hal_dma.o
                0x08001c12                HAL_DMA_Abort
 .text.HAL_DMA_Abort_IT
                0x08001cf2       0x44 ./Drivers/STM32F4xx_HAL_Driver/Src/stm32f4xx_hal_dma.o
                0x08001cf2                HAL_DMA_Abort_IT
 *fill*         0x08001d36        0x2 
 .text.HAL_GPIO_Init
                0x08001d38      0x328 ./Drivers/STM32F4xx_HAL_Driver/Src/stm32f4xx_hal_gpio.o
                0x08001d38                HAL_GPIO_Init
 .text.HAL_GPIO_ReadPin
                0x08002060       0x30 ./Drivers/STM32F4xx_HAL_Driver/Src/stm32f4xx_hal_gpio.o
                0x08002060                HAL_GPIO_ReadPin
 .text.HAL_GPIO_WritePin
                0x08002090       0x32 ./Drivers/STM32F4xx_HAL_Driver/Src/stm32f4xx_hal_gpio.o
                0x08002090                HAL_GPIO_WritePin
 *fill*         0x080020c2        0x2 
 .text.HAL_GPIO_EXTI_IRQHandler
                0x080020c4       0x30 ./Drivers/STM32F4xx_HAL_Driver/Src/stm32f4xx_hal_gpio.o
                0x080020c4                HAL_GPIO_EXTI_IRQHandler
 .text.HAL_RCC_ClockConfig
                0x080020f4      0x1cc ./Drivers/STM32F4xx_HAL_Driver/Src/stm32f4xx_hal_rcc.o
                0x080020f4                HAL_RCC_ClockConfig
 .text.HAL_RCC_GetHCLKFreq
                0x080022c0       0x18 ./Drivers/STM32F4xx_HAL_Driver/Src/stm32f4xx_hal_rcc.o
                0x080022c0                HAL_RCC_GetHCLKFreq
 .text.HAL_RCC_GetPCLK1Freq
                0x080022d8       0x28 ./Drivers/STM32F4xx_HAL_Driver/Src/stm32f4xx_hal_rcc.o
                0x080022d8                HAL_RCC_GetPCLK1Freq
 .text.HAL_RCC_GetPCLK2Freq
                0x08002300       0x28 ./Drivers/STM32F4xx_HAL_Driver/Src/stm32f4xx_hal_rcc.o
                0x08002300                HAL_RCC_GetPCLK2Freq
 .text.HAL_RCC_GetSysClockFreq
                0x08002328      0x354 ./Drivers/STM32F4xx_HAL_Driver/Src/stm32f4xx_hal_rcc_ex.o
                0x08002328                HAL_RCC_GetSysClockFreq
 .text.HAL_RCC_OscConfig
                0x0800267c      0x53c ./Drivers/STM32F4xx_HAL_Driver/Src/stm32f4xx_hal_rcc_ex.o
                0x0800267c                HAL_RCC_OscConfig
 .text.HAL_TIM_PWM_Init
                0x08002bb8       0x9e ./Drivers/STM32F4xx_HAL_Driver/Src/stm32f4xx_hal_tim.o
                0x08002bb8                HAL_TIM_PWM_Init
 *fill*         0x08002c56        0x2 
 .text.HAL_TIM_PWM_Start
                0x08002c58      0x190 ./Drivers/STM32F4xx_HAL_Driver/Src/stm32f4xx_hal_tim.o
                0x08002c58                HAL_TIM_PWM_Start
 .text.HAL_TIM_PWM_Stop
                0x08002de8       0xe0 ./Drivers/STM32F4xx_HAL_Driver/Src/stm32f4xx_hal_tim.o
                0x08002de8                HAL_TIM_PWM_Stop
 .text.HAL_TIM_IRQHandler
                0x08002ec8      0x1e0 ./Drivers/STM32F4xx_HAL_Driver/Src/stm32f4xx_hal_tim.o
                0x08002ec8                HAL_TIM_IRQHandler
 .text.HAL_TIM_PWM_ConfigChannel
                0x080030a8      0x184 ./Drivers/STM32F4xx_HAL_Driver/Src/stm32f4xx_hal_tim.o
                0x080030a8                HAL_TIM_PWM_ConfigChannel
 .text.HAL_TIM_GenerateEvent
                0x0800322c       0x4e ./Drivers/STM32F4xx_HAL_Driver/Src/stm32f4xx_hal_tim.o
                0x0800322c                HAL_TIM_GenerateEvent
 .text.HAL_TIM_OC_DelayElapsedCallback
                0x0800327a       0x14 ./Drivers/STM32F4xx_HAL_Driver/Src/stm32f4xx_hal_tim.o
                0x0800327a                HAL_TIM_OC_DelayElapsedCallback
 .text.HAL_TIM_IC_CaptureCallback
                0x0800328e       0x14 ./Drivers/STM32F4xx_HAL_Driver/Src/stm32f4xx_hal_tim.o
                0x0800328e                HAL_TIM_IC_CaptureCallback
 .text.HAL_TIM_PWM_PulseFinishedCallback
                0x080032a2       0x14 ./Drivers/STM32F4xx_HAL_Driver/Src/stm32f4xx_hal_tim.o
                0x080032a2                HAL_TIM_PWM_PulseFinishedCallback
 .text.HAL_TIM_TriggerCallback
                0x080032b6       0x14 ./Drivers/STM32F4xx_HAL_Driver/Src/stm32f4xx_hal_tim.o
                0x080032b6                HAL_TIM_TriggerCallback
 *fill*         0x080032ca        0x2 
 .text.TIM_Base_SetConfig
                0x080032cc      0x14c ./Drivers/STM32F4xx_HAL_Driver/Src/stm32f4xx_hal_tim.o
                0x080032cc                TIM_Base_SetConfig
 .text.TIM_OC1_SetConfig
                0x08003418       0xe0 ./Drivers/STM32F4xx_HAL_Driver/Src/stm32f4xx_hal_tim.o
 .text.TIM_OC2_SetConfig
                0x080034f8       0xec ./Drivers/STM32F4xx_HAL_Driver/Src/stm32f4xx_hal_tim.o
                0x080034f8                TIM_OC2_SetConfig
 .text.TIM_OC3_SetConfig
                0x080035e4       0xe8 ./Drivers/STM32F4xx_HAL_Driver/Src/stm32f4xx_hal_tim.o
 .text.TIM_OC4_SetConfig
                0x080036cc       0xac ./Drivers/STM32F4xx_HAL_Driver/Src/stm32f4xx_hal_tim.o
 .text.TIM_CCxChannelCmd
                0x08003778       0x4a ./Drivers/STM32F4xx_HAL_Driver/Src/stm32f4xx_hal_tim.o
                0x08003778                TIM_CCxChannelCmd
 *fill*         0x080037c2        0x2 
 .text.HAL_TIMEx_MasterConfigSynchronization
                0x080037c4       0xf8 ./Drivers/STM32F4xx_HAL_Driver/Src/stm32f4xx_hal_tim_ex.o
                0x080037c4                HAL_TIMEx_MasterConfigSynchronization
 .text.HAL_TIMEx_CommutCallback
                0x080038bc       0x14 ./Drivers/STM32F4xx_HAL_Driver/Src/stm32f4xx_hal_tim_ex.o
                0x080038bc                HAL_TIMEx_CommutCallback
 .text.HAL_TIMEx_BreakCallback
                0x080038d0       0x14 ./Drivers/STM32F4xx_HAL_Driver/Src/stm32f4xx_hal_tim_ex.o
                0x080038d0                HAL_TIMEx_BreakCallback
 .text.HAL_UART_Init
                0x080038e4       0xa0 ./Drivers/STM32F4xx_HAL_Driver/Src/stm32f4xx_hal_uart.o
                0x080038e4                HAL_UART_Init
 .text.HAL_UART_Transmit
                0x08003984      0x116 ./Drivers/STM32F4xx_HAL_Driver/Src/stm32f4xx_hal_uart.o
                0x08003984                HAL_UART_Transmit
 .text.HAL_UART_Receive_IT
                0x08003a9a       0x4a ./Drivers/STM32F4xx_HAL_Driver/Src/stm32f4xx_hal_uart.o
                0x08003a9a                HAL_UART_Receive_IT
 .text.HAL_UART_IRQHandler
                0x08003ae4      0x554 ./Drivers/STM32F4xx_HAL_Driver/Src/stm32f4xx_hal_uart.o
                0x08003ae4                HAL_UART_IRQHandler
 .text.HAL_UART_TxCpltCallback
                0x08004038       0x14 ./Drivers/STM32F4xx_HAL_Driver/Src/stm32f4xx_hal_uart.o
                0x08004038                HAL_UART_TxCpltCallback
 .text.HAL_UART_ErrorCallback
                0x0800404c       0x14 ./Drivers/STM32F4xx_HAL_Driver/Src/stm32f4xx_hal_uart.o
                0x0800404c                HAL_UART_ErrorCallback
 .text.HAL_UARTEx_RxEventCallback
                0x08004060       0x18 ./Drivers/STM32F4xx_HAL_Driver/Src/stm32f4xx_hal_uart.o
                0x08004060                HAL_UARTEx_RxEventCallback
 .text.UART_WaitOnFlagUntilTimeout
                0x08004078       0xb2 ./Drivers/STM32F4xx_HAL_Driver/Src/stm32f4xx_hal_uart.o
 .text.UART_Start_Receive_IT
                0x0800412a       0x74 ./Drivers/STM32F4xx_HAL_Driver/Src/stm32f4xx_hal_uart.o
                0x0800412a                UART_Start_Receive_IT
 .text.UART_EndRxTransfer
                0x0800419e       0xc6 ./Drivers/STM32F4xx_HAL_Driver/Src/stm32f4xx_hal_uart.o
 .text.UART_DMAAbortOnError
                0x08004264       0x22 ./Drivers/STM32F4xx_HAL_Driver/Src/stm32f4xx_hal_uart.o
 .text.UART_Transmit_IT
                0x08004286       0xa0 ./Drivers/STM32F4xx_HAL_Driver/Src/stm32f4xx_hal_uart.o
 .text.UART_EndTransmit_IT
                0x08004326       0x30 ./Drivers/STM32F4xx_HAL_Driver/Src/stm32f4xx_hal_uart.o
 .text.UART_Receive_IT
                0x08004356      0x17c ./Drivers/STM32F4xx_HAL_Driver/Src/stm32f4xx_hal_uart.o
 *fill*         0x080044d2        0x2 
 .text.UART_SetConfig
                0x080044d4      0x4e8 ./Drivers/STM32F4xx_HAL_Driver/Src/stm32f4xx_hal_uart.o
 .text.memset   0x080049bc       0x10 C:/ST/STM32CubeIDE_1.18.0/STM32CubeIDE/plugins/com.st.stm32cube.ide.mcu.externaltools.gnu-tools-for-stm32.13.3.rel1.win32_1.0.0.202411081344/tools/bin/../lib/gcc/arm-none-eabi/13.3.1/../../../../arm-none-eabi/lib/thumb/v7e-m+fp/hard\libc_nano.a(libc_a-memset.o)
                0x080049bc                memset
 .text.__libc_init_array
                0x080049cc       0x48 C:/ST/STM32CubeIDE_1.18.0/STM32CubeIDE/plugins/com.st.stm32cube.ide.mcu.externaltools.gnu-tools-for-stm32.13.3.rel1.win32_1.0.0.202411081344/tools/bin/../lib/gcc/arm-none-eabi/13.3.1/../../../../arm-none-eabi/lib/thumb/v7e-m+fp/hard\libc_nano.a(libc_a-init.o)
                0x080049cc                __libc_init_array
 .text.memcpy   0x08004a14       0x1c C:/ST/STM32CubeIDE_1.18.0/STM32CubeIDE/plugins/com.st.stm32cube.ide.mcu.externaltools.gnu-tools-for-stm32.13.3.rel1.win32_1.0.0.202411081344/tools/bin/../lib/gcc/arm-none-eabi/13.3.1/../../../../arm-none-eabi/lib/thumb/v7e-m+fp/hard\libc_nano.a(libc_a-memcpy-stub.o)
                0x08004a14                memcpy
 *(.glue_7)
 .glue_7        0x08004a30        0x0 linker stubs
 *(.glue_7t)
 .glue_7t       0x08004a30        0x0 linker stubs
 *(.eh_frame)
 .eh_frame      0x08004a30        0x0 C:/ST/STM32CubeIDE_1.18.0/STM32CubeIDE/plugins/com.st.stm32cube.ide.mcu.externaltools.gnu-tools-for-stm32.13.3.rel1.win32_1.0.0.202411081344/tools/bin/../lib/gcc/arm-none-eabi/13.3.1/thumb/v7e-m+fp/hard/crtbegin.o
 *(.init)
 .init          0x08004a30        0x4 C:/ST/STM32CubeIDE_1.18.0/STM32CubeIDE/plugins/com.st.stm32cube.ide.mcu.externaltools.gnu-tools-for-stm32.13.3.rel1.win32_1.0.0.202411081344/tools/bin/../lib/gcc/arm-none-eabi/13.3.1/thumb/v7e-m+fp/hard/crti.o
                0x08004a30                _init
 .init          0x08004a34        0x8 C:/ST/STM32CubeIDE_1.18.0/STM32CubeIDE/plugins/com.st.stm32cube.ide.mcu.externaltools.gnu-tools-for-stm32.13.3.rel1.win32_1.0.0.202411081344/tools/bin/../lib/gcc/arm-none-eabi/13.3.1/thumb/v7e-m+fp/hard/crtn.o
 *(.fini)
 .fini          0x08004a3c        0x4 C:/ST/STM32CubeIDE_1.18.0/STM32CubeIDE/plugins/com.st.stm32cube.ide.mcu.externaltools.gnu-tools-for-stm32.13.3.rel1.win32_1.0.0.202411081344/tools/bin/../lib/gcc/arm-none-eabi/13.3.1/thumb/v7e-m+fp/hard/crti.o
                0x08004a3c                _fini
 .fini          0x08004a40        0x8 C:/ST/STM32CubeIDE_1.18.0/STM32CubeIDE/plugins/com.st.stm32cube.ide.mcu.externaltools.gnu-tools-for-stm32.13.3.rel1.win32_1.0.0.202411081344/tools/bin/../lib/gcc/arm-none-eabi/13.3.1/thumb/v7e-m+fp/hard/crtn.o
                0x08004a48                        . = ALIGN (0x4)
                0x08004a48                        _etext = .

.vfp11_veneer   0x08004a48        0x0
 .vfp11_veneer  0x08004a48        0x0 linker stubs

.v4_bx          0x08004a48        0x0
 .v4_bx         0x08004a48        0x0 linker stubs

.iplt           0x08004a48        0x0
 .iplt          0x08004a48        0x0 C:/ST/STM32CubeIDE_1.18.0/STM32CubeIDE/plugins/com.st.stm32cube.ide.mcu.externaltools.gnu-tools-for-stm32.13.3.rel1.win32_1.0.0.202411081344/tools/bin/../lib/gcc/arm-none-eabi/13.3.1/thumb/v7e-m+fp/hard/crtbegin.o

.rodata         0x08004a48       0x18
                0x08004a48                        . = ALIGN (0x4)
 *(.rodata)
 *(.rodata*)
 .rodata.AHBPrescTable
                0x08004a48       0x10 ./Core/Src/system_stm32f4xx.o
                0x08004a48                AHBPrescTable
 .rodata.APBPrescTable
                0x08004a58        0x8 ./Core/Src/system_stm32f4xx.o
                0x08004a58                APBPrescTable
                0x08004a60                        . = ALIGN (0x4)

.ARM.extab      0x08004a60        0x0
                0x08004a60                        . = ALIGN (0x4)
 *(.ARM.extab* .gnu.linkonce.armextab.*)
                0x08004a60                        . = ALIGN (0x4)

.ARM            0x08004a60        0x8
                0x08004a60                        . = ALIGN (0x4)
                0x08004a60                        __exidx_start = .
 *(.ARM.exidx*)
 .ARM.exidx     0x08004a60        0x8 C:/ST/STM32CubeIDE_1.18.0/STM32CubeIDE/plugins/com.st.stm32cube.ide.mcu.externaltools.gnu-tools-for-stm32.13.3.rel1.win32_1.0.0.202411081344/tools/bin/../lib/gcc/arm-none-eabi/13.3.1/thumb/v7e-m+fp/hard\libgcc.a(_udivmoddi4.o)
                0x08004a68                        __exidx_end = .
                0x08004a68                        . = ALIGN (0x4)

.preinit_array  0x08004a68        0x0
                0x08004a68                        . = ALIGN (0x4)
                0x08004a68                        PROVIDE (__preinit_array_start = .)
 *(.preinit_array*)
                0x08004a68                        PROVIDE (__preinit_array_end = .)
                0x08004a68                        . = ALIGN (0x4)

.init_array     0x08004a68        0x4
                0x08004a68                        . = ALIGN (0x4)
                0x08004a68                        PROVIDE (__init_array_start = .)
 *(SORT_BY_NAME(.init_array.*))
 *(.init_array*)
 .init_array    0x08004a68        0x4 C:/ST/STM32CubeIDE_1.18.0/STM32CubeIDE/plugins/com.st.stm32cube.ide.mcu.externaltools.gnu-tools-for-stm32.13.3.rel1.win32_1.0.0.202411081344/tools/bin/../lib/gcc/arm-none-eabi/13.3.1/thumb/v7e-m+fp/hard/crtbegin.o
                0x08004a6c                        PROVIDE (__init_array_end = .)
                0x08004a6c                        . = ALIGN (0x4)

.fini_array     0x08004a6c        0x4
                0x08004a6c                        . = ALIGN (0x4)
                [!provide]                        PROVIDE (__fini_array_start = .)
 *(SORT_BY_NAME(.fini_array.*))
 *(.fini_array*)
 .fini_array    0x08004a6c        0x4 C:/ST/STM32CubeIDE_1.18.0/STM32CubeIDE/plugins/com.st.stm32cube.ide.mcu.externaltools.gnu-tools-for-stm32.13.3.rel1.win32_1.0.0.202411081344/tools/bin/../lib/gcc/arm-none-eabi/13.3.1/thumb/v7e-m+fp/hard/crtbegin.o
                [!provide]                        PROVIDE (__fini_array_end = .)
                0x08004a70                        . = ALIGN (0x4)
                0x08004a70                        _sidata = LOADADDR (.data)

.rel.dyn        0x08004a70        0x0
 .rel.iplt      0x08004a70        0x0 C:/ST/STM32CubeIDE_1.18.0/STM32CubeIDE/plugins/com.st.stm32cube.ide.mcu.externaltools.gnu-tools-for-stm32.13.3.rel1.win32_1.0.0.202411081344/tools/bin/../lib/gcc/arm-none-eabi/13.3.1/thumb/v7e-m+fp/hard/crtbegin.o

.data           0x20000000        0xc load address 0x08004a70
                0x20000000                        . = ALIGN (0x4)
                0x20000000                        _sdata = .
 *(.data)
 *(.data*)
 .data.SystemCoreClock
                0x20000000        0x4 ./Core/Src/system_stm32f4xx.o
                0x20000000                SystemCoreClock
 .data.uwTickPrio
                0x20000004        0x4 ./Drivers/STM32F4xx_HAL_Driver/Src/stm32f4xx_hal.o
                0x20000004                uwTickPrio
 .data.uwTickFreq
                0x20000008        0x1 ./Drivers/STM32F4xx_HAL_Driver/Src/stm32f4xx_hal.o
                0x20000008                uwTickFreq
 *(.RamFunc)
 *(.RamFunc*)
                0x2000000c                        . = ALIGN (0x4)
 *fill*         0x20000009        0x3 
                0x2000000c                        _edata = .

.igot.plt       0x2000000c        0x0 load address 0x08004a7c
 .igot.plt      0x2000000c        0x0 C:/ST/STM32CubeIDE_1.18.0/STM32CubeIDE/plugins/com.st.stm32cube.ide.mcu.externaltools.gnu-tools-for-stm32.13.3.rel1.win32_1.0.0.202411081344/tools/bin/../lib/gcc/arm-none-eabi/13.3.1/thumb/v7e-m+fp/hard/crtbegin.o
                0x2000000c                        . = ALIGN (0x4)

.bss            0x2000000c      0x130 load address 0x08004a7c
                0x2000000c                        _sbss = .
                0x2000000c                        __bss_start__ = _sbss
 *(.bss)
 .bss           0x2000000c       0x1c C:/ST/STM32CubeIDE_1.18.0/STM32CubeIDE/plugins/com.st.stm32cube.ide.mcu.externaltools.gnu-tools-for-stm32.13.3.rel1.win32_1.0.0.202411081344/tools/bin/../lib/gcc/arm-none-eabi/13.3.1/thumb/v7e-m+fp/hard/crtbegin.o
 *(.bss*)
 .bss.g_rx_byte
                0x20000028        0x1 ./Core/Src/comm.o
 .bss.g_rx_state
                0x20000029        0x1 ./Core/Src/comm.o
 .bss.g_rx_id   0x2000002a        0x1 ./Core/Src/comm.o
 .bss.g_rx_len  0x2000002b        0x1 ./Core/Src/comm.o
 .bss.g_rx_idx  0x2000002c        0x1 ./Core/Src/comm.o
 *fill*         0x2000002d        0x3 
 .bss.g_rx_data
                0x20000030       0x10 ./Core/Src/comm.o
 .bss.g_ff      0x20000040        0x1 ./Core/Src/comm.o
 .bss.g_hf      0x20000041        0x1 ./Core/Src/comm.o
 .bss.g_estop   0x20000042        0x1 ./Core/Src/comm.o
 .bss.g_reset   0x20000043        0x1 ./Core/Src/comm.o
 .bss.htim3     0x20000044       0x48 ./Core/Src/main.o
                0x20000044                htim3
 .bss.htim5     0x2000008c       0x48 ./Core/Src/main.o
                0x2000008c                htim5
 .bss.huart2    0x200000d4       0x48 ./Core/Src/main.o
                0x200000d4                huart2
 .bss.last.0    0x2000011c        0x4 ./Core/Src/main.o
 .bss.sys_state
                0x20000120        0x1 ./Core/Src/sequence.o
 .bss.seq_state
                0x20000121        0x1 ./Core/Src/sequence.o
 *fill*         0x20000122        0x2 
 .bss.timer_start
                0x20000124        0x4 ./Core/Src/sequence.o
 .bss.settle_start
                0x20000128        0x4 ./Core/Src/sequence.o
 .bss.z_photo_hit
                0x2000012c        0x1 ./Core/Src/sequence.o
 *fill*         0x2000012d        0x3 
 .bss.z_remain  0x20000130        0x4 ./Core/Src/stepper.o
 .bss.z_busy    0x20000134        0x1 ./Core/Src/stepper.o
 *fill*         0x20000135        0x3 
 .bss.uwTick    0x20000138        0x4 ./Drivers/STM32F4xx_HAL_Driver/Src/stm32f4xx_hal.o
                0x20000138                uwTick
 *(COMMON)
                0x2000013c                        . = ALIGN (0x4)
                0x2000013c                        _ebss = .
                0x2000013c                        __bss_end__ = _ebss

._user_heap_stack
                0x2000013c      0x604 load address 0x08004a7c
                0x20000140                        . = ALIGN (0x8)
 *fill*         0x2000013c        0x4 
                [!provide]                        PROVIDE (end = .)
                0x20000140                        PROVIDE (_end = .)
                0x20000340                        . = (. + _Min_Heap_Size)
 *fill*         0x20000140      0x200 
                0x20000740                        . = (. + _Min_Stack_Size)
 *fill*         0x20000340      0x400 
                0x20000740                        . = ALIGN (0x8)

/DISCARD/
 libc.a(*)
 libm.a(*)
 libgcc.a(*)

.ARM.attributes
                0x00000000       0x30
 *(.ARM.attributes)
 .ARM.attributes
                0x00000000       0x22 C:/ST/STM32CubeIDE_1.18.0/STM32CubeIDE/plugins/com.st.stm32cube.ide.mcu.externaltools.gnu-tools-for-stm32.13.3.rel1.win32_1.0.0.202411081344/tools/bin/../lib/gcc/arm-none-eabi/13.3.1/thumb/v7e-m+fp/hard/crti.o
 .ARM.attributes
                0x00000022       0x34 C:/ST/STM32CubeIDE_1.18.0/STM32CubeIDE/plugins/com.st.stm32cube.ide.mcu.externaltools.gnu-tools-for-stm32.13.3.rel1.win32_1.0.0.202411081344/tools/bin/../lib/gcc/arm-none-eabi/13.3.1/thumb/v7e-m+fp/hard/crtbegin.o
 .ARM.attributes
                0x00000056       0x34 ./Core/Src/comm.o
 .ARM.attributes
                0x0000008a       0x34 ./Core/Src/main.o
 .ARM.attributes
                0x000000be       0x34 ./Core/Src/sec_convey.o
 .ARM.attributes
                0x000000f2       0x34 ./Core/Src/sensor.o
 .ARM.attributes
                0x00000126       0x34 ./Core/Src/sequence.o
 .ARM.attributes
                0x0000015a       0x34 ./Core/Src/stepper.o
 .ARM.attributes
                0x0000018e       0x34 ./Core/Src/stm32f4xx_hal_msp.o
 .ARM.attributes
                0x000001c2       0x34 ./Core/Src/stm32f4xx_it.o
 .ARM.attributes
                0x000001f6       0x34 ./Core/Src/system_stm32f4xx.o
 .ARM.attributes
                0x0000022a       0x21 ./Core/Startup/startup_stm32f446retx.o
 .ARM.attributes
                0x0000024b       0x34 ./Drivers/STM32F4xx_HAL_Driver/Src/stm32f4xx_hal.o
 .ARM.attributes
                0x0000027f       0x34 ./Drivers/STM32F4xx_HAL_Driver/Src/stm32f4xx_hal_cortex.o
 .ARM.attributes
                0x000002b3       0x34 ./Drivers/STM32F4xx_HAL_Driver/Src/stm32f4xx_hal_dma.o
 .ARM.attributes
                0x000002e7       0x34 ./Drivers/STM32F4xx_HAL_Driver/Src/stm32f4xx_hal_gpio.o
 .ARM.attributes
                0x0000031b       0x34 ./Drivers/STM32F4xx_HAL_Driver/Src/stm32f4xx_hal_rcc.o
 .ARM.attributes
                0x0000034f       0x34 ./Drivers/STM32F4xx_HAL_Driver/Src/stm32f4xx_hal_rcc_ex.o
 .ARM.attributes
                0x00000383       0x34 ./Drivers/STM32F4xx_HAL_Driver/Src/stm32f4xx_hal_tim.o
 .ARM.attributes
                0x000003b7       0x34 ./Drivers/STM32F4xx_HAL_Driver/Src/stm32f4xx_hal_tim_ex.o
 .ARM.attributes
                0x000003eb       0x34 ./Drivers/STM32F4xx_HAL_Driver/Src/stm32f4xx_hal_uart.o
 .ARM.attributes
                0x0000041f       0x34 C:/ST/STM32CubeIDE_1.18.0/STM32CubeIDE/plugins/com.st.stm32cube.ide.mcu.externaltools.gnu-tools-for-stm32.13.3.rel1.win32_1.0.0.202411081344/tools/bin/../lib/gcc/arm-none-eabi/13.3.1/../../../../arm-none-eabi/lib/thumb/v7e-m+fp/hard\libc_nano.a(libc_a-memset.o)
 .ARM.attributes
                0x00000453       0x34 C:/ST/STM32CubeIDE_1.18.0/STM32CubeIDE/plugins/com.st.stm32cube.ide.mcu.externaltools.gnu-tools-for-stm32.13.3.rel1.win32_1.0.0.202411081344/tools/bin/../lib/gcc/arm-none-eabi/13.3.1/../../../../arm-none-eabi/lib/thumb/v7e-m+fp/hard\libc_nano.a(libc_a-init.o)
 .ARM.attributes
                0x00000487       0x34 C:/ST/STM32CubeIDE_1.18.0/STM32CubeIDE/plugins/com.st.stm32cube.ide.mcu.externaltools.gnu-tools-for-stm32.13.3.rel1.win32_1.0.0.202411081344/tools/bin/../lib/gcc/arm-none-eabi/13.3.1/../../../../arm-none-eabi/lib/thumb/v7e-m+fp/hard\libc_nano.a(libc_a-memcpy-stub.o)
 .ARM.attributes
                0x000004bb       0x22 C:/ST/STM32CubeIDE_1.18.0/STM32CubeIDE/plugins/com.st.stm32cube.ide.mcu.externaltools.gnu-tools-for-stm32.13.3.rel1.win32_1.0.0.202411081344/tools/bin/../lib/gcc/arm-none-eabi/13.3.1/thumb/v7e-m+fp/hard\libgcc.a(_aeabi_uldivmod.o)
 .ARM.attributes
                0x000004dd       0x34 C:/ST/STM32CubeIDE_1.18.0/STM32CubeIDE/plugins/com.st.stm32cube.ide.mcu.externaltools.gnu-tools-for-stm32.13.3.rel1.win32_1.0.0.202411081344/tools/bin/../lib/gcc/arm-none-eabi/13.3.1/thumb/v7e-m+fp/hard\libgcc.a(_udivmoddi4.o)
 .ARM.attributes
                0x00000511       0x22 C:/ST/STM32CubeIDE_1.18.0/STM32CubeIDE/plugins/com.st.stm32cube.ide.mcu.externaltools.gnu-tools-for-stm32.13.3.rel1.win32_1.0.0.202411081344/tools/bin/../lib/gcc/arm-none-eabi/13.3.1/thumb/v7e-m+fp/hard\libgcc.a(_dvmd_tls.o)
 .ARM.attributes
                0x00000533       0x22 C:/ST/STM32CubeIDE_1.18.0/STM32CubeIDE/plugins/com.st.stm32cube.ide.mcu.externaltools.gnu-tools-for-stm32.13.3.rel1.win32_1.0.0.202411081344/tools/bin/../lib/gcc/arm-none-eabi/13.3.1/thumb/v7e-m+fp/hard/crtn.o
OUTPUT(sec_convey_cart.elf elf32-littlearm)
LOAD linker stubs
LOAD C:/ST/STM32CubeIDE_1.18.0/STM32CubeIDE/plugins/com.st.stm32cube.ide.mcu.externaltools.gnu-tools-for-stm32.13.3.rel1.win32_1.0.0.202411081344/tools/bin/../lib/gcc/arm-none-eabi/13.3.1/../../../../arm-none-eabi/lib/thumb/v7e-m+fp/hard\libc.a
LOAD C:/ST/STM32CubeIDE_1.18.0/STM32CubeIDE/plugins/com.st.stm32cube.ide.mcu.externaltools.gnu-tools-for-stm32.13.3.rel1.win32_1.0.0.202411081344/tools/bin/../lib/gcc/arm-none-eabi/13.3.1/../../../../arm-none-eabi/lib/thumb/v7e-m+fp/hard\libm.a
LOAD C:/ST/STM32CubeIDE_1.18.0/STM32CubeIDE/plugins/com.st.stm32cube.ide.mcu.externaltools.gnu-tools-for-stm32.13.3.rel1.win32_1.0.0.202411081344/tools/bin/../lib/gcc/arm-none-eabi/13.3.1/thumb/v7e-m+fp/hard\libgcc.a

.debug_info     0x00000000     0xff68
 .debug_info    0x00000000      0x997 ./Core/Src/comm.o
 .debug_info    0x00000997     0x1404 ./Core/Src/main.o
 .debug_info    0x00001d9b      0xaaa ./Core/Src/sec_convey.o
 .debug_info    0x00002845      0x1ce ./Core/Src/sensor.o
 .debug_info    0x00002a13      0x34a ./Core/Src/sequence.o
 .debug_info    0x00002d5d      0xb71 ./Core/Src/stepper.o
 .debug_info    0x000038ce      0xffc ./Core/Src/stm32f4xx_hal_msp.o
 .debug_info    0x000048ca      0x9c8 ./Core/Src/stm32f4xx_it.o
 .debug_info    0x00005292      0x54a ./Core/Src/system_stm32f4xx.o
 .debug_info    0x000057dc       0x30 ./Core/Startup/startup_stm32f446retx.o
 .debug_info    0x0000580c      0x99a ./Drivers/STM32F4xx_HAL_Driver/Src/stm32f4xx_hal.o
 .debug_info    0x000061a6      0xdaa ./Drivers/STM32F4xx_HAL_Driver/Src/stm32f4xx_hal_cortex.o
 .debug_info    0x00006f50      0x8e7 ./Drivers/STM32F4xx_HAL_Driver/Src/stm32f4xx_hal_dma.o
 .debug_info    0x00007837      0x70b ./Drivers/STM32F4xx_HAL_Driver/Src/stm32f4xx_hal_gpio.o
 .debug_info    0x00007f42      0x8ff ./Drivers/STM32F4xx_HAL_Driver/Src/stm32f4xx_hal_rcc.o
 .debug_info    0x00008841      0x960 ./Drivers/STM32F4xx_HAL_Driver/Src/stm32f4xx_hal_rcc_ex.o
 .debug_info    0x000091a1     0x299d ./Drivers/STM32F4xx_HAL_Driver/Src/stm32f4xx_hal_tim.o
 .debug_info    0x0000bb3e     0x14db ./Drivers/STM32F4xx_HAL_Driver/Src/stm32f4xx_hal_tim_ex.o
 .debug_info    0x0000d019     0x2f4f ./Drivers/STM32F4xx_HAL_Driver/Src/stm32f4xx_hal_uart.o

.debug_abbrev   0x00000000     0x2713
 .debug_abbrev  0x00000000      0x282 ./Core/Src/comm.o
 .debug_abbrev  0x00000282      0x2fa ./Core/Src/main.o
 .debug_abbrev  0x0000057c      0x228 ./Core/Src/sec_convey.o
 .debug_abbrev  0x000007a4       0xf8 ./Core/Src/sensor.o
 .debug_abbrev  0x0000089c      0x114 ./Core/Src/sequence.o
 .debug_abbrev  0x000009b0      0x25c ./Core/Src/stepper.o
 .debug_abbrev  0x00000c0c      0x1de ./Core/Src/stm32f4xx_hal_msp.o
 .debug_abbrev  0x00000dea      0x1b1 ./Core/Src/stm32f4xx_it.o
 .debug_abbrev  0x00000f9b      0x11a ./Core/Src/system_stm32f4xx.o
 .debug_abbrev  0x000010b5       0x24 ./Core/Startup/startup_stm32f446retx.o
 .debug_abbrev  0x000010d9      0x214 ./Drivers/STM32F4xx_HAL_Driver/Src/stm32f4xx_hal.o
 .debug_abbrev  0x000012ed      0x31d ./Drivers/STM32F4xx_HAL_Driver/Src/stm32f4xx_hal_cortex.o
 .debug_abbrev  0x0000160a      0x264 ./Drivers/STM32F4xx_HAL_Driver/Src/stm32f4xx_hal_dma.o
 .debug_abbrev  0x0000186e      0x1d4 ./Drivers/STM32F4xx_HAL_Driver/Src/stm32f4xx_hal_gpio.o
 .debug_abbrev  0x00001a42      0x2b7 ./Drivers/STM32F4xx_HAL_Driver/Src/stm32f4xx_hal_rcc.o
 .debug_abbrev  0x00001cf9      0x211 ./Drivers/STM32F4xx_HAL_Driver/Src/stm32f4xx_hal_rcc_ex.o
 .debug_abbrev  0x00001f0a      0x278 ./Drivers/STM32F4xx_HAL_Driver/Src/stm32f4xx_hal_tim.o
 .debug_abbrev  0x00002182      0x283 ./Drivers/STM32F4xx_HAL_Driver/Src/stm32f4xx_hal_tim_ex.o
 .debug_abbrev  0x00002405      0x30e ./Drivers/STM32F4xx_HAL_Driver/Src/stm32f4xx_hal_uart.o

.debug_aranges  0x00000000      0xe88
 .debug_aranges
                0x00000000       0xa0 ./Core/Src/comm.o
 .debug_aranges
                0x000000a0       0x68 ./Core/Src/main.o
 .debug_aranges
                0x00000108       0x48 ./Core/Src/sec_convey.o
 .debug_aranges
                0x00000150       0x28 ./Core/Src/sensor.o
 .debug_aranges
                0x00000178       0x48 ./Core/Src/sequence.o
 .debug_aranges
                0x000001c0       0x68 ./Core/Src/stepper.o
 .debug_aranges
                0x00000228       0x48 ./Core/Src/stm32f4xx_hal_msp.o
 .debug_aranges
                0x00000270       0x80 ./Core/Src/stm32f4xx_it.o
 .debug_aranges
                0x000002f0       0x28 ./Core/Src/system_stm32f4xx.o
 .debug_aranges
                0x00000318       0x28 ./Core/Startup/startup_stm32f446retx.o
 .debug_aranges
                0x00000340       0xf0 ./Drivers/STM32F4xx_HAL_Driver/Src/stm32f4xx_hal.o
 .debug_aranges
                0x00000430      0x130 ./Drivers/STM32F4xx_HAL_Driver/Src/stm32f4xx_hal_cortex.o
 .debug_aranges
                0x00000560       0x90 ./Drivers/STM32F4xx_HAL_Driver/Src/stm32f4xx_hal_dma.o
 .debug_aranges
                0x000005f0       0x58 ./Drivers/STM32F4xx_HAL_Driver/Src/stm32f4xx_hal_gpio.o
 .debug_aranges
                0x00000648       0x88 ./Drivers/STM32F4xx_HAL_Driver/Src/stm32f4xx_hal_rcc.o
 .debug_aranges
                0x000006d0       0x78 ./Drivers/STM32F4xx_HAL_Driver/Src/stm32f4xx_hal_rcc_ex.o
 .debug_aranges
                0x00000748      0x3d0 ./Drivers/STM32F4xx_HAL_Driver/Src/stm32f4xx_hal_tim.o
 .debug_aranges
                0x00000b18      0x168 ./Drivers/STM32F4xx_HAL_Driver/Src/stm32f4xx_hal_tim_ex.o
 .debug_aranges
                0x00000c80      0x208 ./Drivers/STM32F4xx_HAL_Driver/Src/stm32f4xx_hal_uart.o

.debug_rnglists
                0x00000000      0xb49
 .debug_rnglists
                0x00000000       0x75 ./Core/Src/comm.o
 .debug_rnglists
                0x00000075       0x4d ./Core/Src/main.o
 .debug_rnglists
                0x000000c2       0x32 ./Core/Src/sec_convey.o
 .debug_rnglists
                0x000000f4       0x19 ./Core/Src/sensor.o
 .debug_rnglists
                0x0000010d       0x32 ./Core/Src/sequence.o
 .debug_rnglists
                0x0000013f       0x4b ./Core/Src/stepper.o
 .debug_rnglists
                0x0000018a       0x34 ./Core/Src/stm32f4xx_hal_msp.o
 .debug_rnglists
                0x000001be       0x5b ./Core/Src/stm32f4xx_it.o
 .debug_rnglists
                0x00000219       0x1a ./Core/Src/system_stm32f4xx.o
 .debug_rnglists
                0x00000233       0x19 ./Core/Startup/startup_stm32f446retx.o
 .debug_rnglists
                0x0000024c       0xaf ./Drivers/STM32F4xx_HAL_Driver/Src/stm32f4xx_hal.o
 .debug_rnglists
                0x000002fb       0xe0 ./Drivers/STM32F4xx_HAL_Driver/Src/stm32f4xx_hal_cortex.o
 .debug_rnglists
                0x000003db       0x70 ./Drivers/STM32F4xx_HAL_Driver/Src/stm32f4xx_hal_dma.o
 .debug_rnglists
                0x0000044b       0x3f ./Drivers/STM32F4xx_HAL_Driver/Src/stm32f4xx_hal_gpio.o
 .debug_rnglists
                0x0000048a       0x66 ./Drivers/STM32F4xx_HAL_Driver/Src/stm32f4xx_hal_rcc.o
 .debug_rnglists
                0x000004f0       0x5e ./Drivers/STM32F4xx_HAL_Driver/Src/stm32f4xx_hal_rcc_ex.o
 .debug_rnglists
                0x0000054e      0x31a ./Drivers/STM32F4xx_HAL_Driver/Src/stm32f4xx_hal_tim.o
 .debug_rnglists
                0x00000868      0x125 ./Drivers/STM32F4xx_HAL_Driver/Src/stm32f4xx_hal_tim_ex.o
 .debug_rnglists
                0x0000098d      0x1bc ./Drivers/STM32F4xx_HAL_Driver/Src/stm32f4xx_hal_uart.o

.debug_macro    0x00000000    0x227e5
 .debug_macro   0x00000000      0x2be ./Core/Src/comm.o
 .debug_macro   0x000002be      0xad8 ./Core/Src/comm.o
 .debug_macro   0x00000d96      0x29b ./Core/Src/comm.o
 .debug_macro   0x00001031       0x2e ./Core/Src/comm.o
 .debug_macro   0x0000105f       0x28 ./Core/Src/comm.o
 .debug_macro   0x00001087       0x22 ./Core/Src/comm.o
 .debug_macro   0x000010a9       0x8e ./Core/Src/comm.o
 .debug_macro   0x00001137       0x51 ./Core/Src/comm.o
 .debug_macro   0x00001188      0x103 ./Core/Src/comm.o
 .debug_macro   0x0000128b       0x6a ./Core/Src/comm.o
 .debug_macro   0x000012f5      0x1df ./Core/Src/comm.o
 .debug_macro   0x000014d4       0x1c ./Core/Src/comm.o
 .debug_macro   0x000014f0       0x22 ./Core/Src/comm.o
 .debug_macro   0x00001512       0xfb ./Core/Src/comm.o
 .debug_macro   0x0000160d     0x1011 ./Core/Src/comm.o
 .debug_macro   0x0000261e      0x11f ./Core/Src/comm.o
 .debug_macro   0x0000273d    0x1675e ./Core/Src/comm.o
 .debug_macro   0x00018e9b       0x6d ./Core/Src/comm.o
 .debug_macro   0x00018f08     0x3693 ./Core/Src/comm.o
 .debug_macro   0x0001c59b      0x190 ./Core/Src/comm.o
 .debug_macro   0x0001c72b       0x5c ./Core/Src/comm.o
 .debug_macro   0x0001c787      0xca5 ./Core/Src/comm.o
 .debug_macro   0x0001d42c      0x9e9 ./Core/Src/comm.o
 .debug_macro   0x0001de15      0x115 ./Core/Src/comm.o
 .debug_macro   0x0001df2a      0x1a0 ./Core/Src/comm.o
 .debug_macro   0x0001e0ca       0xa5 ./Core/Src/comm.o
 .debug_macro   0x0001e16f      0x16d ./Core/Src/comm.o
 .debug_macro   0x0001e2dc      0x287 ./Core/Src/comm.o
 .debug_macro   0x0001e563       0x5f ./Core/Src/comm.o
 .debug_macro   0x0001e5c2      0x236 ./Core/Src/comm.o
 .debug_macro   0x0001e7f8      0x132 ./Core/Src/comm.o
 .debug_macro   0x0001e92a      0x29c ./Core/Src/comm.o
 .debug_macro   0x0001ebc6       0x2e ./Core/Src/comm.o
 .debug_macro   0x0001ebf4      0x127 ./Core/Src/comm.o
 .debug_macro   0x0001ed1b       0xe8 ./Core/Src/comm.o
 .debug_macro   0x0001ee03       0x89 ./Core/Src/comm.o
 .debug_macro   0x0001ee8c      0x8ed ./Core/Src/comm.o
 .debug_macro   0x0001f779       0x53 ./Core/Src/comm.o
 .debug_macro   0x0001f7cc      0x2aa ./Core/Src/comm.o
 .debug_macro   0x0001fa76      0x126 ./Core/Src/comm.o
 .debug_macro   0x0001fb9c       0x22 ./Core/Src/comm.o
 .debug_macro   0x0001fbbe       0x94 ./Core/Src/comm.o
 .debug_macro   0x0001fc52       0x61 ./Core/Src/comm.o
 .debug_macro   0x0001fcb3       0x2a ./Core/Src/comm.o
 .debug_macro   0x0001fcdd       0x43 ./Core/Src/comm.o
 .debug_macro   0x0001fd20       0x34 ./Core/Src/comm.o
 .debug_macro   0x0001fd54      0x370 ./Core/Src/comm.o
 .debug_macro   0x000200c4       0x16 ./Core/Src/comm.o
 .debug_macro   0x000200da       0x4a ./Core/Src/comm.o
 .debug_macro   0x00020124       0x34 ./Core/Src/comm.o
 .debug_macro   0x00020158       0x10 ./Core/Src/comm.o
 .debug_macro   0x00020168       0x58 ./Core/Src/comm.o
 .debug_macro   0x000201c0       0x8e ./Core/Src/comm.o
 .debug_macro   0x0002024e       0x1c ./Core/Src/comm.o
 .debug_macro   0x0002026a      0x185 ./Core/Src/comm.o
 .debug_macro   0x000203ef       0x10 ./Core/Src/comm.o
 .debug_macro   0x000203ff       0x3c ./Core/Src/comm.o
 .debug_macro   0x0002043b       0x20 ./Core/Src/comm.o
 .debug_macro   0x0002045b      0x2f2 ./Core/Src/main.o
 .debug_macro   0x0002074d       0x46 ./Core/Src/main.o
 .debug_macro   0x00020793       0x9a ./Core/Src/main.o
 .debug_macro   0x0002082d       0x16 ./Core/Src/main.o
 .debug_macro   0x00020843      0x1ea ./Core/Src/sec_convey.o
 .debug_macro   0x00020a2d      0x1e1 ./Core/Src/sensor.o
 .debug_macro   0x00020c0e      0x274 ./Core/Src/sequence.o
 .debug_macro   0x00020e82      0x2b6 ./Core/Src/stepper.o
 .debug_macro   0x00021138       0x16 ./Core/Src/stepper.o
 .debug_macro   0x0002114e       0x16 ./Core/Src/stepper.o
 .debug_macro   0x00021164       0x29 ./Core/Src/stepper.o
 .debug_macro   0x0002118d      0x1d8 ./Core/Src/stm32f4xx_hal_msp.o
 .debug_macro   0x00021365      0x1e2 ./Core/Src/stm32f4xx_it.o
 .debug_macro   0x00021547      0x1ce ./Core/Src/system_stm32f4xx.o
 .debug_macro   0x00021715      0x22e ./Drivers/STM32F4xx_HAL_Driver/Src/stm32f4xx_hal.o
 .debug_macro   0x00021943      0x1ce ./Drivers/STM32F4xx_HAL_Driver/Src/stm32f4xx_hal_cortex.o
 .debug_macro   0x00021b11      0x1d4 ./Drivers/STM32F4xx_HAL_Driver/Src/stm32f4xx_hal_dma.o
 .debug_macro   0x00021ce5      0x1d4 ./Drivers/STM32F4xx_HAL_Driver/Src/stm32f4xx_hal_gpio.o
 .debug_macro   0x00021eb9      0x1f2 ./Drivers/STM32F4xx_HAL_Driver/Src/stm32f4xx_hal_rcc.o
 .debug_macro   0x000220ab      0x1ce ./Drivers/STM32F4xx_HAL_Driver/Src/stm32f4xx_hal_rcc_ex.o
 .debug_macro   0x00022279      0x1cf ./Drivers/STM32F4xx_HAL_Driver/Src/stm32f4xx_hal_tim.o
 .debug_macro   0x00022448      0x1ce ./Drivers/STM32F4xx_HAL_Driver/Src/stm32f4xx_hal_tim_ex.o
 .debug_macro   0x00022616      0x1cf ./Drivers/STM32F4xx_HAL_Driver/Src/stm32f4xx_hal_uart.o

.debug_line     0x00000000    0x11fa7
 .debug_line    0x00000000      0xb2d ./Core/Src/comm.o
 .debug_line    0x00000b2d      0xb42 ./Core/Src/main.o
 .debug_line    0x0000166f      0x81c ./Core/Src/sec_convey.o
 .debug_line    0x00001e8b      0x764 ./Core/Src/sensor.o
 .debug_line    0x000025ef      0xa68 ./Core/Src/sequence.o
 .debug_line    0x00003057      0xa0a ./Core/Src/stepper.o
 .debug_line    0x00003a61      0x844 ./Core/Src/stm32f4xx_hal_msp.o
 .debug_line    0x000042a5      0x855 ./Core/Src/stm32f4xx_it.o
 .debug_line    0x00004afa      0x7bc ./Core/Src/system_stm32f4xx.o
 .debug_line    0x000052b6       0x7a ./Core/Startup/startup_stm32f446retx.o
 .debug_line    0x00005330      0xa38 ./Drivers/STM32F4xx_HAL_Driver/Src/stm32f4xx_hal.o
 .debug_line    0x00005d68      0xd08 ./Drivers/STM32F4xx_HAL_Driver/Src/stm32f4xx_hal_cortex.o
 .debug_line    0x00006a70      0xfa4 ./Drivers/STM32F4xx_HAL_Driver/Src/stm32f4xx_hal_dma.o
 .debug_line    0x00007a14      0xb7c ./Drivers/STM32F4xx_HAL_Driver/Src/stm32f4xx_hal_gpio.o
 .debug_line    0x00008590      0xe51 ./Drivers/STM32F4xx_HAL_Driver/Src/stm32f4xx_hal_rcc.o
 .debug_line    0x000093e1     0x1501 ./Drivers/STM32F4xx_HAL_Driver/Src/stm32f4xx_hal_rcc_ex.o
 .debug_line    0x0000a8e2     0x37ad ./Drivers/STM32F4xx_HAL_Driver/Src/stm32f4xx_hal_tim.o
 .debug_line    0x0000e08f     0x1998 ./Drivers/STM32F4xx_HAL_Driver/Src/stm32f4xx_hal_tim_ex.o
 .debug_line    0x0000fa27     0x2580 ./Drivers/STM32F4xx_HAL_Driver/Src/stm32f4xx_hal_uart.o

.debug_str      0x00000000    0xd0f50
 .debug_str     0x00000000    0xd0f50 ./Core/Src/comm.o
                              0xcd169 (size before relaxing)
 .debug_str     0x000d0f50    0xcde67 ./Core/Src/main.o
 .debug_str     0x000d0f50    0xc9fcc ./Core/Src/sec_convey.o
 .debug_str     0x000d0f50    0xc9852 ./Core/Src/sensor.o
 .debug_str     0x000d0f50    0xc9e3e ./Core/Src/sequence.o
 .debug_str     0x000d0f50    0xcd269 ./Core/Src/stepper.o
 .debug_str     0x000d0f50    0xca5c9 ./Core/Src/stm32f4xx_hal_msp.o
 .debug_str     0x000d0f50    0xc9f63 ./Core/Src/stm32f4xx_it.o
 .debug_str     0x000d0f50    0xc98c4 ./Core/Src/system_stm32f4xx.o
 .debug_str     0x000d0f50       0xa3 ./Core/Startup/startup_stm32f446retx.o
 .debug_str     0x000d0f50    0xca489 ./Drivers/STM32F4xx_HAL_Driver/Src/stm32f4xx_hal.o
 .debug_str     0x000d0f50    0xca1e0 ./Drivers/STM32F4xx_HAL_Driver/Src/stm32f4xx_hal_cortex.o
 .debug_str     0x000d0f50    0xc9cb9 ./Drivers/STM32F4xx_HAL_Driver/Src/stm32f4xx_hal_dma.o
 .debug_str     0x000d0f50    0xc9a3f ./Drivers/STM32F4xx_HAL_Driver/Src/stm32f4xx_hal_gpio.o
 .debug_str     0x000d0f50    0xc9cfd ./Drivers/STM32F4xx_HAL_Driver/Src/stm32f4xx_hal_rcc.o
 .debug_str     0x000d0f50    0xc9d30 ./Drivers/STM32F4xx_HAL_Driver/Src/stm32f4xx_hal_rcc_ex.o
 .debug_str     0x000d0f50    0xcac29 ./Drivers/STM32F4xx_HAL_Driver/Src/stm32f4xx_hal_tim.o
 .debug_str     0x000d0f50    0xca435 ./Drivers/STM32F4xx_HAL_Driver/Src/stm32f4xx_hal_tim_ex.o
 .debug_str     0x000d0f50    0xca2b4 ./Drivers/STM32F4xx_HAL_Driver/Src/stm32f4xx_hal_uart.o

.comment        0x00000000       0x43
 .comment       0x00000000       0x43 ./Core/Src/comm.o
                                 0x44 (size before relaxing)
 .comment       0x00000043       0x44 ./Core/Src/main.o
 .comment       0x00000043       0x44 ./Core/Src/sec_convey.o
 .comment       0x00000043       0x44 ./Core/Src/sensor.o
 .comment       0x00000043       0x44 ./Core/Src/sequence.o
 .comment       0x00000043       0x44 ./Core/Src/stepper.o
 .comment       0x00000043       0x44 ./Core/Src/stm32f4xx_hal_msp.o
 .comment       0x00000043       0x44 ./Core/Src/stm32f4xx_it.o
 .comment       0x00000043       0x44 ./Core/Src/system_stm32f4xx.o
 .comment       0x00000043       0x44 ./Drivers/STM32F4xx_HAL_Driver/Src/stm32f4xx_hal.o
 .comment       0x00000043       0x44 ./Drivers/STM32F4xx_HAL_Driver/Src/stm32f4xx_hal_cortex.o
 .comment       0x00000043       0x44 ./Drivers/STM32F4xx_HAL_Driver/Src/stm32f4xx_hal_dma.o
 .comment       0x00000043       0x44 ./Drivers/STM32F4xx_HAL_Driver/Src/stm32f4xx_hal_gpio.o
 .comment       0x00000043       0x44 ./Drivers/STM32F4xx_HAL_Driver/Src/stm32f4xx_hal_rcc.o
 .comment       0x00000043       0x44 ./Drivers/STM32F4xx_HAL_Driver/Src/stm32f4xx_hal_rcc_ex.o
 .comment       0x00000043       0x44 ./Drivers/STM32F4xx_HAL_Driver/Src/stm32f4xx_hal_tim.o
 .comment       0x00000043       0x44 ./Drivers/STM32F4xx_HAL_Driver/Src/stm32f4xx_hal_tim_ex.o
 .comment       0x00000043       0x44 ./Drivers/STM32F4xx_HAL_Driver/Src/stm32f4xx_hal_uart.o

.debug_frame    0x00000000     0x3bc8
 .debug_frame   0x00000000      0x25c ./Core/Src/comm.o
 .debug_frame   0x0000025c      0x15c ./Core/Src/main.o
 .debug_frame   0x000003b8       0xe0 ./Core/Src/sec_convey.o
 .debug_frame   0x00000498       0x48 ./Core/Src/sensor.o
 .debug_frame   0x000004e0       0xc0 ./Core/Src/sequence.o
 .debug_frame   0x000005a0      0x15c ./Core/Src/stepper.o
 .debug_frame   0x000006fc       0xec ./Core/Src/stm32f4xx_hal_msp.o
 .debug_frame   0x000007e8      0x174 ./Core/Src/stm32f4xx_it.o
 .debug_frame   0x0000095c       0x58 ./Core/Src/system_stm32f4xx.o
 .debug_frame   0x000009b4      0x374 ./Drivers/STM32F4xx_HAL_Driver/Src/stm32f4xx_hal.o
 .debug_frame   0x00000d28      0x508 ./Drivers/STM32F4xx_HAL_Driver/Src/stm32f4xx_hal_cortex.o
 .debug_frame   0x00001230      0x250 ./Drivers/STM32F4xx_HAL_Driver/Src/stm32f4xx_hal_dma.o
 .debug_frame   0x00001480      0x14c ./Drivers/STM32F4xx_HAL_Driver/Src/stm32f4xx_hal_gpio.o
 .debug_frame   0x000015cc      0x1f4 ./Drivers/STM32F4xx_HAL_Driver/Src/stm32f4xx_hal_rcc.o
 .debug_frame   0x000017c0      0x1e8 ./Drivers/STM32F4xx_HAL_Driver/Src/stm32f4xx_hal_rcc_ex.o
 .debug_frame   0x000019a8     0x11c0 ./Drivers/STM32F4xx_HAL_Driver/Src/stm32f4xx_hal_tim.o
 .debug_frame   0x00002b68      0x638 ./Drivers/STM32F4xx_HAL_Driver/Src/stm32f4xx_hal_tim_ex.o
 .debug_frame   0x000031a0      0x954 ./Drivers/STM32F4xx_HAL_Driver/Src/stm32f4xx_hal_uart.o
 .debug_frame   0x00003af4       0x20 C:/ST/STM32CubeIDE_1.18.0/STM32CubeIDE/plugins/com.st.stm32cube.ide.mcu.externaltools.gnu-tools-for-stm32.13.3.rel1.win32_1.0.0.202411081344/tools/bin/../lib/gcc/arm-none-eabi/13.3.1/../../../../arm-none-eabi/lib/thumb/v7e-m+fp/hard\libc_nano.a(libc_a-memset.o)
 .debug_frame   0x00003b14       0x2c C:/ST/STM32CubeIDE_1.18.0/STM32CubeIDE/plugins/com.st.stm32cube.ide.mcu.externaltools.gnu-tools-for-stm32.13.3.rel1.win32_1.0.0.202411081344/tools/bin/../lib/gcc/arm-none-eabi/13.3.1/../../../../arm-none-eabi/lib/thumb/v7e-m+fp/hard\libc_nano.a(libc_a-init.o)
 .debug_frame   0x00003b40       0x28 C:/ST/STM32CubeIDE_1.18.0/STM32CubeIDE/plugins/com.st.stm32cube.ide.mcu.externaltools.gnu-tools-for-stm32.13.3.rel1.win32_1.0.0.202411081344/tools/bin/../lib/gcc/arm-none-eabi/13.3.1/../../../../arm-none-eabi/lib/thumb/v7e-m+fp/hard\libc_nano.a(libc_a-memcpy-stub.o)
 .debug_frame   0x00003b68       0x2c C:/ST/STM32CubeIDE_1.18.0/STM32CubeIDE/plugins/com.st.stm32cube.ide.mcu.externaltools.gnu-tools-for-stm32.13.3.rel1.win32_1.0.0.202411081344/tools/bin/../lib/gcc/arm-none-eabi/13.3.1/thumb/v7e-m+fp/hard\libgcc.a(_aeabi_uldivmod.o)
 .debug_frame   0x00003b94       0x34 C:/ST/STM32CubeIDE_1.18.0/STM32CubeIDE/plugins/com.st.stm32cube.ide.mcu.externaltools.gnu-tools-for-stm32.13.3.rel1.win32_1.0.0.202411081344/tools/bin/../lib/gcc/arm-none-eabi/13.3.1/thumb/v7e-m+fp/hard\libgcc.a(_udivmoddi4.o)

.debug_line_str
                0x00000000       0x87
 .debug_line_str
                0x00000000       0x87 ./Core/Startup/startup_stm32f446retx.o
