Archive member included to satisfy reference by file (symbol)

C:/ST/STM32CubeIDE_1.18.0/STM32CubeIDE/plugins/com.st.stm32cube.ide.mcu.externaltools.gnu-tools-for-stm32.13.3.rel1.win32_1.0.0.202411081344/tools/bin/../lib/gcc/arm-none-eabi/13.3.1/../../../../arm-none-eabi/lib/thumb/v7e-m+fp/hard\libc_nano.a(libc_a-exit.o)
                              C:/ST/STM32CubeIDE_1.18.0/STM32CubeIDE/plugins/com.st.stm32cube.ide.mcu.externaltools.gnu-tools-for-stm32.13.3.rel1.win32_1.0.0.202411081344/tools/bin/../lib/gcc/arm-none-eabi/13.3.1/../../../../arm-none-eabi/lib/thumb/v7e-m+fp/hard/crt0.o (exit)
C:/ST/STM32CubeIDE_1.18.0/STM32CubeIDE/plugins/com.st.stm32cube.ide.mcu.externaltools.gnu-tools-for-stm32.13.3.rel1.win32_1.0.0.202411081344/tools/bin/../lib/gcc/arm-none-eabi/13.3.1/../../../../arm-none-eabi/lib/thumb/v7e-m+fp/hard\libc_nano.a(libc_a-findfp.o)
                              C:/ST/STM32CubeIDE_1.18.0/STM32CubeIDE/plugins/com.st.stm32cube.ide.mcu.externaltools.gnu-tools-for-stm32.13.3.rel1.win32_1.0.0.202411081344/tools/bin/../lib/gcc/arm-none-eabi/13.3.1/../../../../arm-none-eabi/lib/thumb/v7e-m+fp/hard\libc_nano.a(libc_a-exit.o) (__stdio_exit_handler)
C:/ST/STM32CubeIDE_1.18.0/STM32CubeIDE/plugins/com.st.stm32cube.ide.mcu.externaltools.gnu-tools-for-stm32.13.3.rel1.win32_1.0.0.202411081344/tools/bin/../lib/gcc/arm-none-eabi/13.3.1/../../../../arm-none-eabi/lib/thumb/v7e-m+fp/hard\libc_nano.a(libc_a-fwalk.o)
                              C:/ST/STM32CubeIDE_1.18.0/STM32CubeIDE/plugins/com.st.stm32cube.ide.mcu.externaltools.gnu-tools-for-stm32.13.3.rel1.win32_1.0.0.202411081344/tools/bin/../lib/gcc/arm-none-eabi/13.3.1/../../../../arm-none-eabi/lib/thumb/v7e-m+fp/hard\libc_nano.a(libc_a-findfp.o) (_fwalk_sglue)
C:/ST/STM32CubeIDE_1.18.0/STM32CubeIDE/plugins/com.st.stm32cube.ide.mcu.externaltools.gnu-tools-for-stm32.13.3.rel1.win32_1.0.0.202411081344/tools/bin/../lib/gcc/arm-none-eabi/13.3.1/../../../../arm-none-eabi/lib/thumb/v7e-m+fp/hard\libc_nano.a(libc_a-stdio.o)
                              C:/ST/STM32CubeIDE_1.18.0/STM32CubeIDE/plugins/com.st.stm32cube.ide.mcu.externaltools.gnu-tools-for-stm32.13.3.rel1.win32_1.0.0.202411081344/tools/bin/../lib/gcc/arm-none-eabi/13.3.1/../../../../arm-none-eabi/lib/thumb/v7e-m+fp/hard\libc_nano.a(libc_a-findfp.o) (__sread)
C:/ST/STM32CubeIDE_1.18.0/STM32CubeIDE/plugins/com.st.stm32cube.ide.mcu.externaltools.gnu-tools-for-stm32.13.3.rel1.win32_1.0.0.202411081344/tools/bin/../lib/gcc/arm-none-eabi/13.3.1/../../../../arm-none-eabi/lib/thumb/v7e-m+fp/hard\libc_nano.a(libc_a-memset.o)
                              C:/ST/STM32CubeIDE_1.18.0/STM32CubeIDE/plugins/com.st.stm32cube.ide.mcu.externaltools.gnu-tools-for-stm32.13.3.rel1.win32_1.0.0.202411081344/tools/bin/../lib/gcc/arm-none-eabi/13.3.1/../../../../arm-none-eabi/lib/thumb/v7e-m+fp/hard/crt0.o (memset)
C:/ST/STM32CubeIDE_1.18.0/STM32CubeIDE/plugins/com.st.stm32cube.ide.mcu.externaltools.gnu-tools-for-stm32.13.3.rel1.win32_1.0.0.202411081344/tools/bin/../lib/gcc/arm-none-eabi/13.3.1/../../../../arm-none-eabi/lib/thumb/v7e-m+fp/hard\libc_nano.a(libc_a-strncpy.o)
                              ./Core/Src/test1.o (strncpy)
C:/ST/STM32CubeIDE_1.18.0/STM32CubeIDE/plugins/com.st.stm32cube.ide.mcu.externaltools.gnu-tools-for-stm32.13.3.rel1.win32_1.0.0.202411081344/tools/bin/../lib/gcc/arm-none-eabi/13.3.1/../../../../arm-none-eabi/lib/thumb/v7e-m+fp/hard\libc_nano.a(libc_a-closer.o)
                              C:/ST/STM32CubeIDE_1.18.0/STM32CubeIDE/plugins/com.st.stm32cube.ide.mcu.externaltools.gnu-tools-for-stm32.13.3.rel1.win32_1.0.0.202411081344/tools/bin/../lib/gcc/arm-none-eabi/13.3.1/../../../../arm-none-eabi/lib/thumb/v7e-m+fp/hard\libc_nano.a(libc_a-stdio.o) (_close_r)
C:/ST/STM32CubeIDE_1.18.0/STM32CubeIDE/plugins/com.st.stm32cube.ide.mcu.externaltools.gnu-tools-for-stm32.13.3.rel1.win32_1.0.0.202411081344/tools/bin/../lib/gcc/arm-none-eabi/13.3.1/../../../../arm-none-eabi/lib/thumb/v7e-m+fp/hard\libc_nano.a(libc_a-reent.o)
                              C:/ST/STM32CubeIDE_1.18.0/STM32CubeIDE/plugins/com.st.stm32cube.ide.mcu.externaltools.gnu-tools-for-stm32.13.3.rel1.win32_1.0.0.202411081344/tools/bin/../lib/gcc/arm-none-eabi/13.3.1/../../../../arm-none-eabi/lib/thumb/v7e-m+fp/hard\libc_nano.a(libc_a-closer.o) (errno)
C:/ST/STM32CubeIDE_1.18.0/STM32CubeIDE/plugins/com.st.stm32cube.ide.mcu.externaltools.gnu-tools-for-stm32.13.3.rel1.win32_1.0.0.202411081344/tools/bin/../lib/gcc/arm-none-eabi/13.3.1/../../../../arm-none-eabi/lib/thumb/v7e-m+fp/hard\libc_nano.a(libc_a-impure.o)
                              C:/ST/STM32CubeIDE_1.18.0/STM32CubeIDE/plugins/com.st.stm32cube.ide.mcu.externaltools.gnu-tools-for-stm32.13.3.rel1.win32_1.0.0.202411081344/tools/bin/../lib/gcc/arm-none-eabi/13.3.1/../../../../arm-none-eabi/lib/thumb/v7e-m+fp/hard\libc_nano.a(libc_a-reent.o) (_impure_ptr)
[...]
Memory Configuration

Name             Origin             Length             Attributes
RAM              0x20000000         0x00020000         xrw
FLASH            0x08000000         0x00080000         xr
*default*        0x00000000         0xffffffff

Linker script and memory map

LOAD C:/ST/STM32CubeIDE_1.18.0/STM32CubeIDE/plugins/com.st.stm32cube.ide.mcu.externaltools.gnu-tools-for-stm32.13.3.rel1.win32_1.0.0.202411081344/tools/bin/../lib/gcc/arm-none-eabi/13.3.1/thumb/v7e-m+fp/hard/crti.o
LOAD C:/ST/STM32CubeIDE_1.18.0/STM32CubeIDE/plugins/com.st.stm32cube.ide.mcu.externaltools.gnu-tools-for-stm32.13.3.rel1.win32_1.0.0.202411081344/tools/bin/../lib/gcc/arm-none-eabi/13.3.1/thumb/v7e-m+fp/hard/crtbegin.o
LOAD C:/ST/STM32CubeIDE_1.18.0/STM32CubeIDE/plugins/com.st.stm32cube.ide.mcu.externaltools.gnu-tools-for-stm32.13.3.rel1.win32_1.0.0.202411081344/tools/bin/../lib/gcc/arm-none-eabi/13.3.1/../../../../arm-none-eabi/lib/thumb/v7e-m+fp/hard/crt0.o
LOAD ./Core/Src/cartesian.o
LOAD ./Core/Src/comm.o
LOAD ./Core/Src/first_convey.o
LOAD ./Core/Src/main.o
LOAD ./Core/Src/sensor.o
LOAD ./Core/Src/sequence.o
LOAD ./Core/Src/stm32f4xx_hal_msp.o
LOAD ./Core/Src/stm32f4xx_it.o
LOAD ./Core/Src/syscalls.o
LOAD ./Core/Src/sysmem.o
LOAD ./Core/Src/system_stm32f4xx.o
LOAD ./Core/Src/test1.o
LOAD ./Core/Startup/startup_stm32f446retx.o
LOAD ./Drivers/STM32F4xx_HAL_Driver/Src/stm32f4xx_hal.o
LOAD ./Drivers/STM32F4xx_HAL_Driver/Src/stm32f4xx_hal_cortex.o
LOAD ./Drivers/STM32F4xx_HAL_Driver/Src/stm32f4xx_hal_dma.o
LOAD ./Drivers/STM32F4xx_HAL_Driver/Src/stm32f4xx_hal_dma_ex.o
LOAD ./Drivers/STM32F4xx_HAL_Driver/Src/stm32f4xx_hal_exti.o
LOAD ./Drivers/STM32F4xx_HAL_Driver/Src/stm32f4xx_hal_flash.o
LOAD ./Drivers/STM32F4xx_HAL_Driver/Src/stm32f4xx_hal_flash_ex.o
LOAD ./Drivers/STM32F4xx_HAL_Driver/Src/stm32f4xx_hal_flash_ramfunc.o
LOAD ./Drivers/STM32F4xx_HAL_Driver/Src/stm32f4xx_hal_gpio.o
LOAD ./Drivers/STM32F4xx_HAL_Driver/Src/stm32f4xx_hal_pwr.o
LOAD ./Drivers/STM32F4xx_HAL_Driver/Src/stm32f4xx_hal_pwr_ex.o
LOAD ./Drivers/STM32F4xx_HAL_Driver/Src/stm32f4xx_hal_rcc.o
LOAD ./Drivers/STM32F4xx_HAL_Driver/Src/stm32f4xx_hal_rcc_ex.o
LOAD ./Drivers/STM32F4xx_HAL_Driver/Src/stm32f4xx_hal_tim.o
LOAD ./Drivers/STM32F4xx_HAL_Driver/Src/stm32f4xx_hal_tim_ex.o
LOAD ./Drivers/STM32F4xx_HAL_Driver/Src/stm32f4xx_hal_uart.o
START GROUP
LOAD C:/ST/STM32CubeIDE_1.18.0/STM32CubeIDE/plugins/com.st.stm32cube.ide.mcu.externaltools.gnu-tools-for-stm32.13.3.rel1.win32_1.0.0.202411081344/tools/bin/../lib/gcc/arm-none-eabi/13.3.1/../../../../arm-none-eabi/lib/thumb/v7e-m+fp/hard\libc_nano.a
LOAD C:/ST/STM32CubeIDE_1.18.0/STM32CubeIDE/plugins/com.st.stm32cube.ide.mcu.externaltools.gnu-tools-for-stm32.13.3.rel1.win32_1.0.0.202411081344/tools/bin/../lib/gcc/arm-none-eabi/13.3.1/../../../../arm-none-eabi/lib/thumb/v7e-m+fp/hard\libm.a
END GROUP
START GROUP
LOAD C:/ST/STM32CubeIDE_1.18.0/STM32CubeIDE/plugins/com.st.stm32cube.ide.mcu.externaltools.gnu-tools-for-stm32.13.3.rel1.win32_1.0.0.202411081344/tools/bin/../lib/gcc/arm-none-eabi/13.3.1/thumb/v7e-m+fp/hard\libgcc.a
LOAD C:/ST/STM32CubeIDE_1.18.0/STM32CubeIDE/plugins/com.st.stm32cube.ide.mcu.externaltools.gnu-tools-for-stm32.13.3.rel1.win32_1.0.0.202411081344/tools/bin/../lib/gcc/arm-none-eabi/13.3.1/../../../../arm-none-eabi/lib/thumb/v7e-m+fp/hard\libc_nano.a
END GROUP
START GROUP
LOAD C:/ST/STM32CubeIDE_1.18.0/STM32CubeIDE/plugins/com.st.stm32cube.ide.mcu.externaltools.gnu-tools-for-stm32.13.3.rel1.win32_1.0.0.202411081344/tools/bin/../lib/gcc/arm-none-eabi/13.3.1/thumb/v7e-m+fp/hard\libgcc.a
LOAD C:/ST/STM32CubeIDE_1.18.0/STM32CubeIDE/plugins/com.st.stm32cube.ide.mcu.externaltools.gnu-tools-for-stm32.13.3.rel1.win32_1.0.0.202411081344/tools/bin/../lib/gcc/arm-none-eabi/13.3.1/../../../../arm-none-eabi/lib/thumb/v7e-m+fp/hard\libc_nano.a
LOAD C:/ST/STM32CubeIDE_1.18.0/STM32CubeIDE/plugins/com.st.stm32cube.ide.mcu.externaltools.gnu-tools-for-stm32.13.3.rel1.win32_1.0.0.202411081344/tools/bin/../lib/gcc/arm-none-eabi/13.3.1/../../../../arm-none-eabi/lib/thumb/v7e-m+fp/hard\libnosys.a
END GROUP
START GROUP
LOAD C:/ST/STM32CubeIDE_1.18.0/STM32CubeIDE/plugins/com.st.stm32cube.ide.mcu.externaltools.gnu-tools-for-stm32.13.3.rel1.win32_1.0.0.202411081344/tools/bin/../lib/gcc/arm-none-eabi/13.3.1/thumb/v7e-m+fp/hard\libgcc.a
LOAD C:/ST/STM32CubeIDE_1.18.0/STM32CubeIDE/plugins/com.st.stm32cube.ide.mcu.externaltools.gnu-tools-for-stm32.13.3.rel1.win32_1.0.0.202411081344/tools/bin/../lib/gcc/arm-none-eabi/13.3.1/../../../../arm-none-eabi/lib/thumb/v7e-m+fp/hard\libc_nano.a
LOAD C:/ST/STM32CubeIDE_1.18.0/STM32CubeIDE/plugins/com.st.stm32cube.ide.mcu.externaltools.gnu-tools-for-stm32.13.3.rel1.win32_1.0.0.202411081344/tools/bin/../lib/gcc/arm-none-eabi/13.3.1/../../../../arm-none-eabi/lib/thumb/v7e-m+fp/hard\libnosys.a
END GROUP
LOAD C:/ST/STM32CubeIDE_1.18.0/STM32CubeIDE/plugins/com.st.stm32cube.ide.mcu.externaltools.gnu-tools-for-stm32.13.3.rel1.win32_1.0.0.202411081344/tools/bin/../lib/gcc/arm-none-eabi/13.3.1/thumb/v7e-m+fp/hard/crtend.o
LOAD C:/ST/STM32CubeIDE_1.18.0/STM32CubeIDE/plugins/com.st.stm32cube.ide.mcu.externaltools.gnu-tools-for-stm32.13.3.rel1.win32_1.0.0.202411081344/tools/bin/../lib/gcc/arm-none-eabi/13.3.1/thumb/v7e-m+fp/hard/crtn.o
                0x20020000                        _estack = (ORIGIN (RAM) + LENGTH (RAM))
                0x00000200                        _Min_Heap_Size = 0x200
                0x00000400                        _Min_Stack_Size = 0x400

.isr_vector     0x08000000      0x1c4
                0x08000000                        . = ALIGN (0x4)
 *(.isr_vector)
 .isr_vector    0x08000000      0x1c4 ./Core/Startup/startup_stm32f446retx.o
                0x08000000                g_pfnVectors
                0x080001c4                        . = ALIGN (0x4)

.text           0x080001c4     0x63c4
                0x080001c4                        . = ALIGN (0x4)
 *(.text)
 .text          0x080001c4       0x40 C:/ST/STM32CubeIDE_1.18.0/STM32CubeIDE/plugins/com.st.stm32cube.ide.mcu.externaltools.gnu-tools-for-stm32.13.3.rel1.win32_1.0.0.202411081344/tools/bin/../lib/gcc/arm-none-eabi/13.3.1/thumb/v7e-m+fp/hard/crtbegin.o
 .text          0x08000204       0x30 C:/ST/STM32CubeIDE_1.18.0/STM32CubeIDE/plugins/com.st.stm32cube.ide.mcu.externaltools.gnu-tools-for-stm32.13.3.rel1.win32_1.0.0.202411081344/tools/bin/../lib/gcc/arm-none-eabi/13.3.1/thumb/v7e-m+fp/hard\libgcc.a(_aeabi_uldivmod.o)
                0x08000204                __aeabi_uldivmod
 .text          0x08000234      0x2f8 C:/ST/STM32CubeIDE_1.18.0/STM32CubeIDE/plugins/com.st.stm32cube.ide.mcu.externaltools.gnu-tools-for-stm32.13.3.rel1.win32_1.0.0.202411081344/tools/bin/../lib/gcc/arm-none-eabi/13.3.1/thumb/v7e-m+fp/hard\libgcc.a(_udivmoddi4.o)
                0x08000234                __udivmoddi4
 .text          0x0800052c        0x4 C:/ST/STM32CubeIDE_1.18.0/STM32CubeIDE/plugins/com.st.stm32cube.ide.mcu.externaltools.gnu-tools-for-stm32.13.3.rel1.win32_1.0.0.202411081344/tools/bin/../lib/gcc/arm-none-eabi/13.3.1/thumb/v7e-m+fp/hard\libgcc.a(_dvmd_tls.o)
                0x0800052c                __aeabi_idiv0
                0x0800052c                __aeabi_ldiv0
 *(.text*)
 .text.X_MM_TO_STEPS
                0x08000530       0x30 ./Core/Src/cartesian.o
 .text.Z_MM_TO_STEPS
                0x08000560       0x30 ./Core/Src/cartesian.o
 .text.X_MoveToMM
                0x08000590       0x50 ./Core/Src/cartesian.o
 .text.Z_MoveToMM
                0x080005e0       0x50 ./Core/Src/cartesian.o
 .text.TIM2_GetClockHz
                0x08000630       0x2c ./Core/Src/cartesian.o
 .text.TIM5_GetClockHz
                0x0800065c       0x2c ./Core/Src/cartesian.o
 .text.X_StepPWM_SetHz
                0x08000688       0x9c ./Core/Src/cartesian.o
 .text.Z_StepPWM_SetHz
                0x08000724       0x9c ./Core/Src/cartesian.o
 .text.X_SetDir
                0x080007c0       0x24 ./Core/Src/cartesian.o
 .text.Z_SetDir
                0x080007e4       0x40 ./Core/Src/cartesian.o
 .text.X_Enable
                0x08000824       0x28 ./Core/Src/cartesian.o
 .text.Z_Enable
                0x0800084c       0x2c ./Core/Src/cartesian.o
 .text.Pump_Set
                0x08000878       0x24 ./Core/Src/cartesian.o
 .text.X_Stop   0x0800089c       0x4c ./Core/Src/cartesian.o
 .text.Z_Stop   0x080008e8       0x4c ./Core/Src/cartesian.o
 .text.Cartesian_EnableMotors
                0x08000934       0x38 ./Core/Src/cartesian.o
 .text.X_StartMoveSteps
                0x0800096c       0x9c ./Core/Src/cartesian.o
 .text.Z_MoveFixed
                0x08000a08       0xb8 ./Core/Src/cartesian.o
 .text.Z_MoveProfile
                0x08000ac0       0xdc ./Core/Src/cartesian.o
 .text.X_MoveProfile
                0x08000b9c       0xdc ./Core/Src/cartesian.o
 .text.Delay_Start
                0x08000c78       0x34 ./Core/Src/cartesian.o
 .text.Delay_Done
                0x08000cac       0x48 ./Core/Src/cartesian.o
 .text.Cartesian_PrepareCycleAfterHoming
                0x08000cf4       0x64 ./Core/Src/cartesian.o
                0x08000cf4                Cartesian_PrepareCycleAfterHoming
 .text.Cartesian_ResetSequence
                0x08000d58       0x90 ./Core/Src/cartesian.o
                0x08000d58                Cartesian_ResetSequence
 .text.Cartesian_limit
                0x08000de8      0x138 ./Core/Src/cartesian.o
                0x08000de8                Cartesian_limit
 .text.Cartesian_StartHoming
                0x08000f20      0x120 ./Core/Src/cartesian.o
                0x08000f20                Cartesian_StartHoming
 .text.Cartesian_HomingTask
                0x08001040      0x290 ./Core/Src/cartesian.o
                0x08001040                Cartesian_HomingTask
 .text.Cartesian_Task
                0x080012d0      0x300 ./Core/Src/cartesian.o
                0x080012d0                Cartesian_Task
 .text.Cartesian_OnTimPeriodElapsed
                0x080015d0      0x24c ./Core/Src/cartesian.o
                0x080015d0                Cartesian_OnTimPeriodElapsed
 .text.Cartesian_IsHomingDone
                0x0800181c       0x20 ./Core/Src/cartesian.o
                0x0800181c                Cartesian_IsHomingDone
 .text.Cartesian_IsHomingError
                0x0800183c       0x20 ./Core/Src/cartesian.o
                0x0800183c                Cartesian_IsHomingError
 .text.Cartesian_IsCycleDone
                0x0800185c       0x20 ./Core/Src/cartesian.o
                0x0800185c                Cartesian_IsCycleDone
 .text.Cartesian_GetStage
                0x0800187c       0x84 ./Core/Src/cartesian.o
                0x0800187c                Cartesian_GetStage
 .text.Cartesian_TestStopX
                0x08001900        0xc ./Core/Src/cartesian.o
                0x08001900                Cartesian_TestStopX
 .text.Cartesian_TestStopZ
                0x0800190c        0xc ./Core/Src/cartesian.o
                0x0800190c                Cartesian_TestStopZ
 .text.calc_chk
                0x08001918       0x50 ./Core/Src/comm.o
 .text.send_frame
                0x08001968       0xce ./Core/Src/comm.o
 *fill*         0x08001a36        0x2 
 .text.handle_frame
                0x08001a38      0x22c ./Core/Src/comm.o
 .text.process_byte
                0x08001c64       0xf8 ./Core/Src/comm.o
 .text.Comm_Init
                0x08001d5c       0x28 ./Core/Src/comm.o
                0x08001d5c                Comm_Init
 .text.Comm_Rasp_RxCallback
                0x08001d84       0x48 ./Core/Src/comm.o
                0x08001d84                Comm_Rasp_RxCallback
 .text.Comm_GetCrf
                0x08001dcc       0x18 ./Core/Src/comm.o
                0x08001dcc                Comm_GetCrf
 .text.Comm_GetC1f
                0x08001de4       0x18 ./Core/Src/comm.o
                0x08001de4                Comm_GetC1f
 .text.Comm_SetC1f
                0x08001dfc       0x20 ./Core/Src/comm.o
                0x08001dfc                Comm_SetC1f
 .text.Comm_IsEstop
                0x08001e1c       0x18 ./Core/Src/comm.o
                0x08001e1c                Comm_IsEstop
 .text.Comm_ClearEstop
                0x08001e34       0x18 ./Core/Src/comm.o
                0x08001e34                Comm_ClearEstop
 .text.Comm_IsReset
                0x08001e4c       0x18 ./Core/Src/comm.o
                0x08001e4c                Comm_IsReset
 .text.Comm_ClearReset
                0x08001e64       0x18 ./Core/Src/comm.o
                0x08001e64                Comm_ClearReset
 .text.Comm_ClearAllFlags
                0x08001e7c       0xc4 ./Core/Src/comm.o
                0x08001e7c                Comm_ClearAllFlags
 .text.Comm_SendState
                0x08001f40       0x28 ./Core/Src/comm.o
                0x08001f40                Comm_SendState
 .text.Comm_SendDone
                0x08001f68       0x28 ./Core/Src/comm.o
                0x08001f68                Comm_SendDone
 .text.Comm_SendError
                0x08001f90       0x28 ./Core/Src/comm.o
                0x08001f90                Comm_SendError
 .text.TIM3_GetClockHz
                0x08001fb8       0x2c ./Core/Src/first_convey.o
 .text.StepPWM_SetHz
                0x08001fe4       0x68 ./Core/Src/first_convey.o
 .text.FirstConvey_SetIrEnabled
                0x0800204c       0x20 ./Core/Src/first_convey.o
                0x0800204c                FirstConvey_SetIrEnabled
 .text.Motor_SetDir
                0x0800206c       0x24 ./Core/Src/first_convey.o
 .text.Motor_Enable
                0x08002090       0x24 ./Core/Src/first_convey.o
 .text.Motor_Start
                0x080020b4       0x34 ./Core/Src/first_convey.o
 .text.Motor_Stop
                0x080020e8       0x1c ./Core/Src/first_convey.o
 .text.Conveyor_Run
                0x08002104       0x6c ./Core/Src/first_convey.o
 .text.Conveyor_PostIrMove
                0x08002170       0x30 ./Core/Src/first_convey.o
 .text.FirstConvey_Reset
                0x080021a0       0x44 ./Core/Src/first_convey.o
                0x080021a0                FirstConvey_Reset
 .text.Conveyor_Stop
                0x080021e4        0xe ./Core/Src/first_convey.o
 *fill*         0x080021f2        0x2 
 .text.FirstConvey_Task
                0x080021f4       0x2c ./Core/Src/first_convey.o
                0x080021f4                FirstConvey_Task
 .text.FirstConvey_IsStopped
                0x08002220       0x20 ./Core/Src/first_convey.o
                0x08002220                FirstConvey_IsStopped
 .text.FirstConvey_MoveDistance
                0x08002240       0x6c ./Core/Src/first_convey.o
                0x08002240                FirstConvey_MoveDistance
 .text.FirstConvey_IsMoveDone
                0x080022ac       0x30 ./Core/Src/first_convey.o
                0x080022ac                FirstConvey_IsMoveDone
 .text.FirstConvey_ForceStop
                0x080022dc       0x3c ./Core/Src/first_convey.o
                0x080022dc                FirstConvey_ForceStop
 .text.FirstConvey_OnTimPeriodElapsed
                0x08002318       0x5c ./Core/Src/first_convey.o
                0x08002318                FirstConvey_OnTimPeriodElapsed
 .text.main     0x08002374       0x2e ./Core/Src/main.o
                0x08002374                main
 *fill*         0x080023a2        0x2 
 .text.SystemClock_Config
                0x080023a4       0xc0 ./Core/Src/main.o
                0x080023a4                SystemClock_Config
 .text.MX_TIM2_Init
                0x08002464       0xec ./Core/Src/main.o
 .text.MX_TIM3_Init
                0x08002550       0xec ./Core/Src/main.o
 .text.MX_TIM5_Init
                0x0800263c       0xb4 ./Core/Src/main.o
 .text.MX_USART2_UART_Init
                0x080026f0       0x54 ./Core/Src/main.o
 .text.MX_GPIO_Init
                0x08002744      0x124 ./Core/Src/main.o
 .text.HAL_TIM_PeriodElapsedCallback
                0x08002868       0x1c ./Core/Src/main.o
                0x08002868                HAL_TIM_PeriodElapsedCallback
 .text.HAL_GPIO_EXTI_Callback
                0x08002884       0x68 ./Core/Src/main.o
                0x08002884                HAL_GPIO_EXTI_Callback
 .text.HAL_UART_RxCpltCallback
                0x080028ec       0x24 ./Core/Src/main.o
                0x080028ec                HAL_UART_RxCpltCallback
 .text.Error_Handler
                0x08002910        0xc ./Core/Src/main.o
                0x08002910                Error_Handler
 .text.Sensor_IR_Detected
                0x0800291c       0x20 ./Core/Src/sensor.o
                0x0800291c                Sensor_IR_Detected
 .text.Sequence_EnterState
                0x0800293c       0x20 ./Core/Src/sequence.o
 .text.Sequence_Init
                0x0800295c       0x30 ./Core/Src/sequence.o
                0x0800295c                Sequence_Init
 .text.Sequence_EStop
                0x0800298c       0x38 ./Core/Src/sequence.o
                0x0800298c                Sequence_EStop
 .text.Sequence_ResetError
                0x080029c4       0x34 ./Core/Src/sequence.o
                0x080029c4                Sequence_ResetError
 .text.Sequence_ReportCartesianStage
                0x080029f8       0x6c ./Core/Src/sequence.o
 .text.Sequence_Task
                0x08002a64      0x158 ./Core/Src/sequence.o
                0x08002a64                Sequence_Task
 .text.HAL_MspInit
                0x08002bbc       0x50 ./Core/Src/stm32f4xx_hal_msp.o
                0x08002bbc                HAL_MspInit
 .text.HAL_TIM_Base_MspInit
                0x08002c0c       0x88 ./Core/Src/stm32f4xx_hal_msp.o
                0x08002c0c                HAL_TIM_Base_MspInit
 .text.HAL_TIM_PWM_MspInit
                0x08002c94       0x50 ./Core/Src/stm32f4xx_hal_msp.o
                0x08002c94                HAL_TIM_PWM_MspInit
 .text.HAL_TIM_MspPostInit
                0x08002ce4      0x108 ./Core/Src/stm32f4xx_hal_msp.o
                0x08002ce4                HAL_TIM_MspPostInit
 .text.HAL_UART_MspInit
                0x08002dec       0xa0 ./Core/Src/stm32f4xx_hal_msp.o
                0x08002dec                HAL_UART_MspInit
 .text.NMI_Handler
                0x08002e8c        0x8 ./Core/Src/stm32f4xx_it.o
                0x08002e8c                NMI_Handler
 .text.HardFault_Handler
                0x08002e94        0x8 ./Core/Src/stm32f4xx_it.o
                0x08002e94                HardFault_Handler
 .text.MemManage_Handler
                0x08002e9c        0x8 ./Core/Src/stm32f4xx_it.o
                0x08002e9c                MemManage_Handler
 .text.BusFault_Handler
                0x08002ea4        0x8 ./Core/Src/stm32f4xx_it.o
                0x08002ea4                BusFault_Handler
 .text.UsageFault_Handler
                0x08002eac        0x8 ./Core/Src/stm32f4xx_it.o
                0x08002eac                UsageFault_Handler
 .text.SVC_Handler
                0x08002eb4        0xe ./Core/Src/stm32f4xx_it.o
                0x08002eb4                SVC_Handler
 .text.DebugMon_Handler
                0x08002ec2        0xe ./Core/Src/stm32f4xx_it.o
                0x08002ec2                DebugMon_Handler
 .text.PendSV_Handler
                0x08002ed0        0xe ./Core/Src/stm32f4xx_it.o
                0x08002ed0                PendSV_Handler
 .text.SysTick_Handler
                0x08002ede        0xc ./Core/Src/stm32f4xx_it.o
                0x08002ede                SysTick_Handler
 .text.EXTI3_IRQHandler
                0x08002eea        0xe ./Core/Src/stm32f4xx_it.o
                0x08002eea                EXTI3_IRQHandler
 .text.EXTI9_5_IRQHandler
                0x08002ef8        0xe ./Core/Src/stm32f4xx_it.o
                0x08002ef8                EXTI9_5_IRQHandler
 *fill*         0x08002f06        0x2 
 .text.TIM2_IRQHandler
                0x08002f08       0x14 ./Core/Src/stm32f4xx_it.o
                0x08002f08                TIM2_IRQHandler
 .text.TIM3_IRQHandler
                0x08002f1c       0x14 ./Core/Src/stm32f4xx_it.o
                0x08002f1c                TIM3_IRQHandler
 .text.USART2_IRQHandler
                0x08002f30       0x14 ./Core/Src/stm32f4xx_it.o
                0x08002f30                USART2_IRQHandler
 .text.TIM5_IRQHandler
                0x08002f44       0x14 ./Core/Src/stm32f4xx_it.o
                0x08002f44                TIM5_IRQHandler
 .text.SystemInit
                0x08002f58       0x24 ./Core/Src/system_stm32f4xx.o
                0x08002f58                SystemInit
 .text.Reset_Handler
                0x08002f7c       0x50 ./Core/Startup/startup_stm32f446retx.o
                0x08002f7c                Reset_Handler
 .text.Default_Handler
                0x08002fcc        0x2 ./Core/Startup/startup_stm32f446retx.o
                0x08002fcc                RTC_Alarm_IRQHandler
                0x08002fcc                EXTI2_IRQHandler
                0x08002fcc                TIM8_CC_IRQHandler
                0x08002fcc                FMPI2C1_EV_IRQHandler
                0x08002fcc                SPI4_IRQHandler
                0x08002fcc                TIM1_CC_IRQHandler
                0x08002fcc                DMA2_Stream5_IRQHandler
                0x08002fcc                DMA1_Stream5_IRQHandler
                0x08002fcc                PVD_IRQHandler
                0x08002fcc                SDIO_IRQHandler
                0x08002fcc                TAMP_STAMP_IRQHandler
                0x08002fcc                CAN2_RX1_IRQHandler
                0x08002fcc                TIM8_TRG_COM_TIM14_IRQHandler
                0x08002fcc                TIM1_UP_TIM10_IRQHandler
                0x08002fcc                TIM8_UP_TIM13_IRQHandler
                0x08002fcc                I2C3_ER_IRQHandler
                0x08002fcc                EXTI0_IRQHandler
                0x08002fcc                I2C2_EV_IRQHandler
                0x08002fcc                DMA1_Stream2_IRQHandler
                0x08002fcc                CAN1_RX0_IRQHandler
                0x08002fcc                FPU_IRQHandler
                0x08002fcc                OTG_HS_WKUP_IRQHandler
                0x08002fcc                CAN2_SCE_IRQHandler
                0x08002fcc                DMA2_Stream2_IRQHandler
                0x08002fcc                SPI1_IRQHandler
                0x08002fcc                TIM6_DAC_IRQHandler
                0x08002fcc                TIM1_BRK_TIM9_IRQHandler
                0x08002fcc                DCMI_IRQHandler
                0x08002fcc                CAN2_RX0_IRQHandler
                0x08002fcc                DMA2_Stream3_IRQHandler
                0x08002fcc                SAI2_IRQHandler
                0x08002fcc                USART6_IRQHandler
                0x08002fcc                USART3_IRQHandler
                0x08002fcc                CAN1_RX1_IRQHandler
                0x08002fcc                UART5_IRQHandler
                0x08002fcc                DMA2_Stream0_IRQHandler
                0x08002fcc                TIM4_IRQHandler
                0x08002fcc                QUADSPI_IRQHandler
                0x08002fcc                I2C1_EV_IRQHandler
                0x08002fcc                DMA1_Stream6_IRQHandler
                0x08002fcc                DMA1_Stream1_IRQHandler
                0x08002fcc                UART4_IRQHandler
                0x08002fcc                RCC_IRQHandler
                0x08002fcc                TIM8_BRK_TIM12_IRQHandler
                0x08002fcc                Default_Handler
                0x08002fcc                CEC_IRQHandler
                0x08002fcc                EXTI15_10_IRQHandler
                0x08002fcc                ADC_IRQHandler
                0x08002fcc                DMA1_Stream7_IRQHandler
                0x08002fcc                TIM7_IRQHandler
                0x08002fcc                CAN2_TX_IRQHandler
                0x08002fcc                DMA2_Stream7_IRQHandler
                0x08002fcc                I2C3_EV_IRQHandler
                0x08002fcc                RTC_WKUP_IRQHandler
                0x08002fcc                SPDIF_RX_IRQHandler
                0x08002fcc                SPI2_IRQHandler
                0x08002fcc                OTG_HS_EP1_IN_IRQHandler
                0x08002fcc                DMA1_Stream0_IRQHandler
                0x08002fcc                CAN1_TX_IRQHandler
                0x08002fcc                FMPI2C1_ER_IRQHandler
                0x08002fcc                EXTI4_IRQHandler
                0x08002fcc                OTG_HS_EP1_OUT_IRQHandler
                0x08002fcc                WWDG_IRQHandler
                0x08002fcc                OTG_FS_WKUP_IRQHandler
                0x08002fcc                TIM1_TRG_COM_TIM11_IRQHandler
                0x08002fcc                OTG_HS_IRQHandler
                0x08002fcc                EXTI1_IRQHandler
                0x08002fcc                I2C2_ER_IRQHandler
                0x08002fcc                DMA2_Stream1_IRQHandler
                0x08002fcc                CAN1_SCE_IRQHandler
                0x08002fcc                FLASH_IRQHandler
                0x08002fcc                DMA2_Stream4_IRQHandler
                0x08002fcc                USART1_IRQHandler
                0x08002fcc                OTG_FS_IRQHandler
                0x08002fcc                SPI3_IRQHandler
                0x08002fcc                DMA1_Stream4_IRQHandler
                0x08002fcc                I2C1_ER_IRQHandler
                0x08002fcc                FMC_IRQHandler
                0x08002fcc                DMA2_Stream6_IRQHandler
                0x08002fcc                SAI1_IRQHandler
                0x08002fcc                DMA1_Stream3_IRQHandler
 *fill*         0x08002fce        0x2 
 .text.HAL_Init
                0x08002fd0       0x44 ./Drivers/STM32F4xx_HAL_Driver/Src/stm32f4xx_hal.o
                0x08002fd0                HAL_Init
 .text.HAL_InitTick
                0x08003014       0x60 ./Drivers/STM32F4xx_HAL_Driver/Src/stm32f4xx_hal.o
                0x08003014                HAL_InitTick
 .text.HAL_IncTick
                0x08003074       0x28 ./Drivers/STM32F4xx_HAL_Driver/Src/stm32f4xx_hal.o
                0x08003074                HAL_IncTick
 .text.HAL_GetTick
                0x0800309c       0x18 ./Drivers/STM32F4xx_HAL_Driver/Src/stm32f4xx_hal.o
                0x0800309c                HAL_GetTick
 .text.HAL_Delay
                0x080030b4       0x48 ./Drivers/STM32F4xx_HAL_Driver/Src/stm32f4xx_hal.o
                0x080030b4                HAL_Delay
 .text.__NVIC_SetPriorityGrouping
                0x080030fc       0x48 ./Drivers/STM32F4xx_HAL_Driver/Src/stm32f4xx_hal_cortex.o
 .text.__NVIC_GetPriorityGrouping
                0x08003144       0x1c ./Drivers/STM32F4xx_HAL_Driver/Src/stm32f4xx_hal_cortex.o
 .text.__NVIC_EnableIRQ
                0x08003160       0x3c ./Drivers/STM32F4xx_HAL_Driver/Src/stm32f4xx_hal_cortex.o
 .text.__NVIC_SetPriority
                0x0800319c       0x54 ./Drivers/STM32F4xx_HAL_Driver/Src/stm32f4xx_hal_cortex.o
 .text.NVIC_EncodePriority
                0x080031f0       0x66 ./Drivers/STM32F4xx_HAL_Driver/Src/stm32f4xx_hal_cortex.o
 *fill*         0x08003256        0x2 
 .text.SysTick_Config
                0x08003258       0x44 ./Drivers/STM32F4xx_HAL_Driver/Src/stm32f4xx_hal_cortex.o
 .text.HAL_NVIC_SetPriorityGrouping
                0x0800329c       0x16 ./Drivers/STM32F4xx_HAL_Driver/Src/stm32f4xx_hal_cortex.o
                0x0800329c                HAL_NVIC_SetPriorityGrouping
 .text.HAL_NVIC_SetPriority
                0x080032b2       0x38 ./Drivers/STM32F4xx_HAL_Driver/Src/stm32f4xx_hal_cortex.o
                0x080032b2                HAL_NVIC_SetPriority
 .text.HAL_NVIC_EnableIRQ
                0x080032ea       0x1c ./Drivers/STM32F4xx_HAL_Driver/Src/stm32f4xx_hal_cortex.o
                0x080032ea                HAL_NVIC_EnableIRQ
 .text.HAL_SYSTICK_Config
                0x08003306       0x18 ./Drivers/STM32F4xx_HAL_Driver/Src/stm32f4xx_hal_cortex.o
                0x08003306                HAL_SYSTICK_Config
 .text.HAL_DMA_Abort
                0x0800331e       0xe0 ./Drivers/STM32F4xx_HAL_Driver/Src/stm32f4xx_hal_dma.o
                0x0800331e                HAL_DMA_Abort
 .text.HAL_DMA_Abort_IT
                0x080033fe       0x44 ./Drivers/STM32F4xx_HAL_Driver/Src/stm32f4xx_hal_dma.o
                0x080033fe                HAL_DMA_Abort_IT
 *fill*         0x08003442        0x2 
 .text.HAL_GPIO_Init
                0x08003444      0x328 ./Drivers/STM32F4xx_HAL_Driver/Src/stm32f4xx_hal_gpio.o
                0x08003444                HAL_GPIO_Init
 .text.HAL_GPIO_ReadPin
                0x0800376c       0x30 ./Drivers/STM32F4xx_HAL_Driver/Src/stm32f4xx_hal_gpio.o
                0x0800376c                HAL_GPIO_ReadPin
 .text.HAL_GPIO_WritePin
                0x0800379c       0x32 ./Drivers/STM32F4xx_HAL_Driver/Src/stm32f4xx_hal_gpio.o
                0x0800379c                HAL_GPIO_WritePin
 *fill*         0x080037ce        0x2 
 .text.HAL_GPIO_EXTI_IRQHandler
                0x080037d0       0x30 ./Drivers/STM32F4xx_HAL_Driver/Src/stm32f4xx_hal_gpio.o
                0x080037d0                HAL_GPIO_EXTI_IRQHandler
 .text.HAL_RCC_ClockConfig
                0x08003800      0x1cc ./Drivers/STM32F4xx_HAL_Driver/Src/stm32f4xx_hal_rcc.o
                0x08003800                HAL_RCC_ClockConfig
 .text.HAL_RCC_GetHCLKFreq
                0x080039cc       0x18 ./Drivers/STM32F4xx_HAL_Driver/Src/stm32f4xx_hal_rcc.o
                0x080039cc                HAL_RCC_GetHCLKFreq
 .text.HAL_RCC_GetPCLK1Freq
                0x080039e4       0x28 ./Drivers/STM32F4xx_HAL_Driver/Src/stm32f4xx_hal_rcc.o
                0x080039e4                HAL_RCC_GetPCLK1Freq
 .text.HAL_RCC_GetPCLK2Freq
                0x08003a0c       0x28 ./Drivers/STM32F4xx_HAL_Driver/Src/stm32f4xx_hal_rcc.o
                0x08003a0c                HAL_RCC_GetPCLK2Freq
 .text.HAL_RCC_GetSysClockFreq
                0x08003a34      0x354 ./Drivers/STM32F4xx_HAL_Driver/Src/stm32f4xx_hal_rcc_ex.o
                0x08003a34                HAL_RCC_GetSysClockFreq
 .text.HAL_RCC_OscConfig
                0x08003d88      0x53c ./Drivers/STM32F4xx_HAL_Driver/Src/stm32f4xx_hal_rcc_ex.o
                0x08003d88                HAL_RCC_OscConfig
 .text.HAL_TIM_Base_Init
                0x080042c4       0x9e ./Drivers/STM32F4xx_HAL_Driver/Src/stm32f4xx_hal_tim.o
                0x080042c4                HAL_TIM_Base_Init
 *fill*         0x08004362        0x2 
 .text.HAL_TIM_Base_Start_IT
                0x08004364       0xe0 ./Drivers/STM32F4xx_HAL_Driver/Src/stm32f4xx_hal_tim.o
                0x08004364                HAL_TIM_Base_Start_IT
 .text.HAL_TIM_Base_Stop_IT
                0x08004444       0x5e ./Drivers/STM32F4xx_HAL_Driver/Src/stm32f4xx_hal_tim.o
                0x08004444                HAL_TIM_Base_Stop_IT
 .text.HAL_TIM_PWM_Init
                0x080044a2       0x9e ./Drivers/STM32F4xx_HAL_Driver/Src/stm32f4xx_hal_tim.o
                0x080044a2                HAL_TIM_PWM_Init
 .text.HAL_TIM_PWM_Start
                0x08004540      0x190 ./Drivers/STM32F4xx_HAL_Driver/Src/stm32f4xx_hal_tim.o
                0x08004540                HAL_TIM_PWM_Start
 .text.HAL_TIM_PWM_Stop
                0x080046d0       0xe0 ./Drivers/STM32F4xx_HAL_Driver/Src/stm32f4xx_hal_tim.o
                0x080046d0                HAL_TIM_PWM_Stop
 .text.HAL_TIM_IRQHandler
                0x080047b0      0x1e0 ./Drivers/STM32F4xx_HAL_Driver/Src/stm32f4xx_hal_tim.o
                0x080047b0                HAL_TIM_IRQHandler
 .text.HAL_TIM_PWM_ConfigChannel
                0x08004990      0x184 ./Drivers/STM32F4xx_HAL_Driver/Src/stm32f4xx_hal_tim.o
                0x08004990                HAL_TIM_PWM_ConfigChannel
 .text.HAL_TIM_ConfigClockSource
                0x08004b14      0x18e ./Drivers/STM32F4xx_HAL_Driver/Src/stm32f4xx_hal_tim.o
                0x08004b14                HAL_TIM_ConfigClockSource
 .text.HAL_TIM_OC_DelayElapsedCallback
                0x08004ca2       0x14 ./Drivers/STM32F4xx_HAL_Driver/Src/stm32f4xx_hal_tim.o
                0x08004ca2                HAL_TIM_OC_DelayElapsedCallback
 .text.HAL_TIM_IC_CaptureCallback
                0x08004cb6       0x14 ./Drivers/STM32F4xx_HAL_Driver/Src/stm32f4xx_hal_tim.o
                0x08004cb6                HAL_TIM_IC_CaptureCallback
 .text.HAL_TIM_PWM_PulseFinishedCallback
                0x08004cca       0x14 ./Drivers/STM32F4xx_HAL_Driver/Src/stm32f4xx_hal_tim.o
                0x08004cca                HAL_TIM_PWM_PulseFinishedCallback
 .text.HAL_TIM_TriggerCallback
                0x08004cde       0x14 ./Drivers/STM32F4xx_HAL_Driver/Src/stm32f4xx_hal_tim.o
                0x08004cde                HAL_TIM_TriggerCallback
 *fill*         0x08004cf2        0x2 
 .text.TIM_Base_SetConfig
                0x08004cf4      0x14c ./Drivers/STM32F4xx_HAL_Driver/Src/stm32f4xx_hal_tim.o
                0x08004cf4                TIM_Base_SetConfig
 .text.TIM_OC1_SetConfig
                0x08004e40       0xe0 ./Drivers/STM32F4xx_HAL_Driver/Src/stm32f4xx_hal_tim.o
 .text.TIM_OC2_SetConfig
                0x08004f20       0xec ./Drivers/STM32F4xx_HAL_Driver/Src/stm32f4xx_hal_tim.o
                0x08004f20                TIM_OC2_SetConfig
 .text.TIM_OC3_SetConfig
                0x0800500c       0xe8 ./Drivers/STM32F4xx_HAL_Driver/Src/stm32f4xx_hal_tim.o
 .text.TIM_OC4_SetConfig
                0x080050f4       0xac ./Drivers/STM32F4xx_HAL_Driver/Src/stm32f4xx_hal_tim.o
 .text.TIM_TI1_ConfigInputStage
                0x080051a0       0x5e ./Drivers/STM32F4xx_HAL_Driver/Src/stm32f4xx_hal_tim.o
 .text.TIM_TI2_ConfigInputStage
                0x080051fe       0x60 ./Drivers/STM32F4xx_HAL_Driver/Src/stm32f4xx_hal_tim.o
 .text.TIM_ITRx_SetConfig
                0x0800525e       0x36 ./Drivers/STM32F4xx_HAL_Driver/Src/stm32f4xx_hal_tim.o
 .text.TIM_ETR_SetConfig
                0x08005294       0x40 ./Drivers/STM32F4xx_HAL_Driver/Src/stm32f4xx_hal_tim.o
                0x08005294                TIM_ETR_SetConfig
 .text.TIM_CCxChannelCmd
                0x080052d4       0x4a ./Drivers/STM32F4xx_HAL_Driver/Src/stm32f4xx_hal_tim.o
                0x080052d4                TIM_CCxChannelCmd
 *fill*         0x0800531e        0x2 
 .text.HAL_TIMEx_MasterConfigSynchronization
                0x08005320       0xf8 ./Drivers/STM32F4xx_HAL_Driver/Src/stm32f4xx_hal_tim_ex.o
                0x08005320                HAL_TIMEx_MasterConfigSynchronization
 .text.HAL_TIMEx_CommutCallback
                0x08005418       0x14 ./Drivers/STM32F4xx_HAL_Driver/Src/stm32f4xx_hal_tim_ex.o
                0x08005418                HAL_TIMEx_CommutCallback
 .text.HAL_TIMEx_BreakCallback
                0x0800542c       0x14 ./Drivers/STM32F4xx_HAL_Driver/Src/stm32f4xx_hal_tim_ex.o
                0x0800542c                HAL_TIMEx_BreakCallback
 .text.HAL_UART_Init
                0x08005440       0xa0 ./Drivers/STM32F4xx_HAL_Driver/Src/stm32f4xx_hal_uart.o
                0x08005440                HAL_UART_Init
 .text.HAL_UART_Transmit
                0x080054e0      0x116 ./Drivers/STM32F4xx_HAL_Driver/Src/stm32f4xx_hal_uart.o
                0x080054e0                HAL_UART_Transmit
 .text.HAL_UART_Receive_IT
                0x080055f6       0x4a ./Drivers/STM32F4xx_HAL_Driver/Src/stm32f4xx_hal_uart.o
                0x080055f6                HAL_UART_Receive_IT
 .text.HAL_UART_IRQHandler
                0x08005640      0x554 ./Drivers/STM32F4xx_HAL_Driver/Src/stm32f4xx_hal_uart.o
                0x08005640                HAL_UART_IRQHandler
 .text.HAL_UART_TxCpltCallback
                0x08005b94       0x14 ./Drivers/STM32F4xx_HAL_Driver/Src/stm32f4xx_hal_uart.o
                0x08005b94                HAL_UART_TxCpltCallback
 .text.HAL_UART_ErrorCallback
                0x08005ba8       0x14 ./Drivers/STM32F4xx_HAL_Driver/Src/stm32f4xx_hal_uart.o
                0x08005ba8                HAL_UART_ErrorCallback
 .text.HAL_UARTEx_RxEventCallback
                0x08005bbc       0x18 ./Drivers/STM32F4xx_HAL_Driver/Src/stm32f4xx_hal_uart.o
                0x08005bbc                HAL_UARTEx_RxEventCallback
 .text.UART_WaitOnFlagUntilTimeout
                0x08005bd4       0xb2 ./Drivers/STM32F4xx_HAL_Driver/Src/stm32f4xx_hal_uart.o
 .text.UART_Start_Receive_IT
                0x08005c86       0x74 ./Drivers/STM32F4xx_HAL_Driver/Src/stm32f4xx_hal_uart.o
                0x08005c86                UART_Start_Receive_IT
 .text.UART_EndRxTransfer
                0x08005cfa       0xc6 ./Drivers/STM32F4xx_HAL_Driver/Src/stm32f4xx_hal_uart.o
 .text.UART_DMAAbortOnError
                0x08005dc0       0x22 ./Drivers/STM32F4xx_HAL_Driver/Src/stm32f4xx_hal_uart.o
 .text.UART_Transmit_IT
                0x08005de2       0xa0 ./Drivers/STM32F4xx_HAL_Driver/Src/stm32f4xx_hal_uart.o
 .text.UART_EndTransmit_IT
                0x08005e82       0x30 ./Drivers/STM32F4xx_HAL_Driver/Src/stm32f4xx_hal_uart.o
 .text.UART_Receive_IT
                0x08005eb2      0x17c ./Drivers/STM32F4xx_HAL_Driver/Src/stm32f4xx_hal_uart.o
 *fill*         0x0800602e        0x2 
 .text.UART_SetConfig
                0x08006030      0x4e8 ./Drivers/STM32F4xx_HAL_Driver/Src/stm32f4xx_hal_uart.o
 .text.memset   0x08006518       0x10 C:/ST/STM32CubeIDE_1.18.0/STM32CubeIDE/plugins/com.st.stm32cube.ide.mcu.externaltools.gnu-tools-for-stm32.13.3.rel1.win32_1.0.0.202411081344/tools/bin/../lib/gcc/arm-none-eabi/13.3.1/../../../../arm-none-eabi/lib/thumb/v7e-m+fp/hard\libc_nano.a(libc_a-memset.o)
                0x08006518                memset
 .text.__libc_init_array
                0x08006528       0x48 C:/ST/STM32CubeIDE_1.18.0/STM32CubeIDE/plugins/com.st.stm32cube.ide.mcu.externaltools.gnu-tools-for-stm32.13.3.rel1.win32_1.0.0.202411081344/tools/bin/../lib/gcc/arm-none-eabi/13.3.1/../../../../arm-none-eabi/lib/thumb/v7e-m+fp/hard\libc_nano.a(libc_a-init.o)
                0x08006528                __libc_init_array
 *(.glue_7)
 .glue_7        0x08006570        0x0 linker stubs
 *(.glue_7t)
 .glue_7t       0x08006570        0x0 linker stubs
 *(.eh_frame)
 .eh_frame      0x08006570        0x0 C:/ST/STM32CubeIDE_1.18.0/STM32CubeIDE/plugins/com.st.stm32cube.ide.mcu.externaltools.gnu-tools-for-stm32.13.3.rel1.win32_1.0.0.202411081344/tools/bin/../lib/gcc/arm-none-eabi/13.3.1/thumb/v7e-m+fp/hard/crtbegin.o
 *(.init)
 .init          0x08006570        0x4 C:/ST/STM32CubeIDE_1.18.0/STM32CubeIDE/plugins/com.st.stm32cube.ide.mcu.externaltools.gnu-tools-for-stm32.13.3.rel1.win32_1.0.0.202411081344/tools/bin/../lib/gcc/arm-none-eabi/13.3.1/thumb/v7e-m+fp/hard/crti.o
                0x08006570                _init
 .init          0x08006574        0x8 C:/ST/STM32CubeIDE_1.18.0/STM32CubeIDE/plugins/com.st.stm32cube.ide.mcu.externaltools.gnu-tools-for-stm32.13.3.rel1.win32_1.0.0.202411081344/tools/bin/../lib/gcc/arm-none-eabi/13.3.1/thumb/v7e-m+fp/hard/crtn.o
 *(.fini)
 .fini          0x0800657c        0x4 C:/ST/STM32CubeIDE_1.18.0/STM32CubeIDE/plugins/com.st.stm32cube.ide.mcu.externaltools.gnu-tools-for-stm32.13.3.rel1.win32_1.0.0.202411081344/tools/bin/../lib/gcc/arm-none-eabi/13.3.1/thumb/v7e-m+fp/hard/crti.o
                0x0800657c                _fini
 .fini          0x08006580        0x8 C:/ST/STM32CubeIDE_1.18.0/STM32CubeIDE/plugins/com.st.stm32cube.ide.mcu.externaltools.gnu-tools-for-stm32.13.3.rel1.win32_1.0.0.202411081344/tools/bin/../lib/gcc/arm-none-eabi/13.3.1/thumb/v7e-m+fp/hard/crtn.o
                0x08006588                        . = ALIGN (0x4)
                0x08006588                        _etext = .

.vfp11_veneer   0x08006588        0x0
 .vfp11_veneer  0x08006588        0x0 linker stubs

.v4_bx          0x08006588        0x0
 .v4_bx         0x08006588        0x0 linker stubs

.iplt           0x08006588        0x0
 .iplt          0x08006588        0x0 C:/ST/STM32CubeIDE_1.18.0/STM32CubeIDE/plugins/com.st.stm32cube.ide.mcu.externaltools.gnu-tools-for-stm32.13.3.rel1.win32_1.0.0.202411081344/tools/bin/../lib/gcc/arm-none-eabi/13.3.1/thumb/v7e-m+fp/hard/crtbegin.o

.rodata         0x08006588       0x64
                0x08006588                        . = ALIGN (0x4)
 *(.rodata)
 .rodata        0x08006588       0x38 ./Core/Src/cartesian.o
 *(.rodata*)
 .rodata.sow_row_feed_mm
                0x080065c0       0x14 ./Core/Src/cartesian.o
 .rodata.AHBPrescTable
                0x080065d4       0x10 ./Core/Src/system_stm32f4xx.o
                0x080065d4                AHBPrescTable
 .rodata.APBPrescTable
                0x080065e4        0x8 ./Core/Src/system_stm32f4xx.o
                0x080065e4                APBPrescTable
                0x080065ec                        . = ALIGN (0x4)

.ARM.extab      0x080065ec        0x0
                0x080065ec                        . = ALIGN (0x4)
 *(.ARM.extab* .gnu.linkonce.armextab.*)
                0x080065ec                        . = ALIGN (0x4)

.ARM            0x080065ec        0x8
                0x080065ec                        . = ALIGN (0x4)
                0x080065ec                        __exidx_start = .
 *(.ARM.exidx*)
 .ARM.exidx     0x080065ec        0x8 C:/ST/STM32CubeIDE_1.18.0/STM32CubeIDE/plugins/com.st.stm32cube.ide.mcu.externaltools.gnu-tools-for-stm32.13.3.rel1.win32_1.0.0.202411081344/tools/bin/../lib/gcc/arm-none-eabi/13.3.1/thumb/v7e-m+fp/hard\libgcc.a(_udivmoddi4.o)
                0x080065f4                        __exidx_end = .
                0x080065f4                        . = ALIGN (0x4)

.preinit_array  0x080065f4        0x0
                0x080065f4                        . = ALIGN (0x4)
                0x080065f4                        PROVIDE (__preinit_array_start = .)
 *(.preinit_array*)
                0x080065f4                        PROVIDE (__preinit_array_end = .)
                0x080065f4                        . = ALIGN (0x4)

.init_array     0x080065f4        0x4
                0x080065f4                        . = ALIGN (0x4)
                0x080065f4                        PROVIDE (__init_array_start = .)
 *(SORT_BY_NAME(.init_array.*))
 *(.init_array*)
 .init_array    0x080065f4        0x4 C:/ST/STM32CubeIDE_1.18.0/STM32CubeIDE/plugins/com.st.stm32cube.ide.mcu.externaltools.gnu-tools-for-stm32.13.3.rel1.win32_1.0.0.202411081344/tools/bin/../lib/gcc/arm-none-eabi/13.3.1/thumb/v7e-m+fp/hard/crtbegin.o
                0x080065f8                        PROVIDE (__init_array_end = .)
                0x080065f8                        . = ALIGN (0x4)

.fini_array     0x080065f8        0x4
                0x080065f8                        . = ALIGN (0x4)
                [!provide]                        PROVIDE (__fini_array_start = .)
 *(SORT_BY_NAME(.fini_array.*))
 *(.fini_array*)
 .fini_array    0x080065f8        0x4 C:/ST/STM32CubeIDE_1.18.0/STM32CubeIDE/plugins/com.st.stm32cube.ide.mcu.externaltools.gnu-tools-for-stm32.13.3.rel1.win32_1.0.0.202411081344/tools/bin/../lib/gcc/arm-none-eabi/13.3.1/thumb/v7e-m+fp/hard/crtbegin.o
                [!provide]                        PROVIDE (__fini_array_end = .)
                0x080065fc                        . = ALIGN (0x4)
                0x080065fc                        _sidata = LOADADDR (.data)

.rel.dyn        0x080065fc        0x0
 .rel.iplt      0x080065fc        0x0 C:/ST/STM32CubeIDE_1.18.0/STM32CubeIDE/plugins/com.st.stm32cube.ide.mcu.externaltools.gnu-tools-for-stm32.13.3.rel1.win32_1.0.0.202411081344/tools/bin/../lib/gcc/arm-none-eabi/13.3.1/thumb/v7e-m+fp/hard/crtbegin.o

.data           0x20000000       0x4c load address 0x080065fc
                0x20000000                        . = ALIGN (0x4)
                0x20000000                        _sdata = .
 *(.data)
 *(.data*)
 .data.g_x_steps_per_mm
                0x20000000        0x4 ./Core/Src/cartesian.o
 .data.g_z_steps_per_mm
                0x20000004        0x4 ./Core/Src/cartesian.o
 .data.g_x_accel_steps
                0x20000008        0x4 ./Core/Src/cartesian.o
 .data.x_prof_start_hz
                0x2000000c        0x4 ./Core/Src/cartesian.o
 .data.x_prof_max_hz
                0x20000010        0x4 ./Core/Src/cartesian.o
 .data.g_z_accel_steps
                0x20000014        0x4 ./Core/Src/cartesian.o
 .data.z_prof_start_hz
                0x20000018        0x4 ./Core/Src/cartesian.o
 .data.z_prof_max_hz
                0x2000001c        0x4 ./Core/Src/cartesian.o
 .data.g_x_homing_speed_hz
                0x20000020        0x4 ./Core/Src/cartesian.o
 .data.g_z_homing_speed_hz
                0x20000024        0x4 ./Core/Src/cartesian.o
 .data.g_x_home_offset
                0x20000028        0x4 ./Core/Src/cartesian.o
 .data.g_z_home_offset
                0x2000002c        0x4 ./Core/Src/cartesian.o
 .data.g_x_backoff_mm
                0x20000030        0x4 ./Core/Src/cartesian.o
 .data.g_z_backoff_mm
                0x20000034        0x4 ./Core/Src/cartesian.o
 .data.g_con_steps_per_mm
                0x20000038        0x4 ./Core/Src/first_convey.o
 .data.g_con_run_hz
                0x2000003c        0x4 ./Core/Src/first_convey.o
 .data.SystemCoreClock
                0x20000040        0x4 ./Core/Src/system_stm32f4xx.o
                0x20000040                SystemCoreClock
 .data.uwTickPrio
                0x20000044        0x4 ./Drivers/STM32F4xx_HAL_Driver/Src/stm32f4xx_hal.o
                0x20000044                uwTickPrio
 .data.uwTickFreq
                0x20000048        0x1 ./Drivers/STM32F4xx_HAL_Driver/Src/stm32f4xx_hal.o
                0x20000048                uwTickFreq
 *(.RamFunc)
 *(.RamFunc*)
                0x2000004c                        . = ALIGN (0x4)
 *fill*         0x20000049        0x3 
                0x2000004c                        _edata = .

.igot.plt       0x2000004c        0x0 load address 0x08006648
 .igot.plt      0x2000004c        0x0 C:/ST/STM32CubeIDE_1.18.0/STM32CubeIDE/plugins/com.st.stm32cube.ide.mcu.externaltools.gnu-tools-for-stm32.13.3.rel1.win32_1.0.0.202411081344/tools/bin/../lib/gcc/arm-none-eabi/13.3.1/thumb/v7e-m+fp/hard/crtbegin.o
                0x2000004c                        . = ALIGN (0x4)

.bss            0x2000004c      0x1e0 load address 0x08006648
                0x2000004c                        _sbss = .
                0x2000004c                        __bss_start__ = _sbss
 *(.bss)
 .bss           0x2000004c       0x1c C:/ST/STM32CubeIDE_1.18.0/STM32CubeIDE/plugins/com.st.stm32cube.ide.mcu.externaltools.gnu-tools-for-stm32.13.3.rel1.win32_1.0.0.202411081344/tools/bin/../lib/gcc/arm-none-eabi/13.3.1/thumb/v7e-m+fp/hard/crtbegin.o
 *(.bss*)
 .bss.motors_enabled
                0x20000068        0x1 ./Core/Src/cartesian.o
 *fill*         0x20000069        0x3 
 .bss.x_total_steps
                0x2000006c        0x4 ./Core/Src/cartesian.o
 .bss.x_stepped
                0x20000070        0x4 ./Core/Src/cartesian.o
 .bss.z_total_steps
                0x20000074        0x4 ./Core/Src/cartesian.o
 .bss.z_stepped
                0x20000078        0x4 ./Core/Src/cartesian.o
 .bss.x_home_steps
                0x2000007c        0x4 ./Core/Src/cartesian.o
 .bss.z_home_steps
                0x20000080        0x4 ./Core/Src/cartesian.o
 .bss.x_backoff_steps
                0x20000084        0x4 ./Core/Src/cartesian.o
 .bss.z_backoff_steps
                0x20000088        0x4 ./Core/Src/cartesian.o
 .bss.sow_row   0x2000008c        0x1 ./Core/Src/cartesian.o
 *fill*         0x2000008d        0x3 
 .bss.x_pos_steps
                0x20000090        0x4 ./Core/Src/cartesian.o
 .bss.z_pos_steps
                0x20000094        0x4 ./Core/Src/cartesian.o
 .bss.x_move_cmd_steps
                0x20000098        0x4 ./Core/Src/cartesian.o
 .bss.z_move_cmd_steps
                0x2000009c        0x4 ./Core/Src/cartesian.o
 .bss.g_delay_start
                0x200000a0        0x4 ./Core/Src/cartesian.o
 .bss.g_delay_ms
                0x200000a4        0x4 ./Core/Src/cartesian.o
 .bss.g_delay_active
                0x200000a8        0x1 ./Core/Src/cartesian.o
 .bss.homing_state
                0x200000a9        0x1 ./Core/Src/cartesian.o
 *fill*         0x200000aa        0x2 
 .bss.homing_start_time
                0x200000ac        0x4 ./Core/Src/cartesian.o
 .bss.x_home    0x200000b0        0x1 ./Core/Src/cartesian.o
 .bss.z_home    0x200000b1        0x1 ./Core/Src/cartesian.o
 .bss.x_limit_hit
                0x200000b2        0x1 ./Core/Src/cartesian.o
 .bss.z_limit_hit
                0x200000b3        0x1 ./Core/Src/cartesian.o
 .bss.x_pick_limit_hit
                0x200000b4        0x1 ./Core/Src/cartesian.o
 .bss.state     0x200000b5        0x1 ./Core/Src/cartesian.o
 .bss.g_test_pick_only
                0x200000b6        0x1 ./Core/Src/cartesian.o
 .bss.g_test_picksow_one
                0x200000b7        0x1 ./Core/Src/cartesian.o
 .bss.ir_latched
                0x200000b8        0x1 ./Core/Src/cartesian.o
 *fill*         0x200000b9        0x3 
 .bss.x_remain  0x200000bc        0x4 ./Core/Src/cartesian.o
 .bss.z_remain  0x200000c0        0x4 ./Core/Src/cartesian.o
 .bss.x_moving  0x200000c4        0x1 ./Core/Src/cartesian.o
 .bss.z_moving  0x200000c5        0x1 ./Core/Src/cartesian.o
 .bss.g_rasp_rx_byte
                0x200000c6        0x1 ./Core/Src/comm.o
 .bss.g_rasp_state
                0x200000c7        0x1 ./Core/Src/comm.o
 .bss.g_rasp_id
                0x200000c8        0x1 ./Core/Src/comm.o
 .bss.g_rasp_len
                0x200000c9        0x1 ./Core/Src/comm.o
 .bss.g_rasp_idx
                0x200000ca        0x1 ./Core/Src/comm.o
 *fill*         0x200000cb        0x1 
 .bss.g_rasp_data
                0x200000cc       0x10 ./Core/Src/comm.o
 .bss.g_ssf     0x200000dc        0x1 ./Core/Src/comm.o
 .bss.g_smf     0x200000dd        0x1 ./Core/Src/comm.o
 .bss.g_crf     0x200000de        0x1 ./Core/Src/comm.o
 *fill*         0x200000df        0x1 
 .bss.g_uv      0x200000e0        0x2 ./Core/Src/comm.o
 .bss.g_ulf     0x200000e2        0x1 ./Core/Src/comm.o
 .bss.g_urf     0x200000e3        0x1 ./Core/Src/comm.o
 .bss.g_wcnt    0x200000e4        0x2 ./Core/Src/comm.o
 .bss.g_wlf     0x200000e6        0x1 ./Core/Src/comm.o
 .bss.g_wrf     0x200000e7        0x1 ./Core/Src/comm.o
 .bss.g_ff      0x200000e8        0x1 ./Core/Src/comm.o
 .bss.g_uef     0x200000e9        0x1 ./Core/Src/comm.o
 .bss.g_wef     0x200000ea        0x1 ./Core/Src/comm.o
 .bss.g_hf      0x200000eb        0x1 ./Core/Src/comm.o
 .bss.g_c1f     0x200000ec        0x1 ./Core/Src/comm.o
 .bss.g_c2f     0x200000ed        0x1 ./Core/Src/comm.o
 .bss.g_cam1_detected
                0x200000ee        0x1 ./Core/Src/comm.o
 .bss.g_estop   0x200000ef        0x1 ./Core/Src/comm.o
 .bss.g_reset   0x200000f0        0x1 ./Core/Src/comm.o
 *fill*         0x200000f1        0x3 
 .bss.convey_remain
                0x200000f4        0x4 ./Core/Src/first_convey.o
 .bss.convey_moving
                0x200000f8        0x1 ./Core/Src/first_convey.o
 .bss.ir_enabled
                0x200000f9        0x1 ./Core/Src/first_convey.o
 .bss.state     0x200000fa        0x1 ./Core/Src/first_convey.o
 .bss.motor_running
                0x200000fb        0x1 ./Core/Src/first_convey.o
 .bss.htim2     0x200000fc       0x48 ./Core/Src/main.o
                0x200000fc                htim2
 .bss.htim3     0x20000144       0x48 ./Core/Src/main.o
                0x20000144                htim3
 .bss.htim5     0x2000018c       0x48 ./Core/Src/main.o
                0x2000018c                htim5
 .bss.huart2    0x200001d4       0x48 ./Core/Src/main.o
                0x200001d4                huart2
 .bss.last_x.1  0x2000021c        0x4 ./Core/Src/main.o
 .bss.last_z.0  0x20000220        0x4 ./Core/Src/main.o
 .bss.sys_state
                0x20000224        0x1 ./Core/Src/sequence.o
 .bss.prev_cart_stage
                0x20000225        0x1 ./Core/Src/sequence.o
 .bss.scara_crf_set
                0x20000226        0x1 ./Core/Src/sequence.o
 *fill*         0x20000227        0x1 
 .bss.uwTick    0x20000228        0x4 ./Drivers/STM32F4xx_HAL_Driver/Src/stm32f4xx_hal.o
                0x20000228                uwTick
 *(COMMON)
                0x2000022c                        . = ALIGN (0x4)
                0x2000022c                        _ebss = .
                0x2000022c                        __bss_end__ = _ebss

._user_heap_stack
                0x2000022c      0x604 load address 0x08006648
                0x20000230                        . = ALIGN (0x8)
 *fill*         0x2000022c        0x4 
                [!provide]                        PROVIDE (end = .)
                0x20000230                        PROVIDE (_end = .)
                0x20000430                        . = (. + _Min_Heap_Size)
 *fill*         0x20000230      0x200 
                0x20000830                        . = (. + _Min_Stack_Size)
 *fill*         0x20000430      0x400 
                0x20000830                        . = ALIGN (0x8)

/DISCARD/
 libc.a(*)
 libm.a(*)
 libgcc.a(*)

.ARM.attributes
                0x00000000       0x30
 *(.ARM.attributes)
 .ARM.attributes
                0x00000000       0x22 C:/ST/STM32CubeIDE_1.18.0/STM32CubeIDE/plugins/com.st.stm32cube.ide.mcu.externaltools.gnu-tools-for-stm32.13.3.rel1.win32_1.0.0.202411081344/tools/bin/../lib/gcc/arm-none-eabi/13.3.1/thumb/v7e-m+fp/hard/crti.o
 .ARM.attributes
                0x00000022       0x34 C:/ST/STM32CubeIDE_1.18.0/STM32CubeIDE/plugins/com.st.stm32cube.ide.mcu.externaltools.gnu-tools-for-stm32.13.3.rel1.win32_1.0.0.202411081344/tools/bin/../lib/gcc/arm-none-eabi/13.3.1/thumb/v7e-m+fp/hard/crtbegin.o
 .ARM.attributes
                0x00000056       0x34 ./Core/Src/cartesian.o
 .ARM.attributes
                0x0000008a       0x34 ./Core/Src/comm.o
 .ARM.attributes
                0x000000be       0x34 ./Core/Src/first_convey.o
 .ARM.attributes
                0x000000f2       0x34 ./Core/Src/main.o
 .ARM.attributes
                0x00000126       0x34 ./Core/Src/sensor.o
 .ARM.attributes
                0x0000015a       0x34 ./Core/Src/sequence.o
 .ARM.attributes
                0x0000018e       0x34 ./Core/Src/stm32f4xx_hal_msp.o
 .ARM.attributes
                0x000001c2       0x34 ./Core/Src/stm32f4xx_it.o
 .ARM.attributes
                0x000001f6       0x34 ./Core/Src/system_stm32f4xx.o
 .ARM.attributes
                0x0000022a       0x21 ./Core/Startup/startup_stm32f446retx.o
 .ARM.attributes
                0x0000024b       0x34 ./Drivers/STM32F4xx_HAL_Driver/Src/stm32f4xx_hal.o
 .ARM.attributes
                0x0000027f       0x34 ./Drivers/STM32F4xx_HAL_Driver/Src/stm32f4xx_hal_cortex.o
 .ARM.attributes
                0x000002b3       0x34 ./Drivers/STM32F4xx_HAL_Driver/Src/stm32f4xx_hal_dma.o
 .ARM.attributes
                0x000002e7       0x34 ./Drivers/STM32F4xx_HAL_Driver/Src/stm32f4xx_hal_gpio.o
 .ARM.attributes
                0x0000031b       0x34 ./Drivers/STM32F4xx_HAL_Driver/Src/stm32f4xx_hal_rcc.o
 .ARM.attributes
                0x0000034f       0x34 ./Drivers/STM32F4xx_HAL_Driver/Src/stm32f4xx_hal_rcc_ex.o
 .ARM.attributes
                0x00000383       0x34 ./Drivers/STM32F4xx_HAL_Driver/Src/stm32f4xx_hal_tim.o
 .ARM.attributes
                0x000003b7       0x34 ./Drivers/STM32F4xx_HAL_Driver/Src/stm32f4xx_hal_tim_ex.o
 .ARM.attributes
                0x000003eb       0x34 ./Drivers/STM32F4xx_HAL_Driver/Src/stm32f4xx_hal_uart.o
 .ARM.attributes
                0x0000041f       0x34 C:/ST/STM32CubeIDE_1.18.0/STM32CubeIDE/plugins/com.st.stm32cube.ide.mcu.externaltools.gnu-tools-for-stm32.13.3.rel1.win32_1.0.0.202411081344/tools/bin/../lib/gcc/arm-none-eabi/13.3.1/../../../../arm-none-eabi/lib/thumb/v7e-m+fp/hard\libc_nano.a(libc_a-memset.o)
 .ARM.attributes
                0x00000453       0x34 C:/ST/STM32CubeIDE_1.18.0/STM32CubeIDE/plugins/com.st.stm32cube.ide.mcu.externaltools.gnu-tools-for-stm32.13.3.rel1.win32_1.0.0.202411081344/tools/bin/../lib/gcc/arm-none-eabi/13.3.1/../../../../arm-none-eabi/lib/thumb/v7e-m+fp/hard\libc_nano.a(libc_a-init.o)
 .ARM.attributes
                0x00000487       0x22 C:/ST/STM32CubeIDE_1.18.0/STM32CubeIDE/plugins/com.st.stm32cube.ide.mcu.externaltools.gnu-tools-for-stm32.13.3.rel1.win32_1.0.0.202411081344/tools/bin/../lib/gcc/arm-none-eabi/13.3.1/thumb/v7e-m+fp/hard\libgcc.a(_aeabi_uldivmod.o)
 .ARM.attributes
                0x000004a9       0x34 C:/ST/STM32CubeIDE_1.18.0/STM32CubeIDE/plugins/com.st.stm32cube.ide.mcu.externaltools.gnu-tools-for-stm32.13.3.rel1.win32_1.0.0.202411081344/tools/bin/../lib/gcc/arm-none-eabi/13.3.1/thumb/v7e-m+fp/hard\libgcc.a(_udivmoddi4.o)
 .ARM.attributes
                0x000004dd       0x22 C:/ST/STM32CubeIDE_1.18.0/STM32CubeIDE/plugins/com.st.stm32cube.ide.mcu.externaltools.gnu-tools-for-stm32.13.3.rel1.win32_1.0.0.202411081344/tools/bin/../lib/gcc/arm-none-eabi/13.3.1/thumb/v7e-m+fp/hard\libgcc.a(_dvmd_tls.o)
 .ARM.attributes
                0x000004ff       0x22 C:/ST/STM32CubeIDE_1.18.0/STM32CubeIDE/plugins/com.st.stm32cube.ide.mcu.externaltools.gnu-tools-for-stm32.13.3.rel1.win32_1.0.0.202411081344/tools/bin/../lib/gcc/arm-none-eabi/13.3.1/thumb/v7e-m+fp/hard/crtn.o
OUTPUT(Cartesian_Robot.elf elf32-littlearm)
LOAD linker stubs
LOAD C:/ST/STM32CubeIDE_1.18.0/STM32CubeIDE/plugins/com.st.stm32cube.ide.mcu.externaltools.gnu-tools-for-stm32.13.3.rel1.win32_1.0.0.202411081344/tools/bin/../lib/gcc/arm-none-eabi/13.3.1/../../../../arm-none-eabi/lib/thumb/v7e-m+fp/hard\libc.a
LOAD C:/ST/STM32CubeIDE_1.18.0/STM32CubeIDE/plugins/com.st.stm32cube.ide.mcu.externaltools.gnu-tools-for-stm32.13.3.rel1.win32_1.0.0.202411081344/tools/bin/../lib/gcc/arm-none-eabi/13.3.1/../../../../arm-none-eabi/lib/thumb/v7e-m+fp/hard\libm.a
LOAD C:/ST/STM32CubeIDE_1.18.0/STM32CubeIDE/plugins/com.st.stm32cube.ide.mcu.externaltools.gnu-tools-for-stm32.13.3.rel1.win32_1.0.0.202411081344/tools/bin/../lib/gcc/arm-none-eabi/13.3.1/thumb/v7e-m+fp/hard\libgcc.a

.debug_info     0x00000000    0x11536
 .debug_info    0x00000000     0x18bf ./Core/Src/cartesian.o
 .debug_info    0x000018bf      0xe9e ./Core/Src/comm.o
 .debug_info    0x0000275d      0xca9 ./Core/Src/first_convey.o
 .debug_info    0x00003406     0x154b ./Core/Src/main.o
 .debug_info    0x00004951      0x1ab ./Core/Src/sensor.o
 .debug_info    0x00004afc      0x2f0 ./Core/Src/sequence.o
 .debug_info    0x00004dec     0x107f ./Core/Src/stm32f4xx_hal_msp.o
 .debug_info    0x00005e6b      0x9f5 ./Core/Src/stm32f4xx_it.o
 .debug_info    0x00006860      0x54a ./Core/Src/system_stm32f4xx.o
 .debug_info    0x00006daa       0x30 ./Core/Startup/startup_stm32f446retx.o
 .debug_info    0x00006dda      0x99a ./Drivers/STM32F4xx_HAL_Driver/Src/stm32f4xx_hal.o
 .debug_info    0x00007774      0xdaa ./Drivers/STM32F4xx_HAL_Driver/Src/stm32f4xx_hal_cortex.o
 .debug_info    0x0000851e      0x8e7 ./Drivers/STM32F4xx_HAL_Driver/Src/stm32f4xx_hal_dma.o
 .debug_info    0x00008e05      0x70b ./Drivers/STM32F4xx_HAL_Driver/Src/stm32f4xx_hal_gpio.o
 .debug_info    0x00009510      0x8ff ./Drivers/STM32F4xx_HAL_Driver/Src/stm32f4xx_hal_rcc.o
 .debug_info    0x00009e0f      0x960 ./Drivers/STM32F4xx_HAL_Driver/Src/stm32f4xx_hal_rcc_ex.o
 .debug_info    0x0000a76f     0x299d ./Drivers/STM32F4xx_HAL_Driver/Src/stm32f4xx_hal_tim.o
 .debug_info    0x0000d10c     0x14db ./Drivers/STM32F4xx_HAL_Driver/Src/stm32f4xx_hal_tim_ex.o
 .debug_info    0x0000e5e7     0x2f4f ./Drivers/STM32F4xx_HAL_Driver/Src/stm32f4xx_hal_uart.o

.debug_abbrev   0x00000000     0x29c7
 .debug_abbrev  0x00000000      0x3ce ./Core/Src/cartesian.o
 .debug_abbrev  0x000003ce      0x2c4 ./Core/Src/comm.o
 .debug_abbrev  0x00000692      0x2a5 ./Core/Src/first_convey.o
 .debug_abbrev  0x00000937      0x2fc ./Core/Src/main.o
 .debug_abbrev  0x00000c33       0xf6 ./Core/Src/sensor.o
 .debug_abbrev  0x00000d29      0x13b ./Core/Src/sequence.o
 .debug_abbrev  0x00000e64      0x21f ./Core/Src/stm32f4xx_hal_msp.o
 .debug_abbrev  0x00001083      0x1cc ./Core/Src/stm32f4xx_it.o
 .debug_abbrev  0x0000124f      0x11a ./Core/Src/system_stm32f4xx.o
 .debug_abbrev  0x00001369       0x24 ./Core/Startup/startup_stm32f446retx.o
 .debug_abbrev  0x0000138d      0x214 ./Drivers/STM32F4xx_HAL_Driver/Src/stm32f4xx_hal.o
 .debug_abbrev  0x000015a1      0x31d ./Drivers/STM32F4xx_HAL_Driver/Src/stm32f4xx_hal_cortex.o
 .debug_abbrev  0x000018be      0x264 ./Drivers/STM32F4xx_HAL_Driver/Src/stm32f4xx_hal_dma.o
 .debug_abbrev  0x00001b22      0x1d4 ./Drivers/STM32F4xx_HAL_Driver/Src/stm32f4xx_hal_gpio.o
 .debug_abbrev  0x00001cf6      0x2b7 ./Drivers/STM32F4xx_HAL_Driver/Src/stm32f4xx_hal_rcc.o
 .debug_abbrev  0x00001fad      0x211 ./Drivers/STM32F4xx_HAL_Driver/Src/stm32f4xx_hal_rcc_ex.o
 .debug_abbrev  0x000021be      0x278 ./Drivers/STM32F4xx_HAL_Driver/Src/stm32f4xx_hal_tim.o
 .debug_abbrev  0x00002436      0x283 ./Drivers/STM32F4xx_HAL_Driver/Src/stm32f4xx_hal_tim_ex.o
 .debug_abbrev  0x000026b9      0x30e ./Drivers/STM32F4xx_HAL_Driver/Src/stm32f4xx_hal_uart.o

.debug_aranges  0x00000000     0x1118
 .debug_aranges
                0x00000000      0x168 ./Core/Src/cartesian.o
 .debug_aranges
                0x00000168      0x1a0 ./Core/Src/comm.o
 .debug_aranges
                0x00000308       0xa8 ./Core/Src/first_convey.o
 .debug_aranges
                0x000003b0       0x70 ./Core/Src/main.o
 .debug_aranges
                0x00000420       0x20 ./Core/Src/sensor.o
 .debug_aranges
                0x00000440       0x58 ./Core/Src/sequence.o
 .debug_aranges
                0x00000498       0x58 ./Core/Src/stm32f4xx_hal_msp.o
 .debug_aranges
                0x000004f0       0x90 ./Core/Src/stm32f4xx_it.o
 .debug_aranges
                0x00000580       0x28 ./Core/Src/system_stm32f4xx.o
 .debug_aranges
                0x000005a8       0x28 ./Core/Startup/startup_stm32f446retx.o
 .debug_aranges
                0x000005d0       0xf0 ./Drivers/STM32F4xx_HAL_Driver/Src/stm32f4xx_hal.o
 .debug_aranges
                0x000006c0      0x130 ./Drivers/STM32F4xx_HAL_Driver/Src/stm32f4xx_hal_cortex.o
 .debug_aranges
                0x000007f0       0x90 ./Drivers/STM32F4xx_HAL_Driver/Src/stm32f4xx_hal_dma.o
 .debug_aranges
                0x00000880       0x58 ./Drivers/STM32F4xx_HAL_Driver/Src/stm32f4xx_hal_gpio.o
 .debug_aranges
                0x000008d8       0x88 ./Drivers/STM32F4xx_HAL_Driver/Src/stm32f4xx_hal_rcc.o
 .debug_aranges
                0x00000960       0x78 ./Drivers/STM32F4xx_HAL_Driver/Src/stm32f4xx_hal_rcc_ex.o
 .debug_aranges
                0x000009d8      0x3d0 ./Drivers/STM32F4xx_HAL_Driver/Src/stm32f4xx_hal_tim.o
 .debug_aranges
                0x00000da8      0x168 ./Drivers/STM32F4xx_HAL_Driver/Src/stm32f4xx_hal_tim_ex.o
 .debug_aranges
                0x00000f10      0x208 ./Drivers/STM32F4xx_HAL_Driver/Src/stm32f4xx_hal_uart.o

.debug_rnglists
                0x00000000      0xd5d
 .debug_rnglists
                0x00000000      0x131 ./Core/Src/cartesian.o
 .debug_rnglists
                0x00000131      0x137 ./Core/Src/comm.o
 .debug_rnglists
                0x00000268       0x79 ./Core/Src/first_convey.o
 .debug_rnglists
                0x000002e1       0x54 ./Core/Src/main.o
 .debug_rnglists
                0x00000335       0x13 ./Core/Src/sensor.o
 .debug_rnglists
                0x00000348       0x3e ./Core/Src/sequence.o
 .debug_rnglists
                0x00000386       0x40 ./Core/Src/stm32f4xx_hal_msp.o
 .debug_rnglists
                0x000003c6       0x67 ./Core/Src/stm32f4xx_it.o
 .debug_rnglists
                0x0000042d       0x1a ./Core/Src/system_stm32f4xx.o
 .debug_rnglists
                0x00000447       0x19 ./Core/Startup/startup_stm32f446retx.o
 .debug_rnglists
                0x00000460       0xaf ./Drivers/STM32F4xx_HAL_Driver/Src/stm32f4xx_hal.o
 .debug_rnglists
                0x0000050f       0xe0 ./Drivers/STM32F4xx_HAL_Driver/Src/stm32f4xx_hal_cortex.o
 .debug_rnglists
                0x000005ef       0x70 ./Drivers/STM32F4xx_HAL_Driver/Src/stm32f4xx_hal_dma.o
 .debug_rnglists
                0x0000065f       0x3f ./Drivers/STM32F4xx_HAL_Driver/Src/stm32f4xx_hal_gpio.o
 .debug_rnglists
                0x0000069e       0x66 ./Drivers/STM32F4xx_HAL_Driver/Src/stm32f4xx_hal_rcc.o
 .debug_rnglists
                0x00000704       0x5e ./Drivers/STM32F4xx_HAL_Driver/Src/stm32f4xx_hal_rcc_ex.o
 .debug_rnglists
                0x00000762      0x31a ./Drivers/STM32F4xx_HAL_Driver/Src/stm32f4xx_hal_tim.o
 .debug_rnglists
                0x00000a7c      0x125 ./Drivers/STM32F4xx_HAL_Driver/Src/stm32f4xx_hal_tim_ex.o
 .debug_rnglists
                0x00000ba1      0x1bc ./Drivers/STM32F4xx_HAL_Driver/Src/stm32f4xx_hal_uart.o

.debug_macro    0x00000000    0x22a40
 .debug_macro   0x00000000      0x27c ./Core/Src/cartesian.o
 .debug_macro   0x0000027c      0xad8 ./Core/Src/cartesian.o
 .debug_macro   0x00000d54       0x22 ./Core/Src/cartesian.o
 .debug_macro   0x00000d76       0x22 ./Core/Src/cartesian.o
 .debug_macro   0x00000d98       0x8e ./Core/Src/cartesian.o
 .debug_macro   0x00000e26       0x51 ./Core/Src/cartesian.o
 .debug_macro   0x00000e77      0x103 ./Core/Src/cartesian.o
 .debug_macro   0x00000f7a       0x6a ./Core/Src/cartesian.o
 .debug_macro   0x00000fe4      0x1df ./Core/Src/cartesian.o
 .debug_macro   0x000011c3      0x29b ./Core/Src/cartesian.o
 .debug_macro   0x0000145e       0x2e ./Core/Src/cartesian.o
 .debug_macro   0x0000148c       0x28 ./Core/Src/cartesian.o
 .debug_macro   0x000014b4       0x1c ./Core/Src/cartesian.o
 .debug_macro   0x000014d0       0x22 ./Core/Src/cartesian.o
 .debug_macro   0x000014f2       0xfb ./Core/Src/cartesian.o
 .debug_macro   0x000015ed     0x1011 ./Core/Src/cartesian.o
 .debug_macro   0x000025fe      0x11f ./Core/Src/cartesian.o
 .debug_macro   0x0000271d    0x1675e ./Core/Src/cartesian.o
 .debug_macro   0x00018e7b       0x6d ./Core/Src/cartesian.o
 .debug_macro   0x00018ee8     0x3693 ./Core/Src/cartesian.o
 .debug_macro   0x0001c57b      0x190 ./Core/Src/cartesian.o
 .debug_macro   0x0001c70b       0x5c ./Core/Src/cartesian.o
 .debug_macro   0x0001c767      0xca5 ./Core/Src/cartesian.o
 .debug_macro   0x0001d40c      0x9e9 ./Core/Src/cartesian.o
 .debug_macro   0x0001ddf5      0x115 ./Core/Src/cartesian.o
 .debug_macro   0x0001df0a      0x1a0 ./Core/Src/cartesian.o
 .debug_macro   0x0001e0aa       0xa5 ./Core/Src/cartesian.o
 .debug_macro   0x0001e14f      0x16d ./Core/Src/cartesian.o
 .debug_macro   0x0001e2bc      0x287 ./Core/Src/cartesian.o
 .debug_macro   0x0001e543       0x5f ./Core/Src/cartesian.o
 .debug_macro   0x0001e5a2      0x236 ./Core/Src/cartesian.o
 .debug_macro   0x0001e7d8      0x132 ./Core/Src/cartesian.o
 .debug_macro   0x0001e90a      0x29c ./Core/Src/cartesian.o
 .debug_macro   0x0001eba6       0x2e ./Core/Src/cartesian.o
 .debug_macro   0x0001ebd4      0x127 ./Core/Src/cartesian.o
 .debug_macro   0x0001ecfb       0xe8 ./Core/Src/cartesian.o
 .debug_macro   0x0001ede3       0x89 ./Core/Src/cartesian.o
 .debug_macro   0x0001ee6c      0x8ed ./Core/Src/cartesian.o
 .debug_macro   0x0001f759       0x53 ./Core/Src/cartesian.o
 .debug_macro   0x0001f7ac      0x2aa ./Core/Src/cartesian.o
 .debug_macro   0x0001fa56      0x126 ./Core/Src/cartesian.o
 .debug_macro   0x0001fb7c       0x82 ./Core/Src/cartesian.o
 .debug_macro   0x0001fbfe      0x2be ./Core/Src/comm.o
 .debug_macro   0x0001febc       0xd0 ./Core/Src/comm.o
 .debug_macro   0x0001ff8c       0x61 ./Core/Src/comm.o
 .debug_macro   0x0001ffed       0x2a ./Core/Src/comm.o
 .debug_macro   0x00020017       0x43 ./Core/Src/comm.o
 .debug_macro   0x0002005a       0x34 ./Core/Src/comm.o
 .debug_macro   0x0002008e      0x370 ./Core/Src/comm.o
 .debug_macro   0x000203fe       0x16 ./Core/Src/comm.o
 .debug_macro   0x00020414       0x4a ./Core/Src/comm.o
 .debug_macro   0x0002045e       0x34 ./Core/Src/comm.o
 .debug_macro   0x00020492       0x10 ./Core/Src/comm.o
 .debug_macro   0x000204a2       0x58 ./Core/Src/comm.o
 .debug_macro   0x000204fa       0x8e ./Core/Src/comm.o
 .debug_macro   0x00020588       0x1c ./Core/Src/comm.o
 .debug_macro   0x000205a4      0x185 ./Core/Src/comm.o
 .debug_macro   0x00020729       0x10 ./Core/Src/comm.o
 .debug_macro   0x00020739       0x3c ./Core/Src/comm.o
 .debug_macro   0x00020775       0x20 ./Core/Src/comm.o
 .debug_macro   0x00020795      0x2dc ./Core/Src/first_convey.o
 .debug_macro   0x00020a71       0x16 ./Core/Src/first_convey.o
 .debug_macro   0x00020a87       0x10 ./Core/Src/first_convey.o
 .debug_macro   0x00020a97       0x16 ./Core/Src/first_convey.o
 .debug_macro   0x00020aad       0x16 ./Core/Src/first_convey.o
 .debug_macro   0x00020ac3      0x146 ./Core/Src/first_convey.o
 .debug_macro   0x00020c09      0x2f2 ./Core/Src/main.o
 .debug_macro   0x00020efb       0xd6 ./Core/Src/main.o
 .debug_macro   0x00020fd1       0x16 ./Core/Src/main.o
 .debug_macro   0x00020fe7      0x1f4 ./Core/Src/sensor.o
 .debug_macro   0x000211db      0x20d ./Core/Src/sequence.o
 .debug_macro   0x000213e8      0x1d8 ./Core/Src/stm32f4xx_hal_msp.o
 .debug_macro   0x000215c0      0x1e2 ./Core/Src/stm32f4xx_it.o
 .debug_macro   0x000217a2      0x1ce ./Core/Src/system_stm32f4xx.o
 .debug_macro   0x00021970      0x22e ./Drivers/STM32F4xx_HAL_Driver/Src/stm32f4xx_hal.o
 .debug_macro   0x00021b9e      0x1ce ./Drivers/STM32F4xx_HAL_Driver/Src/stm32f4xx_hal_cortex.o
 .debug_macro   0x00021d6c      0x1d4 ./Drivers/STM32F4xx_HAL_Driver/Src/stm32f4xx_hal_dma.o
 .debug_macro   0x00021f40      0x1d4 ./Drivers/STM32F4xx_HAL_Driver/Src/stm32f4xx_hal_gpio.o
 .debug_macro   0x00022114      0x1f2 ./Drivers/STM32F4xx_HAL_Driver/Src/stm32f4xx_hal_rcc.o
 .debug_macro   0x00022306      0x1ce ./Drivers/STM32F4xx_HAL_Driver/Src/stm32f4xx_hal_rcc_ex.o
 .debug_macro   0x000224d4      0x1cf ./Drivers/STM32F4xx_HAL_Driver/Src/stm32f4xx_hal_tim.o
 .debug_macro   0x000226a3      0x1ce ./Drivers/STM32F4xx_HAL_Driver/Src/stm32f4xx_hal_tim_ex.o
 .debug_macro   0x00022871      0x1cf ./Drivers/STM32F4xx_HAL_Driver/Src/stm32f4xx_hal_uart.o

.debug_line     0x00000000    0x13013
 .debug_line    0x00000000     0x127f ./Core/Src/cartesian.o
 .debug_line    0x0000127f      0xfda ./Core/Src/comm.o
 .debug_line    0x00002259      0xb50 ./Core/Src/first_convey.o
 .debug_line    0x00002da9      0xc06 ./Core/Src/main.o
 .debug_line    0x000039af      0x767 ./Core/Src/sensor.o
 .debug_line    0x00004116      0x92c ./Core/Src/sequence.o
 .debug_line    0x00004a42      0x89f ./Core/Src/stm32f4xx_hal_msp.o
 .debug_line    0x000052e1      0x885 ./Core/Src/stm32f4xx_it.o
 .debug_line    0x00005b66      0x7bc ./Core/Src/system_stm32f4xx.o
 .debug_line    0x00006322       0x7a ./Core/Startup/startup_stm32f446retx.o
 .debug_line    0x0000639c      0xa38 ./Drivers/STM32F4xx_HAL_Driver/Src/stm32f4xx_hal.o
 .debug_line    0x00006dd4      0xd08 ./Drivers/STM32F4xx_HAL_Driver/Src/stm32f4xx_hal_cortex.o
 .debug_line    0x00007adc      0xfa4 ./Drivers/STM32F4xx_HAL_Driver/Src/stm32f4xx_hal_dma.o
 .debug_line    0x00008a80      0xb7c ./Drivers/STM32F4xx_HAL_Driver/Src/stm32f4xx_hal_gpio.o
 .debug_line    0x000095fc      0xe51 ./Drivers/STM32F4xx_HAL_Driver/Src/stm32f4xx_hal_rcc.o
 .debug_line    0x0000a44d     0x1501 ./Drivers/STM32F4xx_HAL_Driver/Src/stm32f4xx_hal_rcc_ex.o
 .debug_line    0x0000b94e     0x37ad ./Drivers/STM32F4xx_HAL_Driver/Src/stm32f4xx_hal_tim.o
 .debug_line    0x0000f0fb     0x1998 ./Drivers/STM32F4xx_HAL_Driver/Src/stm32f4xx_hal_tim_ex.o
 .debug_line    0x00010a93     0x2580 ./Drivers/STM32F4xx_HAL_Driver/Src/stm32f4xx_hal_uart.o

.debug_str      0x00000000    0xd2127
 .debug_str     0x00000000    0xd2127 ./Core/Src/cartesian.o
                              0xcad42 (size before relaxing)
 .debug_str     0x000d2127    0xcd3bc ./Core/Src/comm.o
 .debug_str     0x000d2127    0xcda3e ./Core/Src/first_convey.o
 .debug_str     0x000d2127    0xce07f ./Core/Src/main.o
 .debug_str     0x000d2127    0xc9966 ./Core/Src/sensor.o
 .debug_str     0x000d2127    0xc9ccb ./Core/Src/sequence.o
 .debug_str     0x000d2127    0xca601 ./Core/Src/stm32f4xx_hal_msp.o
 .debug_str     0x000d2127    0xc9f8e ./Core/Src/stm32f4xx_it.o
 .debug_str     0x000d2127    0xc98c6 ./Core/Src/system_stm32f4xx.o
 .debug_str     0x000d2127       0xa5 ./Core/Startup/startup_stm32f446retx.o
 .debug_str     0x000d2127    0xca48b ./Drivers/STM32F4xx_HAL_Driver/Src/stm32f4xx_hal.o
 .debug_str     0x000d2127    0xca1e2 ./Drivers/STM32F4xx_HAL_Driver/Src/stm32f4xx_hal_cortex.o
 .debug_str     0x000d2127    0xc9cbb ./Drivers/STM32F4xx_HAL_Driver/Src/stm32f4xx_hal_dma.o
 .debug_str     0x000d2127    0xc9a41 ./Drivers/STM32F4xx_HAL_Driver/Src/stm32f4xx_hal_gpio.o
 .debug_str     0x000d2127    0xc9cff ./Drivers/STM32F4xx_HAL_Driver/Src/stm32f4xx_hal_rcc.o
 .debug_str     0x000d2127    0xc9d32 ./Drivers/STM32F4xx_HAL_Driver/Src/stm32f4xx_hal_rcc_ex.o
 .debug_str     0x000d2127    0xcac2b ./Drivers/STM32F4xx_HAL_Driver/Src/stm32f4xx_hal_tim.o
 .debug_str     0x000d2127    0xca437 ./Drivers/STM32F4xx_HAL_Driver/Src/stm32f4xx_hal_tim_ex.o
 .debug_str     0x000d2127    0xca2b6 ./Drivers/STM32F4xx_HAL_Driver/Src/stm32f4xx_hal_uart.o

.comment        0x00000000       0x43
 .comment       0x00000000       0x43 ./Core/Src/cartesian.o
                                 0x44 (size before relaxing)
 .comment       0x00000043       0x44 ./Core/Src/comm.o
 .comment       0x00000043       0x44 ./Core/Src/first_convey.o
 .comment       0x00000043       0x44 ./Core/Src/main.o
 .comment       0x00000043       0x44 ./Core/Src/sensor.o
 .comment       0x00000043       0x44 ./Core/Src/sequence.o
 .comment       0x00000043       0x44 ./Core/Src/stm32f4xx_hal_msp.o
 .comment       0x00000043       0x44 ./Core/Src/stm32f4xx_it.o
 .comment       0x00000043       0x44 ./Core/Src/system_stm32f4xx.o
 .comment       0x00000043       0x44 ./Drivers/STM32F4xx_HAL_Driver/Src/stm32f4xx_hal.o
 .comment       0x00000043       0x44 ./Drivers/STM32F4xx_HAL_Driver/Src/stm32f4xx_hal_cortex.o
 .comment       0x00000043       0x44 ./Drivers/STM32F4xx_HAL_Driver/Src/stm32f4xx_hal_dma.o
 .comment       0x00000043       0x44 ./Drivers/STM32F4xx_HAL_Driver/Src/stm32f4xx_hal_gpio.o
 .comment       0x00000043       0x44 ./Drivers/STM32F4xx_HAL_Driver/Src/stm32f4xx_hal_rcc.o
 .comment       0x00000043       0x44 ./Drivers/STM32F4xx_HAL_Driver/Src/stm32f4xx_hal_rcc_ex.o
 .comment       0x00000043       0x44 ./Drivers/STM32F4xx_HAL_Driver/Src/stm32f4xx_hal_tim.o
 .comment       0x00000043       0x44 ./Drivers/STM32F4xx_HAL_Driver/Src/stm32f4xx_hal_tim_ex.o
 .comment       0x00000043       0x44 ./Drivers/STM32F4xx_HAL_Driver/Src/stm32f4xx_hal_uart.o

.debug_frame    0x00000000     0x46c4
 .debug_frame   0x00000000      0x5b0 ./Core/Src/cartesian.o
 .debug_frame   0x000005b0      0x6d8 ./Core/Src/comm.o
 .debug_frame   0x00000c88      0x260 ./Core/Src/first_convey.o
 .debug_frame   0x00000ee8      0x180 ./Core/Src/main.o
 .debug_frame   0x00001068       0x2c ./Core/Src/sensor.o
 .debug_frame   0x00001094      0x10c ./Core/Src/sequence.o
 .debug_frame   0x000011a0      0x134 ./Core/Src/stm32f4xx_hal_msp.o
 .debug_frame   0x000012d4      0x1ac ./Core/Src/stm32f4xx_it.o
 .debug_frame   0x00001480       0x58 ./Core/Src/system_stm32f4xx.o
 .debug_frame   0x000014d8      0x374 ./Drivers/STM32F4xx_HAL_Driver/Src/stm32f4xx_hal.o
 .debug_frame   0x0000184c      0x508 ./Drivers/STM32F4xx_HAL_Driver/Src/stm32f4xx_hal_cortex.o
 .debug_frame   0x00001d54      0x250 ./Drivers/STM32F4xx_HAL_Driver/Src/stm32f4xx_hal_dma.o
 .debug_frame   0x00001fa4      0x14c ./Drivers/STM32F4xx_HAL_Driver/Src/stm32f4xx_hal_gpio.o
 .debug_frame   0x000020f0      0x1f4 ./Drivers/STM32F4xx_HAL_Driver/Src/stm32f4xx_hal_rcc.o
 .debug_frame   0x000022e4      0x1e8 ./Drivers/STM32F4xx_HAL_Driver/Src/stm32f4xx_hal_rcc_ex.o
 .debug_frame   0x000024cc     0x11c0 ./Drivers/STM32F4xx_HAL_Driver/Src/stm32f4xx_hal_tim.o
 .debug_frame   0x0000368c      0x638 ./Drivers/STM32F4xx_HAL_Driver/Src/stm32f4xx_hal_tim_ex.o
 .debug_frame   0x00003cc4      0x954 ./Drivers/STM32F4xx_HAL_Driver/Src/stm32f4xx_hal_uart.o
 .debug_frame   0x00004618       0x20 C:/ST/STM32CubeIDE_1.18.0/STM32CubeIDE/plugins/com.st.stm32cube.ide.mcu.externaltools.gnu-tools-for-stm32.13.3.rel1.win32_1.0.0.202411081344/tools/bin/../lib/gcc/arm-none-eabi/13.3.1/../../../../arm-none-eabi/lib/thumb/v7e-m+fp/hard\libc_nano.a(libc_a-memset.o)
 .debug_frame   0x00004638       0x2c C:/ST/STM32CubeIDE_1.18.0/STM32CubeIDE/plugins/com.st.stm32cube.ide.mcu.externaltools.gnu-tools-for-stm32.13.3.rel1.win32_1.0.0.202411081344/tools/bin/../lib/gcc/arm-none-eabi/13.3.1/../../../../arm-none-eabi/lib/thumb/v7e-m+fp/hard\libc_nano.a(libc_a-init.o)
 .debug_frame   0x00004664       0x2c C:/ST/STM32CubeIDE_1.18.0/STM32CubeIDE/plugins/com.st.stm32cube.ide.mcu.externaltools.gnu-tools-for-stm32.13.3.rel1.win32_1.0.0.202411081344/tools/bin/../lib/gcc/arm-none-eabi/13.3.1/thumb/v7e-m+fp/hard\libgcc.a(_aeabi_uldivmod.o)
 .debug_frame   0x00004690       0x34 C:/ST/STM32CubeIDE_1.18.0/STM32CubeIDE/plugins/com.st.stm32cube.ide.mcu.externaltools.gnu-tools-for-stm32.13.3.rel1.win32_1.0.0.202411081344/tools/bin/../lib/gcc/arm-none-eabi/13.3.1/thumb/v7e-m+fp/hard\libgcc.a(_udivmoddi4.o)

.debug_line_str
                0x00000000       0x89
 .debug_line_str
                0x00000000       0x89 ./Core/Startup/startup_stm32f446retx.o
