running egg_info
writing ../../build/pi2_pkg/pi2_pkg.egg-info/PKG-INFO
writing dependency_links to ../../build/pi2_pkg/pi2_pkg.egg-info/dependency_links.txt
writing entry points to ../../build/pi2_pkg/pi2_pkg.egg-info/entry_points.txt
writing requirements to ../../build/pi2_pkg/pi2_pkg.egg-info/requires.txt
writing top-level names to ../../build/pi2_pkg/pi2_pkg.egg-info/top_level.txt
reading manifest file '../../build/pi2_pkg/pi2_pkg.egg-info/SOURCES.txt'
writing manifest file '../../build/pi2_pkg/pi2_pkg.egg-info/SOURCES.txt'
running build
running build_py
copying pi2_pkg/pi2_node.py -> /home/lth/smartfarm_pi2/build/pi2_pkg/build/lib/pi2_pkg
running install
running install_lib
copying /home/lth/smartfarm_pi2/build/pi2_pkg/build/lib/pi2_pkg/pi2_node.py -> /home/lth/smartfarm_pi2/install/pi2_pkg/lib/python3.12/site-packages/pi2_pkg
byte-compiling /home/lth/smartfarm_pi2/install/pi2_pkg/lib/python3.12/site-packages/pi2_pkg/pi2_node.py to pi2_node.cpython-312.pyc
running install_data
running install_egg_info
removing '/home/lth/smartfarm_pi2/install/pi2_pkg/lib/python3.12/site-packages/pi2_pkg-0.1.0-py3.12.egg-info' (and everything under it)
Copying ../../build/pi2_pkg/pi2_pkg.egg-info to /home/lth/smartfarm_pi2/install/pi2_pkg/lib/python3.12/site-packages/pi2_pkg-0.1.0-py3.12.egg-info
running install_scripts
Installing pi2_node script to /home/lth/smartfarm_pi2/install/pi2_pkg/lib/pi2_pkg
writing list of installed files to '/home/lth/smartfarm_pi2/build/pi2_pkg/install.log'
