[2.012s] Invoking command in '/home/lth/smartfarm_ws/src/smartfarm_pi1': DEBUGINFOD_URLS=https://debuginfod.ubuntu.com PYTHONPATH=/home/lth/smartfarm_ws/build/smartfarm_pi1/prefix_override:/usr/lib/python3/dist-packages/colcon_core/task/python/colcon_distutils_commands:/home/lth/smartfarm_ws/install/smartfarm_pi1/lib/python3.12/site-packages:${PYTHONPATH} /usr/bin/python3 -W ignore:setup.py install is deprecated -W ignore:easy_install command is deprecated setup.py egg_info --egg-base ../../build/smartfarm_pi1 build --build-base /home/lth/smartfarm_ws/build/smartfarm_pi1/build install --record /home/lth/smartfarm_ws/build/smartfarm_pi1/install.log --single-version-externally-managed
[2.379s] running egg_info
[2.405s] writing ../../build/smartfarm_pi1/smartfarm_pi1.egg-info/PKG-INFO
[2.413s] writing dependency_links to ../../build/smartfarm_pi1/smartfarm_pi1.egg-info/dependency_links.txt
[2.417s] writing entry points to ../../build/smartfarm_pi1/smartfarm_pi1.egg-info/entry_points.txt
[2.418s] writing requirements to ../../build/smartfarm_pi1/smartfarm_pi1.egg-info/requires.txt
[2.419s] writing top-level names to ../../build/smartfarm_pi1/smartfarm_pi1.egg-info/top_level.txt
[2.480s] reading manifest file '../../build/smartfarm_pi1/smartfarm_pi1.egg-info/SOURCES.txt'
[2.488s] writing manifest file '../../build/smartfarm_pi1/smartfarm_pi1.egg-info/SOURCES.txt'
[2.488s] running build
[2.488s] running build_py
[2.491s] copying smartfarm_pi1/pi1_node.py -> /home/lth/smartfarm_ws/build/smartfarm_pi1/build/lib/smartfarm_pi1
[2.491s] running install
[2.504s] running install_lib
[2.543s] copying /home/lth/smartfarm_ws/build/smartfarm_pi1/build/lib/smartfarm_pi1/pi1_node.py -> /home/lth/smartfarm_ws/install/smartfarm_pi1/lib/python3.12/site-packages/smartfarm_pi1
[2.545s] byte-compiling /home/lth/smartfarm_ws/install/smartfarm_pi1/lib/python3.12/site-packages/smartfarm_pi1/pi1_node.py to pi1_node.cpython-312.pyc
[2.548s] running install_egg_info
[2.583s] removing '/home/lth/smartfarm_ws/install/smartfarm_pi1/lib/python3.12/site-packages/smartfarm_pi1-0.1.0-py3.12.egg-info' (and everything under it)
[2.583s] Copying ../../build/smartfarm_pi1/smartfarm_pi1.egg-info to /home/lth/smartfarm_ws/install/smartfarm_pi1/lib/python3.12/site-packages/smartfarm_pi1-0.1.0-py3.12.egg-info
[2.586s] running install_scripts
[2.806s] Installing pi1_node script to /home/lth/smartfarm_ws/install/smartfarm_pi1/lib/smartfarm_pi1
[2.814s] writing list of installed files to '/home/lth/smartfarm_ws/build/smartfarm_pi1/install.log'
[2.973s] Invoked command in '/home/lth/smartfarm_ws/src/smartfarm_pi1' returned '0': DEBUGINFOD_URLS=https://debuginfod.ubuntu.com PYTHONPATH=/home/lth/smartfarm_ws/build/smartfarm_pi1/prefix_override:/usr/lib/python3/dist-packages/colcon_core/task/python/colcon_distutils_commands:/home/lth/smartfarm_ws/install/smartfarm_pi1/lib/python3.12/site-packages:${PYTHONPATH} /usr/bin/python3 -W ignore:setup.py install is deprecated -W ignore:easy_install command is deprecated setup.py egg_info --egg-base ../../build/smartfarm_pi1 build --build-base /home/lth/smartfarm_ws/build/smartfarm_pi1/build install --record /home/lth/smartfarm_ws/build/smartfarm_pi1/install.log --single-version-externally-managed
