[2.939s] Invoking command in '/home/lth/smartfarm_ws/src/smartfarm_pi1': DEBUGINFOD_URLS=https://debuginfod.ubuntu.com PYTHONPATH=/home/lth/smartfarm_ws/build/smartfarm_pi1/prefix_override:/usr/lib/python3/dist-packages/colcon_core/task/python/colcon_distutils_commands:/home/lth/smartfarm_ws/install/smartfarm_pi1/lib/python3.12/site-packages:${PYTHONPATH} /usr/bin/python3 -W ignore:setup.py install is deprecated -W ignore:easy_install command is deprecated setup.py egg_info --egg-base ../../build/smartfarm_pi1 build --build-base /home/lth/smartfarm_ws/build/smartfarm_pi1/build install --record /home/lth/smartfarm_ws/build/smartfarm_pi1/install.log --single-version-externally-managed
[3.454s] running egg_info
[3.488s] writing ../../build/smartfarm_pi1/smartfarm_pi1.egg-info/PKG-INFO
[3.489s] writing dependency_links to ../../build/smartfarm_pi1/smartfarm_pi1.egg-info/dependency_links.txt
[3.500s] writing entry points to ../../build/smartfarm_pi1/smartfarm_pi1.egg-info/entry_points.txt
[3.500s] writing requirements to ../../build/smartfarm_pi1/smartfarm_pi1.egg-info/requires.txt
[3.500s] writing top-level names to ../../build/smartfarm_pi1/smartfarm_pi1.egg-info/top_level.txt
[3.573s] reading manifest file '../../build/smartfarm_pi1/smartfarm_pi1.egg-info/SOURCES.txt'
[3.581s] writing manifest file '../../build/smartfarm_pi1/smartfarm_pi1.egg-info/SOURCES.txt'
[3.581s] running build
[3.581s] running build_py
[3.581s] copying smartfarm_pi1/pi1_node.py -> /home/lth/smartfarm_ws/build/smartfarm_pi1/build/lib/smartfarm_pi1
[3.582s] running install
[3.596s] running install_lib
[3.633s] copying /home/lth/smartfarm_ws/build/smartfarm_pi1/build/lib/smartfarm_pi1/pi1_node.py -> /home/lth/smartfarm_ws/install/smartfarm_pi1/lib/python3.12/site-packages/smartfarm_pi1
[3.634s] byte-compiling /home/lth/smartfarm_ws/install/smartfarm_pi1/lib/python3.12/site-packages/smartfarm_pi1/pi1_node.py to pi1_node.cpython-312.pyc
[3.647s] running install_egg_info
[3.688s] removing '/home/lth/smartfarm_ws/install/smartfarm_pi1/lib/python3.12/site-packages/smartfarm_pi1-0.1.0-py3.12.egg-info' (and everything under it)
[3.689s] Copying ../../build/smartfarm_pi1/smartfarm_pi1.egg-info to /home/lth/smartfarm_ws/install/smartfarm_pi1/lib/python3.12/site-packages/smartfarm_pi1-0.1.0-py3.12.egg-info
[3.690s] running install_scripts
[3.955s] Installing pi1_node script to /home/lth/smartfarm_ws/install/smartfarm_pi1/lib/smartfarm_pi1
[3.956s] writing list of installed files to '/home/lth/smartfarm_ws/build/smartfarm_pi1/install.log'
[4.043s] Invoked command in '/home/lth/smartfarm_ws/src/smartfarm_pi1' returned '0': DEBUGINFOD_URLS=https://debuginfod.ubuntu.com PYTHONPATH=/home/lth/smartfarm_ws/build/smartfarm_pi1/prefix_override:/usr/lib/python3/dist-packages/colcon_core/task/python/colcon_distutils_commands:/home/lth/smartfarm_ws/install/smartfarm_pi1/lib/python3.12/site-packages:${PYTHONPATH} /usr/bin/python3 -W ignore:setup.py install is deprecated -W ignore:easy_install command is deprecated setup.py egg_info --egg-base ../../build/smartfarm_pi1 build --build-base /home/lth/smartfarm_ws/build/smartfarm_pi1/build install --record /home/lth/smartfarm_ws/build/smartfarm_pi1/install.log --single-version-externally-managed
