22:31:27 **** Incremental Build of configuration Debug for project scara_test ****
make -j8 all 
arm-none-eabi-gcc "../Core/Src/main.c" -mcpu=cortex-m4 -std=gnu11 -g3 -DDEBUG -DUSE_HAL_DRIVER -DSTM32F446xx -c -I../Core/Inc -I../Drivers/STM32F4xx_HAL_Driver/Inc -I../Drivers/STM32F4xx_HAL_Driver/Inc/Legacy -I../Drivers/CMSIS/Device/ST/STM32F4xx/Include -I../Drivers/CMSIS/Include -O0 -ffunction-sections -fdata-sections -Wall -fstack-usage -fcyclomatic-complexity -MMD -MP -MF"Core/Src/main.d" -MT"Core/Src/main.o" --specs=nano.specs -mfpu=fpv4-sp-d16 -mfloat-abi=hard -mthumb -o "Core/Src/main.o"
arm-none-eabi-gcc -o "scara_test.elf" @"objects.list"   -mcpu=cortex-m4 -T"C:\Users\lthst\Desktop\aquaponics\Automated-Aquaponics-System\stepmotor_test\scara_test\STM32F446RETX_FLASH.ld" --specs=nosys.specs -Wl,-Map="scara_test.map" -Wl,--gc-sections -static --specs=nano.specs -mfpu=fpv4-sp-d16 -mfloat-abi=hard -mthumb -Wl,--start-group -lc -lm -Wl,--end-group
Finished building target: scara_test.elf
 
arm-none-eabi-size  scara_test.elf 
arm-none-eabi-objdump -h -S scara_test.elf  > "scara_test.list"
   text	   data	    bss	    dec	    hex	filename
  12372	     16	   1728	  14116	   3724	scara_test.elf
Finished building: default.size.stdout
 
Finished building: scara_test.list
 

22:31:28 Build Finished. 0 errors, 0 warnings. (took 1s.524ms)

