20:57:22 **** Incremental Build of configuration Debug for project sec_convey_cart ****
make -j8 all 
arm-none-eabi-size  sec_convey_cart.elf 
   text	   data	    bss	    dec	    hex	filename
  18120	     12	   1820	  19952	   4df0	sec_convey_cart.elf
Finished building: default.size.stdout
 
21:06:38 **** Incremental Build of configuration Debug for project sec_convey_cart ****
make -j8 all 
arm-none-eabi-size  sec_convey_cart.elf 
   text	   data	    bss	    dec	    hex	filename
  18120	     12	   1820	  19952	   4df0	sec_convey_cart.elf
Finished building: default.size.stdout
 
21:37:14 **** Incremental Build of configuration Debug for project sec_convey_cart ****
make -j8 all 
arm-none-eabi-gcc "../Core/Src/main.c" -mcpu=cortex-m4 -std=gnu11 -g3 -DDEBUG -DUSE_HAL_DRIVER -DSTM32F446xx -c -I../Core/Inc -I../Drivers/STM32F4xx_HAL_Driver/Inc -I../Drivers/STM32F4xx_HAL_Driver/Inc/Legacy -I../Drivers/CMSIS/Device/ST/STM32F4xx/Include -I../Drivers/CMSIS/Include -O0 -ffunction-sections -fdata-sections -Wall -fstack-usage -fcyclomatic-complexity -MMD -MP -MF"Core/Src/main.d" -MT"Core/Src/main.o" --specs=nano.specs -mfpu=fpv4-sp-d16 -mfloat-abi=hard -mthumb -o "Core/Src/main.o"
arm-none-eabi-gcc "../Core/Src/sequence.c" -mcpu=cortex-m4 -std=gnu11 -g3 -DDEBUG -DUSE_HAL_DRIVER -DSTM32F446xx -c -I../Core/Inc -I../Drivers/STM32F4xx_HAL_Driver/Inc -I../Drivers/STM32F4xx_HAL_Driver/Inc/Legacy -I../Drivers/CMSIS/Device/ST/STM32F4xx/Include -I../Drivers/CMSIS/Include -O0 -ffunction-sections -fdata-sections -Wall -fstack-usage -fcyclomatic-complexity -MMD -MP -MF"Core/Src/sequence.d" -MT"Core/Src/sequence.o" --specs=nano.specs -mfpu=fpv4-sp-d16 -mfloat-abi=hard -mthumb -o "Core/Src/sequence.o"
arm-none-eabi-gcc "../Core/Src/test.c" -mcpu=cortex-m4 -std=gnu11 -g3 -DDEBUG -DUSE_HAL_DRIVER -DSTM32F446xx -c -I../Core/Inc -I../Drivers/STM32F4xx_HAL_Driver/Inc -I../Drivers/STM32F4xx_HAL_Driver/Inc/Legacy -I../Drivers/CMSIS/Device/ST/STM32F4xx/Include -I../Drivers/CMSIS/Include -O0 -ffunction-sections -fdata-sections -Wall -fstack-usage -fcyclomatic-complexity -MMD -MP -MF"Core/Src/test.d" -MT"Core/Src/test.o" --specs=nano.specs -mfpu=fpv4-sp-d16 -mfloat-abi=hard -mthumb -o "Core/Src/test.o"
arm-none-eabi-gcc -o "sec_convey_cart.elf" @"objects.list"   -mcpu=cortex-m4 -T"C:\Users\lthst\Desktop\aquaponics\Automated-Aquaponics-System\sec_convey\sec_convey_cart\STM32F446RETX_FLASH.ld" --specs=nosys.specs -Wl,-Map="sec_convey_cart.map" -Wl,--gc-sections -static --specs=nano.specs -mfpu=fpv4-sp-d16 -mfloat-abi=hard -mthumb -Wl,--start-group -lc -lm -Wl,--end-group
Finished building target: sec_convey_cart.elf
 
arm-none-eabi-size  sec_convey_cart.elf 
arm-none-eabi-objdump -h -S sec_convey_cart.elf  > "sec_convey_cart.list"
   text	   data	    bss	    dec	    hex	filename
  19004	     12	   1844	  20860	   517c	sec_convey_cart.elf
Finished building: default.size.stdout
 
Finished building: sec_convey_cart.list
 
