2026-02-02 15:32:03,651 [INFO] Activator:176 - 


2026-02-02 15:32:03,669 [INFO] Activator:177 - !SESSION log4j initialized
2026-02-02 15:32:24,413 [INFO] LogOutputStream:77 - [STDOUT_REDIRECT] 
2026-02-02 15:32:34,447 [INFO] ApplicationProperties:184 - Using Application install path: C:\ST\STM32CubeIDE_1.18.0\STM32CubeIDE\plugins\com.st.stm32cube.common.mx_6.14.0.202502271554
2026-02-02 15:32:34,510 [INFO] DbMcusXml:78 - Set database path to: C:\ST\STM32CubeIDE_1.18.0\STM32CubeIDE\plugins\com.st.stm32cube.common.mx_6.14.0.202502271554\\db\/mcu/
2026-02-02 15:32:34,512 [INFO] ApiDb:274 - Set plugin database path to: C:\ST\STM32CubeIDE_1.18.0\STM32CubeIDE\plugins\com.st.stm32cube.common.mx_6.14.0.202502271554\\db\/plugins/boardmanager/
2026-02-02 15:32:34,513 [WARN] ApiDb:259 - Overriding images path with different value:  => C:\ST\STM32CubeIDE_1.18.0\STM32CubeIDE\plugins\com.st.stm32cube.common.mx_6.14.0.202502271554\\db\/plugins/mcufinder/images/
2026-02-02 15:32:34,539 [INFO] ApiDb:250 - Set database path to: C:\Users\lthst\.stmcufinder\plugins\mcufinder//mcu/
2026-02-02 15:32:34,541 [INFO] DbMcusAds:125 - Set database path to: C:\Users\lthst\.stmcufinder\plugins\mcufinder//mcu/
2026-02-02 15:32:34,555 [INFO] CrossReferenceDbSqlite:203 - Set database path to: C:\Users\lthst\.stmcufinder\plugins\mcufinder//mcu/cs/
2026-02-02 15:32:34,990 [INFO] RulesReader:64 - Compatibility file has been processed (301 Rules)
2026-02-02 15:32:35,281 [INFO] DbMcusXml:78 - Set database path to: C:\ST\STM32CubeIDE_1.18.0\STM32CubeIDE\plugins\com.st.stm32cube.common.mx_6.14.0.202502271554\\db\/mcu/
2026-02-02 15:32:35,282 [INFO] ApiDb:274 - Set plugin database path to: C:\ST\STM32CubeIDE_1.18.0\STM32CubeIDE\plugins\com.st.stm32cube.common.mx_6.14.0.202502271554\\db\/plugins/boardmanager/
2026-02-02 15:32:35,283 [INFO] ApiDb:261 - Set plugin images path to: C:\ST\STM32CubeIDE_1.18.0\STM32CubeIDE\plugins\com.st.stm32cube.common.mx_6.14.0.202502271554\\db\/plugins/mcufinder/images/
2026-02-02 15:32:35,283 [WARN] DbFile:41 - Overriding database path with different value: C:\Users\lthst\.stmcufinder\plugins\mcufinder/ => C:\Users\lthst\.stmcufinder\plugins\mcufinder
2026-02-02 15:32:35,283 [INFO] ApiDb:250 - Set database path to: C:\Users\lthst\.stmcufinder\plugins\mcufinder//mcu/
2026-02-02 15:32:35,283 [WARN] DbFile:41 - Overriding database path with different value: C:\Users\lthst\.stmcufinder\plugins\mcufinder/ => C:\Users\lthst\.stmcufinder\plugins\mcufinder
2026-02-02 15:32:35,284 [INFO] DbMcusAds:125 - Set database path to: C:\Users\lthst\.stmcufinder\plugins\mcufinder//mcu/
2026-02-02 15:32:35,284 [WARN] DbFile:41 - Overriding database path with different value: C:\Users\lthst\.stmcufinder\plugins\mcufinder/ => C:\Users\lthst\.stmcufinder\plugins\mcufinder
2026-02-02 15:32:35,284 [WARN] DbFile:41 - Overriding database path with different value: C:\Users\lthst\.stmcufinder\plugins\mcufinder/ => C:\Users\lthst\.stmcufinder\plugins\mcufinder
2026-02-02 15:32:35,299 [INFO] CrossReferenceDbSqlite:203 - Set database path to: C:\Users\lthst\.stmcufinder\plugins\mcufinder//mcu/cs/
2026-02-02 15:32:35,545 [INFO] MainPanel:272 - HeapMemory: 268435456
2026-02-02 15:32:35,942 [INFO] DbMcusXml:78 - Set database path to: C:\ST\STM32CubeIDE_1.18.0\STM32CubeIDE\plugins\com.st.stm32cube.common.mx_6.14.0.202502271554\\db\/mcu/
2026-02-02 15:32:35,942 [INFO] ApiDb:274 - Set plugin database path to: C:\ST\STM32CubeIDE_1.18.0\STM32CubeIDE\plugins\com.st.stm32cube.common.mx_6.14.0.202502271554\\db\/plugins/boardmanager/
2026-02-02 15:32:35,942 [INFO] ApiDb:261 - Set plugin images path to: C:\ST\STM32CubeIDE_1.18.0\STM32CubeIDE\plugins\com.st.stm32cube.common.mx_6.14.0.202502271554\\db\/plugins/mcufinder/images/
2026-02-02 15:32:35,944 [WARN] DbFile:41 - Overriding database path with different value: C:\Users\lthst\.stmcufinder\plugins\mcufinder/ => C:\Users\lthst\.stmcufinder\plugins\mcufinder
2026-02-02 15:32:35,944 [INFO] ApiDb:250 - Set database path to: C:\Users\lthst\.stmcufinder\plugins\mcufinder//mcu/
2026-02-02 15:32:35,945 [WARN] DbFile:41 - Overriding database path with different value: C:\Users\lthst\.stmcufinder\plugins\mcufinder/ => C:\Users\lthst\.stmcufinder\plugins\mcufinder
2026-02-02 15:32:35,945 [INFO] DbMcusAds:125 - Set database path to: C:\Users\lthst\.stmcufinder\plugins\mcufinder//mcu/
2026-02-02 15:32:35,946 [WARN] DbFile:41 - Overriding database path with different value: C:\Users\lthst\.stmcufinder\plugins\mcufinder/ => C:\Users\lthst\.stmcufinder\plugins\mcufinder
2026-02-02 15:32:35,946 [WARN] DbFile:41 - Overriding database path with different value: C:\Users\lthst\.stmcufinder\plugins\mcufinder/ => C:\Users\lthst\.stmcufinder\plugins\mcufinder
2026-02-02 15:32:35,947 [INFO] CrossReferenceDbSqlite:203 - Set database path to: C:\Users\lthst\.stmcufinder\plugins\mcufinder//mcu/cs/
2026-02-02 15:32:36,001 [INFO] ApplicationProperties:184 - Using Application install path: C:\ST\STM32CubeIDE_1.18.0\STM32CubeIDE\plugins\com.st.stm32cube.common.mx_6.14.0.202502271554
2026-02-02 15:32:36,005 [INFO] PluginManage:196 - Search for loadable plugins [exclusion list=, ]
2026-02-02 15:32:36,010 [INFO] PluginManage:310 - Check plugin analytics
2026-02-02 15:32:36,572 [INFO] AnalyticsPlugin:253 - Accepted Software Licenses: 
2026-02-02 15:32:36,573 [INFO] AnalyticsPlugin:255 - Accepted CMSIS Pack Licenses: 
2026-02-02 15:32:36,574 [INFO] AnalyticsPlugin:257 - Accepted Firmware Licenses: FW.F4.1.28.0
2026-02-02 15:32:36,583 [INFO] PluginManage:359 - Loaded plugin analytics (category:tool,tabindex:-1)
2026-02-02 15:32:36,584 [INFO] PluginManage:310 - Check plugin cadmodel
2026-02-02 15:32:36,640 [INFO] CADModel:105 - Init CAD model plugin
2026-02-02 15:32:36,641 [INFO] PluginManage:359 - Loaded plugin cadmodel (category:power,tabindex:5)
2026-02-02 15:32:36,641 [INFO] PluginManage:310 - Check plugin clock
2026-02-02 15:32:36,715 [INFO] PluginManage:359 - Loaded plugin clock (category:base,tabindex:2)
2026-02-02 15:32:36,718 [INFO] PluginManage:310 - Check plugin ddr
2026-02-02 15:32:36,727 [INFO] PluginManage:359 - Loaded plugin ddr (category:tool,tabindex:6)
2026-02-02 15:32:36,728 [INFO] PluginManage:310 - Check plugin filemanager
2026-02-02 15:32:37,193 [INFO] PluginManage:359 - Loaded plugin filemanager (category:base,tabindex:10)
2026-02-02 15:32:37,193 [INFO] PluginManage:310 - Check plugin ipmanager
2026-02-02 15:32:37,220 [INFO] PluginManage:359 - Loaded plugin ipmanager (category:base,tabindex:5)
2026-02-02 15:32:37,221 [INFO] PluginManage:310 - Check plugin lpbam
2026-02-02 15:32:37,303 [INFO] PluginManage:359 - Loaded plugin lpbam (category:base,tabindex:0)
2026-02-02 15:32:37,303 [INFO] PluginManage:310 - Check plugin memorymap
2026-02-02 15:32:37,394 [INFO] PluginManage:359 - Loaded plugin memorymap (category:base,tabindex:4)
2026-02-02 15:32:37,394 [INFO] PluginManage:310 - Check plugin pinoutandconfiguration
2026-02-02 15:32:37,481 [INFO] PluginManage:359 - Loaded plugin pinoutandconfiguration (category:base,tabindex:1)
2026-02-02 15:32:37,481 [INFO] PluginManage:310 - Check plugin pinoutconfig
2026-02-02 15:32:37,811 [WARN] SupportedApi:132 - Cannot load RTOS API schema: s4s-elt-must-match.1: The content of 'definitions' must match (annotation?, (simpleType | complexType)?, (unique | key | keyref)*)). A problem was found starting at: attribute.
2026-02-02 15:32:38,219 [INFO] PluginManage:359 - Loaded plugin pinoutconfig (category:base,tabindex:0)
2026-02-02 15:32:38,219 [INFO] PluginManage:310 - Check plugin power
2026-02-02 15:32:38,288 [INFO] PluginManage:359 - Loaded plugin power (category:power,tabindex:4)
2026-02-02 15:32:38,289 [INFO] PluginManage:310 - Check plugin projectmanager
2026-02-02 15:32:38,342 [INFO] PluginManage:359 - Loaded plugin projectmanager (category:projectmanager,tabindex:4)
2026-02-02 15:32:38,343 [INFO] PluginManage:310 - Check plugin rif
2026-02-02 15:32:38,389 [INFO] PluginManage:359 - Loaded plugin rif (category:base,tabindex:3)
2026-02-02 15:32:38,390 [INFO] PluginManage:310 - Check plugin thirdparty
2026-02-02 15:32:39,446 [WARN] IntegrityCheckThread:84 - waiting for thirdparty lock release [integrity check]
2026-02-02 15:32:39,448 [INFO] PluginManage:359 - Loaded plugin thirdparty (category:base,tabindex:-1)
2026-02-02 15:32:39,448 [INFO] IntegrityCheckThread:86 - entering critical section [integrity check]
2026-02-02 15:32:39,449 [INFO] PluginManage:310 - Check plugin tools
2026-02-02 15:32:39,450 [INFO] ThirdPartyUpdaterWithRetryManager:70 - Updater plugin not ready yet. [1/15]
2026-02-02 15:32:39,632 [INFO] PluginManage:359 - Loaded plugin tools (category:base,tabindex:7)
2026-02-02 15:32:39,632 [INFO] PluginManage:310 - Check plugin tutovideos
2026-02-02 15:32:40,398 [INFO] PluginManage:359 - Loaded plugin tutovideos (category:base,tabindex:-1)
2026-02-02 15:32:40,398 [INFO] PluginManage:310 - Check plugin updater
2026-02-02 15:32:40,471 [INFO] PluginManage:359 - Loaded plugin updater (category:base,tabindex:12)
2026-02-02 15:32:40,472 [INFO] PluginManage:310 - Check plugin userauth
2026-02-02 15:32:40,483 [INFO] UserAuth:118 - Init User Auth plugin
2026-02-02 15:32:40,487 [INFO] PluginManage:359 - Loaded plugin userauth (category:base,tabindex:14)
2026-02-02 15:32:40,489 [INFO] PluginManage:283 - PluginManage : Loaded plugins [18]
2026-02-02 15:32:41,202 [INFO] PinOutPanel:1589 - setPackage(No Configuration,No Configuration)
2026-02-02 15:32:41,486 [INFO] CADModel:165 - CPN selected for project level
2026-02-02 15:32:41,487 [INFO] CADModel:114 - Register for checkConnection events
2026-02-02 15:32:41,572 [INFO] IPUIPlugin:80 - create IPUIPlugin
2026-02-02 15:32:41,572 [INFO] PluginManager:220 - loadIPPluginJar : add adc
2026-02-02 15:32:41,744 [INFO] IPUIPlugin:80 - create IPUIPlugin
2026-02-02 15:32:41,744 [INFO] PluginManager:220 - loadIPPluginJar : add aes
2026-02-02 15:32:41,916 [INFO] IPUIPlugin:80 - create IPUIPlugin
2026-02-02 15:32:41,916 [INFO] PluginManager:220 - loadIPPluginJar : add can
2026-02-02 15:32:42,045 [INFO] IPUIPlugin:80 - create IPUIPlugin
2026-02-02 15:32:42,047 [INFO] PluginManager:220 - loadIPPluginJar : add comp
2026-02-02 15:32:42,243 [INFO] IPUIPlugin:80 - create IPUIPlugin
2026-02-02 15:32:42,243 [INFO] PluginManager:220 - loadIPPluginJar : add cryp
2026-02-02 15:32:42,310 [INFO] IPUIPlugin:80 - create IPUIPlugin
2026-02-02 15:32:42,311 [INFO] PluginManager:220 - loadIPPluginJar : add ddr_ctrl_phy
2026-02-02 15:32:42,460 [INFO] IPUIPlugin:80 - create IPUIPlugin
2026-02-02 15:32:42,460 [INFO] PluginManager:220 - loadIPPluginJar : add dfsdm
2026-02-02 15:32:42,461 [INFO] ThirdPartyUpdaterWithRetryManager:70 - Updater plugin not ready yet. [2/15]
2026-02-02 15:32:42,507 [INFO] IPUIPlugin:80 - create IPUIPlugin
2026-02-02 15:32:42,509 [INFO] PluginManager:220 - loadIPPluginJar : add dma
2026-02-02 15:32:42,664 [INFO] IPUIPlugin:80 - create IPUIPlugin
2026-02-02 15:32:42,664 [INFO] PluginManager:220 - loadIPPluginJar : add dma3
2026-02-02 15:32:42,860 [INFO] IPUIPlugin:80 - create IPUIPlugin
2026-02-02 15:32:42,860 [INFO] PluginManager:220 - loadIPPluginJar : add extmemmanager
2026-02-02 15:32:42,958 [INFO] IPUIPlugin:80 - create IPUIPlugin
2026-02-02 15:32:42,964 [INFO] PluginManager:220 - loadIPPluginJar : add fatfs
2026-02-02 15:32:43,257 [INFO] IPUIPlugin:80 - create IPUIPlugin
2026-02-02 15:32:43,258 [INFO] PluginManager:220 - loadIPPluginJar : add fmc
2026-02-02 15:32:43,328 [INFO] IPUIPlugin:80 - create IPUIPlugin
2026-02-02 15:32:43,329 [INFO] PluginManager:220 - loadIPPluginJar : add freertos
2026-02-02 15:32:43,438 [INFO] IPUIPlugin:80 - create IPUIPlugin
2026-02-02 15:32:43,438 [INFO] PluginManager:220 - loadIPPluginJar : add genericplugin
2026-02-02 15:32:43,844 [INFO] IPUIPlugin:80 - create IPUIPlugin
2026-02-02 15:32:43,844 [INFO] PluginManager:220 - loadIPPluginJar : add gfxmmu
2026-02-02 15:32:44,384 [INFO] IPUIPlugin:80 - create IPUIPlugin
2026-02-02 15:32:44,384 [INFO] PluginManager:220 - loadIPPluginJar : add gic
2026-02-02 15:32:44,426 [INFO] IPUIPlugin:80 - create IPUIPlugin
2026-02-02 15:32:44,426 [INFO] PluginManager:220 - loadIPPluginJar : add gpio
2026-02-02 15:32:44,806 [INFO] IPUIPlugin:80 - create IPUIPlugin
2026-02-02 15:32:44,807 [INFO] PluginManager:220 - loadIPPluginJar : add gtzc
2026-02-02 15:32:44,950 [INFO] IPUIPlugin:80 - create IPUIPlugin
2026-02-02 15:32:44,950 [INFO] PluginManager:220 - loadIPPluginJar : add hash
2026-02-02 15:32:45,157 [INFO] IPUIPlugin:80 - create IPUIPlugin
2026-02-02 15:32:45,157 [INFO] PluginManager:220 - loadIPPluginJar : add i2c
2026-02-02 15:32:45,285 [INFO] IPUIPlugin:80 - create IPUIPlugin
2026-02-02 15:32:45,285 [INFO] PluginManager:220 - loadIPPluginJar : add i2s
2026-02-02 15:32:45,423 [INFO] IPUIPlugin:80 - create IPUIPlugin
2026-02-02 15:32:45,424 [INFO] PluginManager:220 - loadIPPluginJar : add i3c
2026-02-02 15:32:45,464 [INFO] ThirdPartyUpdaterWithRetryManager:70 - Updater plugin not ready yet. [3/15]
2026-02-02 15:32:45,717 [INFO] IPUIPlugin:80 - create IPUIPlugin
2026-02-02 15:32:45,718 [INFO] PluginManager:220 - loadIPPluginJar : add ipddr
2026-02-02 15:32:45,987 [INFO] IPUIPlugin:80 - create IPUIPlugin
2026-02-02 15:32:45,988 [INFO] PluginManager:220 - loadIPPluginJar : add linkedlist
2026-02-02 15:32:46,117 [INFO] IPUIPlugin:80 - create IPUIPlugin
2026-02-02 15:32:46,117 [INFO] PluginManager:220 - loadIPPluginJar : add lorawan
2026-02-02 15:32:46,229 [INFO] IPUIPlugin:80 - create IPUIPlugin
2026-02-02 15:32:46,229 [INFO] PluginManager:220 - loadIPPluginJar : add ltdc
2026-02-02 15:32:46,285 [INFO] IPUIPlugin:80 - create IPUIPlugin
2026-02-02 15:32:46,286 [INFO] PluginManager:220 - loadIPPluginJar : add mdma
2026-02-02 15:32:46,340 [INFO] IPUIPlugin:80 - create IPUIPlugin
2026-02-02 15:32:46,340 [INFO] PluginManager:220 - loadIPPluginJar : add nvic
2026-02-02 15:32:46,531 [INFO] IPUIPlugin:80 - create IPUIPlugin
2026-02-02 15:32:46,532 [INFO] PluginManager:220 - loadIPPluginJar : add opamp
2026-02-02 15:32:46,832 [INFO] IPUIPlugin:80 - create IPUIPlugin
2026-02-02 15:32:46,833 [INFO] PluginManager:220 - loadIPPluginJar : add openamp
2026-02-02 15:32:46,989 [INFO] IPUIPlugin:80 - create IPUIPlugin
2026-02-02 15:32:46,990 [INFO] PluginManager:220 - loadIPPluginJar : add pdm2pcm
2026-02-02 15:32:47,049 [INFO] IPUIPlugin:80 - create IPUIPlugin
2026-02-02 15:32:47,057 [INFO] PluginManager:220 - loadIPPluginJar : add plateformsettings
2026-02-02 15:32:47,202 [INFO] IPUIPlugin:80 - create IPUIPlugin
2026-02-02 15:32:47,202 [INFO] PluginManager:220 - loadIPPluginJar : add quadspi
2026-02-02 15:32:47,304 [INFO] IPUIPlugin:80 - create IPUIPlugin
2026-02-02 15:32:47,306 [INFO] PluginManager:220 - loadIPPluginJar : add radio
2026-02-02 15:32:47,380 [INFO] IPUIPlugin:80 - create IPUIPlugin
2026-02-02 15:32:47,380 [INFO] PluginManager:220 - loadIPPluginJar : add resmgrutility
2026-02-02 15:32:47,597 [INFO] IPUIPlugin:80 - create IPUIPlugin
2026-02-02 15:32:47,598 [INFO] PluginManager:220 - loadIPPluginJar : add sai
2026-02-02 15:32:47,879 [INFO] IPUIPlugin:80 - create IPUIPlugin
2026-02-02 15:32:47,880 [INFO] PluginManager:220 - loadIPPluginJar : add spi
2026-02-02 15:32:48,198 [INFO] IPUIPlugin:80 - create IPUIPlugin
2026-02-02 15:32:48,198 [INFO] PluginManager:220 - loadIPPluginJar : add stm32_wpan
2026-02-02 15:32:48,274 [INFO] IPUIPlugin:80 - create IPUIPlugin
2026-02-02 15:32:48,274 [INFO] PluginManager:220 - loadIPPluginJar : add tim
2026-02-02 15:32:48,466 [INFO] ThirdPartyUpdaterWithRetryManager:70 - Updater plugin not ready yet. [4/15]
2026-02-02 15:32:48,472 [INFO] IPUIPlugin:80 - create IPUIPlugin
2026-02-02 15:32:48,472 [INFO] PluginManager:220 - loadIPPluginJar : add touchsensing
2026-02-02 15:32:48,541 [INFO] IPUIPlugin:80 - create IPUIPlugin
2026-02-02 15:32:48,541 [INFO] PluginManager:220 - loadIPPluginJar : add tracer_emb
2026-02-02 15:32:48,682 [INFO] IPUIPlugin:80 - create IPUIPlugin
2026-02-02 15:32:48,683 [INFO] PluginManager:220 - loadIPPluginJar : add ts
2026-02-02 15:32:48,801 [INFO] IPUIPlugin:80 - create IPUIPlugin
2026-02-02 15:32:48,801 [INFO] PluginManager:220 - loadIPPluginJar : add tsc
2026-02-02 15:32:48,897 [INFO] IPUIPlugin:80 - create IPUIPlugin
2026-02-02 15:32:48,897 [INFO] PluginManager:220 - loadIPPluginJar : add ucpd
2026-02-02 15:32:49,057 [INFO] IPUIPlugin:80 - create IPUIPlugin
2026-02-02 15:32:49,057 [INFO] PluginManager:220 - loadIPPluginJar : add usart
2026-02-02 15:32:49,198 [INFO] IPUIPlugin:80 - create IPUIPlugin
2026-02-02 15:32:49,199 [INFO] PluginManager:220 - loadIPPluginJar : add usbx
2026-02-02 15:32:49,484 [FATAL] Updater:351 - Updater called before beeing initialized
2026-02-02 15:32:49,529 [INFO] RulesReader:64 - Compatibility file has been processed (301 Rules)
2026-02-02 15:32:49,562 [INFO] RulesReader:64 - Compatibility file has been processed (301 Rules)
2026-02-02 15:32:49,591 [INFO] CADModel:165 - CPN selected for project level
2026-02-02 15:32:49,592 [INFO] CADModel:114 - Register for checkConnection events
2026-02-02 15:32:49,592 [FATAL] Updater:351 - Updater called before beeing initialized
2026-02-02 15:32:49,593 [ERROR] CADModel:125 - Updater not yet initialized, retry later 
2026-02-02 15:32:50,175 [FATAL] Updater:351 - Updater called before beeing initialized
2026-02-02 15:32:50,189 [INFO] CADModel:165 - CPN selected for project level
2026-02-02 15:32:50,190 [INFO] CADModel:114 - Register for checkConnection events
2026-02-02 15:32:50,213 [FATAL] Updater:351 - Updater called before beeing initialized
2026-02-02 15:32:50,214 [ERROR] CADModel:125 - Updater not yet initialized, retry later 
2026-02-02 15:32:50,234 [FATAL] Updater:351 - Updater called before beeing initialized
2026-02-02 15:32:50,787 [FATAL] Updater:351 - Updater called before beeing initialized
2026-02-02 15:32:50,821 [INFO] DbMcusAds:53 - JSON generation date=Fri Jan 09 00:57:51 KST 2026 (1767887871456)
2026-02-02 15:32:50,821 [FATAL] Updater:351 - Updater called before beeing initialized
2026-02-02 15:32:50,941 [WARN] DetailPanel:346 - Failed to get advertising image, set to default
2026-02-02 15:32:51,467 [INFO] ThirdPartyUpdaterWithRetryManager:70 - Updater plugin not ready yet. [5/15]
2026-02-02 15:32:52,130 [FATAL] Updater:351 - Updater called before beeing initialized
2026-02-02 15:32:52,136 [FATAL] Updater:351 - Updater called before beeing initialized
2026-02-02 15:32:52,136 [FATAL] Updater:351 - Updater called before beeing initialized
2026-02-02 15:32:52,136 [WARN] DetailPanel:346 - Failed to get advertising image, set to default
2026-02-02 15:32:52,139 [FATAL] Updater:351 - Updater called before beeing initialized
2026-02-02 15:32:52,287 [ERROR] Updater:1198 - MainUpdater not yet initialized. External WinMGr cannot be set.
2026-02-02 15:32:52,317 [INFO] Updater:1134 - Updater Version found : 6.14.0
2026-02-02 15:32:52,353 [INFO] ApplicationProperties:184 - Using Application install path: C:\ST\STM32CubeIDE_1.18.0\STM32CubeIDE\plugins\com.st.stm32cube.common.mx_6.14.0.202502271554
2026-02-02 15:32:53,141 [INFO] MainUpdater:2872 - connection check result : 10
2026-02-02 15:32:53,143 [INFO] MainUpdater:289 - Updater Check For Update Now.
2026-02-02 15:32:53,143 [INFO] MicroXplorer:498 - Change Database Version : DB.6.0.140
2026-02-02 15:32:53,198 [INFO] McuFinderGlobals:63 - Set McuFinder mode to 2 (CubeIDE integrated)
2026-02-02 15:32:53,227 [INFO] UserAuth:486 - Internet connection configuration mode: 1
2026-02-02 15:32:53,319 [INFO] JxBrowserEngine:152 - Initiate JxBrowser Engine with user profile folder
2026-02-02 15:32:53,594 [INFO] CheckServerUpdateThread:120 - End of CheckServer Thread
2026-02-02 15:32:55,172 [WARN] PackLoader:240 - Cannot read IP mode file for STMicroelectronics.FP-SNS-MOTENVWB1.1.4.0
2026-02-02 15:32:55,238 [WARN] PackLoader:240 - Cannot read IP mode file for STMicroelectronics.FP-ATR-ASTRA1.2.0.2
2026-02-02 15:32:55,290 [WARN] PackLoader:240 - Cannot read IP mode file for STMicroelectronics.X-CUBE-SMBUS.2.1.0
2026-02-02 15:32:55,373 [WARN] PackLoader:240 - Cannot read IP mode file for STMicroelectronics.X-CUBE-WB05N.1.1.0
2026-02-02 15:32:55,433 [WARN] PackLoader:240 - Cannot read IP mode file for STMicroelectronics.X-CUBE-ST60.1.0.0
2026-02-02 15:32:55,590 [WARN] PackLoader:240 - Cannot read IP mode file for STMicroelectronics.X-CUBE-AZRTOS-F7.1.1.0
2026-02-02 15:32:55,647 [ERROR] Engine:466 - C:\Users\lthst\.stm32cubemx\thirdparties\pdsc\STMicroelectronics.FP-SNS-MOTENV1.5.1.0.pdsc: PDSC version is not supported
2026-02-02 15:32:55,771 [WARN] PackLoader:240 - Cannot read IP mode file for Infineon.AIROC-Wi-Fi-Bluetooth-STM32.1.7.0
2026-02-02 15:32:55,858 [INFO] WebApp:169 - Instantiating new browser for Auth
2026-02-02 15:32:55,949 [WARN] PackLoader:240 - Cannot read IP mode file for STMicroelectronics.X-CUBE-AZRTOS-H7.3.4.0
2026-02-02 15:32:56,048 [WARN] PackLoader:240 - Cannot read IP mode file for STMicroelectronics.X-CUBE-DISPLAY.3.0.0
2026-02-02 15:32:56,155 [WARN] PackLoader:240 - Cannot read IP mode file for STMicroelectronics.X-CUBE-NFC10.1.0.0
2026-02-02 15:32:56,233 [WARN] PackLoader:240 - Cannot read IP mode file for STMicroelectronics.X-CUBE-BLEMGR.4.0.0
2026-02-02 15:32:56,288 [WARN] PackLoader:240 - Cannot read IP mode file for STMicroelectronics.X-CUBE-ST60.1.1.0
2026-02-02 15:32:56,346 [WARN] PackLoader:240 - Cannot read IP mode file for emotas.I-CUBE-CANOPEN.1.3.0
2026-02-02 15:32:56,407 [WARN] PackLoader:240 - Cannot read IP mode file for STMicroelectronics.X-CUBE-GNSS1.7.1.0
2026-02-02 15:32:56,456 [WARN] ConditionMgr:438 - getConditionDescription Invalid condition id : Cortex-A Device cause : null
2026-02-02 15:32:56,525 [WARN] ConditionMgr:1044 - genDependencies : Invalid condition id : Cortex-A Device cause : null
2026-02-02 15:32:56,525 [WARN] ConditionMgr:1044 - genDependencies : Invalid condition id : Cortex-A Device cause : null
2026-02-02 15:32:56,526 [WARN] ConditionMgr:1044 - genDependencies : Invalid condition id : Cortex-A Device cause : null
2026-02-02 15:32:56,563 [WARN] PackLoader:240 - Cannot read IP mode file for STMicroelectronics.X-CUBE-AI.10.0.0
2026-02-02 15:32:56,607 [ERROR] Engine:466 - C:\Users\lthst\.stm32cubemx\thirdparties\pdsc\STMicroelectronics.FP-SNS-STBOX1.2.1.0.pdsc: PDSC version is not supported
2026-02-02 15:32:56,653 [WARN] PackLoader:240 - Cannot read IP mode file for STMicroelectronics.FP-SNS-SMARTAG2.1.2.0
2026-02-02 15:32:56,696 [WARN] PackLoader:240 - Cannot read IP mode file for STMicroelectronics.FP-SNS-FLIGHT1.5.1.0
2026-02-02 15:32:56,851 [WARN] PackLoader:240 - Cannot read IP mode file for STMicroelectronics.X-CUBE-MEMS1.11.1.0
2026-02-02 15:32:57,464 [INFO] LogOutputStream:77 - [STDOUT_REDIRECT] 1 : Invalid condition id : UX_CORESTACK_Condition cause : null
2026-02-02 15:32:57,466 [INFO] LogOutputStream:77 - [STDOUT_REDIRECT] 1 : Invalid condition id : UX_CORESTACK_Condition cause : null
2026-02-02 15:32:57,468 [INFO] LogOutputStream:77 - [STDOUT_REDIRECT] 1 : Invalid condition id : UX_CORESTACK_Condition cause : null
2026-02-02 15:32:57,472 [INFO] LogOutputStream:77 - [STDOUT_REDIRECT] 1 : Invalid condition id : UX_CORESTACK_Condition cause : null
2026-02-02 15:32:57,475 [INFO] LogOutputStream:77 - [STDOUT_REDIRECT] 1 : Invalid condition id : UX_CORESTACK_Condition cause : null
2026-02-02 15:32:57,481 [WARN] PackLoader:240 - Cannot read IP mode file for STMicroelectronics.X-CUBE-AZRTOS-WL.2.0.0
2026-02-02 15:32:57,533 [WARN] PackLoader:240 - Cannot read IP mode file for STMicroelectronics.FP-SNS-MOTENV1.5.0.0
2026-02-02 15:32:57,633 [WARN] PackLoader:240 - Cannot read IP mode file for STMicroelectronics.X-CUBE-AZRTOS-H7RS.1.2.0
2026-02-02 15:32:57,695 [WARN] PackLoader:240 - Cannot read IP mode file for WES.I-CUBE-Cesium.1.3.0
2026-02-02 15:32:57,756 [WARN] PackLoader:240 - Cannot read IP mode file for STMicroelectronics.X-CUBE-BLE2.3.3.0
2026-02-02 15:32:57,934 [WARN] PackLoader:240 - Cannot read IP mode file for STMicroelectronics.X-CUBE-NFC9.1.0.0
2026-02-02 15:32:58,000 [WARN] PackLoader:240 - Cannot read IP mode file for STMicroelectronics.X-CUBE-BLE1.7.1.0
2026-02-02 15:32:58,054 [WARN] PackLoader:240 - Cannot read IP mode file for wolfSSL.I-CUBE-wolfMQTT.1.19.2
2026-02-02 15:32:58,102 [ERROR] Engine:466 - C:\Users\lthst\.stm32cubemx\thirdparties\pdsc\STMicroelectronics.X-CUBE-FREERTOS.1.4.0.pdsc: PDSC version is not supported
2026-02-02 15:32:58,165 [WARN] PackLoader:240 - Cannot read IP mode file for STMicroelectronics.X-CUBE-EEPRMA1.5.2.0
2026-02-02 15:32:58,223 [ERROR] Engine:466 - C:\Users\lthst\.stm32cubemx\thirdparties\pdsc\STMicroelectronics.X-CUBE-ST67W61.1.1.0.pdsc: PDSC version is not supported
2026-02-02 15:32:58,263 [WARN] PackLoader:240 - Cannot read IP mode file for STMicroelectronics.X-CUBE-AI.10.1.0
2026-02-02 15:32:58,420 [WARN] PackLoader:240 - Cannot read IP mode file for STMicroelectronics.X-CUBE-MEMS1.12.0.0
2026-02-02 15:32:58,758 [WARN] PackLoader:240 - Cannot read IP mode file for STMicroelectronics.X-CUBE-MEMS1.11.2.0
2026-02-02 15:32:59,111 [WARN] PackLoader:240 - Cannot read IP mode file for STMicroelectronics.X-CUBE-AZRTOS-G0.1.1.0
2026-02-02 15:32:59,169 [WARN] PackLoader:240 - Cannot read IP mode file for STMicroelectronics.X-CUBE-SAFEA1.1.2.2
2026-02-02 15:32:59,231 [WARN] PackLoader:240 - Cannot read IP mode file for STMicroelectronics.X-CUBE-NFC4.3.0.0
2026-02-02 15:32:59,302 [WARN] PackLoader:240 - Cannot read IP mode file for EmbeddedOffice.I-CUBE-FS-RTOS.1.0.1
2026-02-02 15:32:59,359 [WARN] PackLoader:240 - Cannot read IP mode file for STMicroelectronics.X-CUBE-WB05N.2.0.0
2026-02-02 15:32:59,422 [WARN] PackLoader:240 - Cannot read IP mode file for wolfSSL.I-CUBE-wolfTPM.3.8.0
2026-02-02 15:32:59,430 [INFO] WebApp:463 - Apply proxy settings
2026-02-02 15:32:59,432 [INFO] WebApp:548 - Chromium requires no authentication
2026-02-02 15:32:59,467 [INFO] WebApp:491 - Direct internet connection detected
2026-02-02 15:32:59,485 [WARN] PackLoader:240 - Cannot read IP mode file for STMicroelectronics.X-CUBE-TCPP.4.2.0
2026-02-02 15:32:59,545 [WARN] PackLoader:240 - Cannot read IP mode file for RealThread.X-CUBE-RT-Thread_Nano.4.1.1
2026-02-02 15:32:59,572 [INFO] WebApp:894 - Register for checkConnection events
2026-02-02 15:32:59,572 [INFO] WebApp:463 - Apply proxy settings
2026-02-02 15:32:59,574 [INFO] WebApp:548 - Chromium requires no authentication
2026-02-02 15:32:59,577 [INFO] WebApp:491 - Direct internet connection detected
2026-02-02 15:32:59,600 [WARN] PackLoader:240 - Cannot read IP mode file for STMicroelectronics.FP-ATR-SIGFOX1.3.2.0
2026-02-02 15:32:59,654 [WARN] PackLoader:240 - Cannot read IP mode file for STMicroelectronics.X-CUBE-EEPRMA1.5.1.0
2026-02-02 15:32:59,702 [WARN] PackLoader:240 - Cannot read IP mode file for wolfSSL.I-CUBE-wolfSSL.5.7.6
2026-02-02 15:32:59,755 [WARN] PackLoader:240 - Cannot read IP mode file for ITTIA_DB.I-CUBE-ITTIADB.8.9.0
2026-02-02 15:32:59,826 [WARN] PackLoader:240 - Cannot read IP mode file for STMicroelectronics.X-CUBE-NFC6.3.2.0
2026-02-02 15:32:59,924 [WARN] PackLoader:240 - Cannot read IP mode file for STMicroelectronics.X-CUBE-ST67W61.1.0.0
2026-02-02 15:33:00,004 [WARN] PackLoader:240 - Cannot read IP mode file for STMicroelectronics.X-CUBE-AI.10.2.0
2026-02-02 15:33:00,188 [WARN] PackLoader:240 - Cannot read IP mode file for SEGGER.I-CUBE-embOS.1.3.1
2026-02-02 15:33:00,409 [WARN] PackLoader:240 - Cannot read IP mode file for STMicroelectronics.X-CUBE-ALGOBUILD.1.4.0
2026-02-02 15:33:00,577 [WARN] PackLoader:240 - Cannot read IP mode file for STMicroelectronics.X-CUBE-MEMS1.11.3.0
2026-02-02 15:33:00,671 [INFO] WebApp:225 - Starting web application
2026-02-02 15:33:00,672 [INFO] WebApp:593 - Web application path used C:\ST\STM32CubeIDE_1.18.0\STM32CubeIDE\plugins\com.st.stm32cube.common.mx_6.14.0.202502271554\db\plugins\mcufinder\reactClient1\index.html
2026-02-02 15:33:00,695 [INFO] WebApp:191 - Connection restablished
2026-02-02 15:33:00,941 [WARN] PackLoader:240 - Cannot read IP mode file for STMicroelectronics.X-CUBE-PM33A1.1.0.0
2026-02-02 15:33:01,028 [WARN] PackLoader:240 - Cannot read IP mode file for STMicroelectronics.X-CUBE-AZRTOS-F4.1.1.0
2026-02-02 15:33:01,081 [WARN] PackLoader:240 - Cannot read IP mode file for Avnet-IotConnect.X-CUBE-IoTC-DA16k-PMOD.1.0.0
2026-02-02 15:33:01,126 [WARN] PackLoader:240 - Cannot read IP mode file for STMicroelectronics.X-CUBE-ISPU.2.1.0
2026-02-02 15:33:01,183 [ERROR] Engine:466 - C:\Users\lthst\.stm32cubemx\thirdparties\pdsc\STMicroelectronics.X-CUBE-IPS.3.2.0.pdsc: PDSC version is not supported
2026-02-02 15:33:01,235 [WARN] PackLoader:240 - Cannot read IP mode file for STMicroelectronics.X-CUBE-NFC12.1.0.0
2026-02-02 15:33:01,325 [WARN] PackLoader:240 - Cannot read IP mode file for STMicroelectronics.X-CUBE-AZRTOS-L5.2.0.0
2026-02-02 15:33:01,386 [WARN] PackLoader:240 - Cannot read IP mode file for STMicroelectronics.X-CUBE-NFC6.3.1.0
2026-02-02 15:33:01,443 [WARN] PackLoader:240 - Cannot read IP mode file for STMicroelectronics.X-CUBE-DPower.1.2.0
2026-02-02 15:33:01,500 [WARN] PackLoader:240 - Cannot read IP mode file for STMicroelectronics.X-CUBE-FREERTOS.1.3.1
2026-02-02 15:33:01,552 [WARN] PackLoader:240 - Cannot read IP mode file for STMicroelectronics.X-CUBE-FREERTOS.1.3.0
2026-02-02 15:33:01,609 [WARN] PackLoader:240 - Cannot read IP mode file for STMicroelectronics.X-CUBE-NFC7.1.0.1
2026-02-02 15:33:01,705 [WARN] PackLoader:240 - Cannot read IP mode file for STMicroelectronics.X-CUBE-TOUCHGFX.4.26.0
2026-02-02 15:33:01,799 [INFO] UserAuth:486 - Internet connection configuration mode: 1
2026-02-02 15:33:01,800 [WARN] PackLoader:240 - Cannot read IP mode file for STMicroelectronics.FP-SNS-STAIOTCFT.1.0.0
2026-02-02 15:33:01,860 [WARN] PackLoader:240 - Cannot read IP mode file for STMicroelectronics.X-CUBE-DPower.1.3.0
2026-02-02 15:33:01,965 [WARN] ConditionMgr:438 - getConditionDescription Invalid condition id : LAN8742 Phy interface Condition cause : null
2026-02-02 15:33:01,967 [WARN] PackLoader:240 - Cannot read IP mode file for STMicroelectronics.X-CUBE-AZRTOS-L4.2.0.0
2026-02-02 15:33:01,970 [WARN] ConditionMgr:1044 - genDependencies : Invalid condition id : LAN8742 Phy interface Condition cause : null
2026-02-02 15:33:01,971 [WARN] ConditionMgr:1044 - genDependencies : Invalid condition id : LAN8742 Phy interface Condition cause : null
2026-02-02 15:33:01,973 [WARN] ConditionMgr:1044 - genDependencies : Invalid condition id : LAN8742 Phy interface Condition cause : null
2026-02-02 15:33:02,027 [WARN] PackLoader:240 - Cannot read IP mode file for STMicroelectronics.X-CUBE-SFXS2LP1.4.0.0
2026-02-02 15:33:02,079 [ERROR] Engine:466 - C:\Users\lthst\.stm32cubemx\thirdparties\pdsc\STMicroelectronics.X-CUBE-ST67W61.1.2.0.pdsc: PDSC version is not supported
2026-02-02 15:33:02,323 [WARN] PackLoader:240 - Cannot read IP mode file for STMicroelectronics.X-CUBE-AZRTOS-H7.3.3.0
2026-02-02 15:33:02,388 [WARN] PackLoader:240 - Cannot read IP mode file for STMicroelectronics.X-CUBE-BLEMGR.4.1.0
2026-02-02 15:33:02,484 [WARN] ConditionMgr:438 - getConditionDescription Invalid condition id : UX DEVICE CLASS RTOS Condition cause : null
2026-02-02 15:33:02,485 [WARN] ConditionMgr:438 - getConditionDescription Invalid condition id : UX DEVICE CLASS RTOS Condition cause : null
2026-02-02 15:33:02,489 [WARN] PackLoader:240 - Cannot read IP mode file for STMicroelectronics.X-CUBE-AZRTOS-WB.2.0.0
2026-02-02 15:33:02,491 [WARN] ConditionMgr:1044 - genDependencies : Invalid condition id : UX DEVICE CLASS RTOS Condition cause : null
2026-02-02 15:33:02,491 [WARN] ConditionMgr:1044 - genDependencies : Invalid condition id : UX DEVICE CLASS RTOS Condition cause : null
2026-02-02 15:33:02,492 [WARN] ConditionMgr:1044 - genDependencies : Invalid condition id : UX DEVICE CLASS RTOS Condition cause : null
2026-02-02 15:33:02,494 [WARN] ConditionMgr:1044 - genDependencies : Invalid condition id : UX DEVICE CLASS RTOS Condition cause : null
2026-02-02 15:33:02,494 [WARN] ConditionMgr:1044 - genDependencies : Invalid condition id : UX DEVICE CLASS RTOS Condition cause : null
2026-02-02 15:33:02,557 [WARN] PackLoader:240 - Cannot read IP mode file for STMicroelectronics.X-CUBE-GNSS1.7.0.1
2026-02-02 15:33:02,614 [WARN] PackLoader:240 - Cannot read IP mode file for STMicroelectronics.X-CUBE-TOUCHGFX.4.25.0
2026-02-02 15:33:02,677 [WARN] PackLoader:240 - Cannot read IP mode file for STMicroelectronics.FP-SNS-STBOX1.2.0.0
2026-02-02 15:33:02,752 [WARN] PackLoader:240 - Cannot read IP mode file for STMicroelectronics.X-CUBE-STSE01.2.0.0
2026-02-02 15:33:02,823 [WARN] PackLoader:240 - Cannot read IP mode file for STMicroelectronics.X-CUBE-SUBG2.5.0.0
2026-02-02 15:33:02,931 [WARN] PackLoader:240 - Cannot read IP mode file for STMicroelectronics.X-CUBE-AZRTOS-H7RS.1.1.0
2026-02-02 15:33:02,995 [WARN] PackLoader:240 - Cannot read IP mode file for Cesanta.I-CUBE-Mongoose.7.13.0
2026-02-02 15:33:03,083 [WARN] PackLoader:240 - Cannot read IP mode file for STMicroelectronics.X-CUBE-AZRTOS-G4.2.0.0
2026-02-02 15:33:03,134 [WARN] PackLoader:240 - Cannot read IP mode file for wolfSSL.I-CUBE-wolfSSH.1.4.20
2026-02-02 15:33:03,180 [WARN] PackLoader:240 - Cannot read IP mode file for STMicroelectronics.X-CUBE-NFC7.2.0.0
2026-02-02 15:33:03,245 [WARN] PackLoader:240 - Cannot read IP mode file for STMicroelectronics.X-CUBE-IPS.3.1.0
2026-02-02 15:33:03,395 [WARN] PackLoader:240 - Cannot read IP mode file for STMicroelectronics.X-CUBE-ALS.1.0.2
2026-02-02 15:33:03,506 [WARN] PackLoader:240 - Cannot read IP mode file for STMicroelectronics.X-CUBE-STSE01.1.0.0
2026-02-02 15:33:03,650 [WARN] PackLoader:240 - Cannot read IP mode file for portGmbH.I-Cube-SoM-uGOAL.1.1.0
2026-02-02 15:33:03,776 [WARN] PackLoader:240 - Cannot read IP mode file for STMicroelectronics.X-CUBE-TOF1.3.4.2
2026-02-02 15:33:03,929 [WARN] PackLoader:240 - Cannot read IP mode file for STMicroelectronics.X-CUBE-TOF1.3.4.3
2026-02-02 15:33:03,953 [INFO] ThirdParty:978 - Integrity check success = true
2026-02-02 15:33:03,953 [INFO] IntegrityCheckThread:100 - exiting critical section [integrity check]
2026-02-02 15:33:03,953 [INFO] IntegrityCheckThread:103 - End integrity checks thread
2026-02-02 15:33:55,876 [ERROR] LogOutputStream:75 - [STDERR_REDIRECT] 
