2026-07-07 21:53:36,133 [INFO] Activator:176 - 


2026-07-07 21:53:36,137 [INFO] Activator:177 - !SESSION log4j initialized
2026-07-07 21:53:42,920 [INFO] LogOutputStream:77 - [STDOUT_REDIRECT] 
2026-07-07 21:53:46,375 [INFO] ApplicationProperties:184 - Using Application install path: C:\ST\STM32CubeIDE_1.18.0\STM32CubeIDE\plugins\com.st.stm32cube.common.mx_6.14.0.202502271554
2026-07-07 21:53:46,392 [INFO] DbMcusXml:78 - Set database path to: C:\ST\STM32CubeIDE_1.18.0\STM32CubeIDE\plugins\com.st.stm32cube.common.mx_6.14.0.202502271554\\db\/mcu/
2026-07-07 21:53:46,392 [INFO] ApiDb:274 - Set plugin database path to: C:\ST\STM32CubeIDE_1.18.0\STM32CubeIDE\plugins\com.st.stm32cube.common.mx_6.14.0.202502271554\\db\/plugins/boardmanager/
2026-07-07 21:53:46,392 [WARN] ApiDb:259 - Overriding images path with different value:  => C:\ST\STM32CubeIDE_1.18.0\STM32CubeIDE\plugins\com.st.stm32cube.common.mx_6.14.0.202502271554\\db\/plugins/mcufinder/images/
2026-07-07 21:53:46,398 [INFO] ApiDb:250 - Set database path to: C:\Users\lthst\.stmcufinder\plugins\mcufinder//mcu/
2026-07-07 21:53:46,399 [INFO] DbMcusAds:125 - Set database path to: C:\Users\lthst\.stmcufinder\plugins\mcufinder//mcu/
2026-07-07 21:53:46,402 [INFO] CrossReferenceDbSqlite:203 - Set database path to: C:\Users\lthst\.stmcufinder\plugins\mcufinder//mcu/cs/
2026-07-07 21:53:46,501 [INFO] RulesReader:64 - Compatibility file has been processed (301 Rules)
2026-07-07 21:53:46,584 [INFO] DbMcusXml:78 - Set database path to: C:\ST\STM32CubeIDE_1.18.0\STM32CubeIDE\plugins\com.st.stm32cube.common.mx_6.14.0.202502271554\\db\/mcu/
2026-07-07 21:53:46,585 [INFO] ApiDb:274 - Set plugin database path to: C:\ST\STM32CubeIDE_1.18.0\STM32CubeIDE\plugins\com.st.stm32cube.common.mx_6.14.0.202502271554\\db\/plugins/boardmanager/
2026-07-07 21:53:46,585 [INFO] ApiDb:261 - Set plugin images path to: C:\ST\STM32CubeIDE_1.18.0\STM32CubeIDE\plugins\com.st.stm32cube.common.mx_6.14.0.202502271554\\db\/plugins/mcufinder/images/
2026-07-07 21:53:46,585 [WARN] DbFile:41 - Overriding database path with different value: C:\Users\lthst\.stmcufinder\plugins\mcufinder/ => C:\Users\lthst\.stmcufinder\plugins\mcufinder
2026-07-07 21:53:46,585 [INFO] ApiDb:250 - Set database path to: C:\Users\lthst\.stmcufinder\plugins\mcufinder//mcu/
2026-07-07 21:53:46,585 [WARN] DbFile:41 - Overriding database path with different value: C:\Users\lthst\.stmcufinder\plugins\mcufinder/ => C:\Users\lthst\.stmcufinder\plugins\mcufinder
2026-07-07 21:53:46,585 [INFO] DbMcusAds:125 - Set database path to: C:\Users\lthst\.stmcufinder\plugins\mcufinder//mcu/
2026-07-07 21:53:46,585 [WARN] DbFile:41 - Overriding database path with different value: C:\Users\lthst\.stmcufinder\plugins\mcufinder/ => C:\Users\lthst\.stmcufinder\plugins\mcufinder
2026-07-07 21:53:46,585 [WARN] DbFile:41 - Overriding database path with different value: C:\Users\lthst\.stmcufinder\plugins\mcufinder/ => C:\Users\lthst\.stmcufinder\plugins\mcufinder
2026-07-07 21:53:46,585 [INFO] CrossReferenceDbSqlite:203 - Set database path to: C:\Users\lthst\.stmcufinder\plugins\mcufinder//mcu/cs/
2026-07-07 21:53:46,659 [INFO] MainPanel:272 - HeapMemory: 268435456
2026-07-07 21:53:46,755 [INFO] DbMcusXml:78 - Set database path to: C:\ST\STM32CubeIDE_1.18.0\STM32CubeIDE\plugins\com.st.stm32cube.common.mx_6.14.0.202502271554\\db\/mcu/
2026-07-07 21:53:46,756 [INFO] ApiDb:274 - Set plugin database path to: C:\ST\STM32CubeIDE_1.18.0\STM32CubeIDE\plugins\com.st.stm32cube.common.mx_6.14.0.202502271554\\db\/plugins/boardmanager/
2026-07-07 21:53:46,756 [INFO] ApiDb:261 - Set plugin images path to: C:\ST\STM32CubeIDE_1.18.0\STM32CubeIDE\plugins\com.st.stm32cube.common.mx_6.14.0.202502271554\\db\/plugins/mcufinder/images/
2026-07-07 21:53:46,756 [WARN] DbFile:41 - Overriding database path with different value: C:\Users\lthst\.stmcufinder\plugins\mcufinder/ => C:\Users\lthst\.stmcufinder\plugins\mcufinder
2026-07-07 21:53:46,756 [INFO] ApiDb:250 - Set database path to: C:\Users\lthst\.stmcufinder\plugins\mcufinder//mcu/
2026-07-07 21:53:46,756 [WARN] DbFile:41 - Overriding database path with different value: C:\Users\lthst\.stmcufinder\plugins\mcufinder/ => C:\Users\lthst\.stmcufinder\plugins\mcufinder
2026-07-07 21:53:46,756 [INFO] DbMcusAds:125 - Set database path to: C:\Users\lthst\.stmcufinder\plugins\mcufinder//mcu/
2026-07-07 21:53:46,758 [WARN] DbFile:41 - Overriding database path with different value: C:\Users\lthst\.stmcufinder\plugins\mcufinder/ => C:\Users\lthst\.stmcufinder\plugins\mcufinder
2026-07-07 21:53:46,758 [WARN] DbFile:41 - Overriding database path with different value: C:\Users\lthst\.stmcufinder\plugins\mcufinder/ => C:\Users\lthst\.stmcufinder\plugins\mcufinder
2026-07-07 21:53:46,758 [INFO] CrossReferenceDbSqlite:203 - Set database path to: C:\Users\lthst\.stmcufinder\plugins\mcufinder//mcu/cs/
2026-07-07 21:53:46,775 [INFO] ApplicationProperties:184 - Using Application install path: C:\ST\STM32CubeIDE_1.18.0\STM32CubeIDE\plugins\com.st.stm32cube.common.mx_6.14.0.202502271554
2026-07-07 21:53:46,777 [INFO] PluginManage:196 - Search for loadable plugins [exclusion list=, ]
2026-07-07 21:53:46,778 [INFO] PluginManage:310 - Check plugin analytics
2026-07-07 21:53:46,954 [INFO] AnalyticsPlugin:253 - Accepted Software Licenses: 
2026-07-07 21:53:46,954 [INFO] AnalyticsPlugin:255 - Accepted CMSIS Pack Licenses: 
2026-07-07 21:53:46,954 [INFO] AnalyticsPlugin:257 - Accepted Firmware Licenses: FW.F4.1.28.0
2026-07-07 21:53:46,957 [INFO] PluginManage:359 - Loaded plugin analytics (category:tool,tabindex:-1)
2026-07-07 21:53:46,958 [INFO] PluginManage:310 - Check plugin cadmodel
2026-07-07 21:53:46,976 [INFO] CADModel:105 - Init CAD model plugin
2026-07-07 21:53:46,977 [INFO] PluginManage:359 - Loaded plugin cadmodel (category:power,tabindex:5)
2026-07-07 21:53:46,977 [INFO] PluginManage:310 - Check plugin clock
2026-07-07 21:53:46,995 [INFO] PluginManage:359 - Loaded plugin clock (category:base,tabindex:2)
2026-07-07 21:53:46,995 [INFO] PluginManage:310 - Check plugin ddr
2026-07-07 21:53:46,997 [INFO] PluginManage:359 - Loaded plugin ddr (category:tool,tabindex:6)
2026-07-07 21:53:46,998 [INFO] PluginManage:310 - Check plugin filemanager
2026-07-07 21:53:47,129 [INFO] PluginManage:359 - Loaded plugin filemanager (category:base,tabindex:10)
2026-07-07 21:53:47,129 [INFO] PluginManage:310 - Check plugin ipmanager
2026-07-07 21:53:47,137 [INFO] PluginManage:359 - Loaded plugin ipmanager (category:base,tabindex:5)
2026-07-07 21:53:47,137 [INFO] PluginManage:310 - Check plugin lpbam
2026-07-07 21:53:47,154 [INFO] PluginManage:359 - Loaded plugin lpbam (category:base,tabindex:0)
2026-07-07 21:53:47,154 [INFO] PluginManage:310 - Check plugin memorymap
2026-07-07 21:53:47,179 [INFO] PluginManage:359 - Loaded plugin memorymap (category:base,tabindex:4)
2026-07-07 21:53:47,179 [INFO] PluginManage:310 - Check plugin pinoutandconfiguration
2026-07-07 21:53:47,208 [INFO] PluginManage:359 - Loaded plugin pinoutandconfiguration (category:base,tabindex:1)
2026-07-07 21:53:47,208 [INFO] PluginManage:310 - Check plugin pinoutconfig
2026-07-07 21:53:47,305 [WARN] SupportedApi:132 - Cannot load RTOS API schema: s4s-elt-must-match.1: The content of 'definitions' must match (annotation?, (simpleType | complexType)?, (unique | key | keyref)*)). A problem was found starting at: attribute.
2026-07-07 21:53:47,430 [INFO] PluginManage:359 - Loaded plugin pinoutconfig (category:base,tabindex:0)
2026-07-07 21:53:47,430 [INFO] PluginManage:310 - Check plugin power
2026-07-07 21:53:47,454 [INFO] PluginManage:359 - Loaded plugin power (category:power,tabindex:4)
2026-07-07 21:53:47,454 [INFO] PluginManage:310 - Check plugin projectmanager
2026-07-07 21:53:47,467 [INFO] PluginManage:359 - Loaded plugin projectmanager (category:projectmanager,tabindex:4)
2026-07-07 21:53:47,467 [INFO] PluginManage:310 - Check plugin rif
2026-07-07 21:53:47,485 [INFO] PluginManage:359 - Loaded plugin rif (category:base,tabindex:3)
2026-07-07 21:53:47,485 [INFO] PluginManage:310 - Check plugin thirdparty
2026-07-07 21:53:47,788 [INFO] PluginManage:359 - Loaded plugin thirdparty (category:base,tabindex:-1)
2026-07-07 21:53:47,788 [WARN] IntegrityCheckThread:84 - waiting for thirdparty lock release [integrity check]
2026-07-07 21:53:47,789 [INFO] PluginManage:310 - Check plugin tools
2026-07-07 21:53:47,789 [INFO] IntegrityCheckThread:86 - entering critical section [integrity check]
2026-07-07 21:53:47,789 [INFO] ThirdPartyUpdaterWithRetryManager:70 - Updater plugin not ready yet. [1/15]
2026-07-07 21:53:47,829 [INFO] PluginManage:359 - Loaded plugin tools (category:base,tabindex:7)
2026-07-07 21:53:47,829 [INFO] PluginManage:310 - Check plugin tutovideos
2026-07-07 21:53:48,012 [INFO] PluginManage:359 - Loaded plugin tutovideos (category:base,tabindex:-1)
2026-07-07 21:53:48,012 [INFO] PluginManage:310 - Check plugin updater
2026-07-07 21:53:48,032 [INFO] PluginManage:359 - Loaded plugin updater (category:base,tabindex:12)
2026-07-07 21:53:48,032 [INFO] PluginManage:310 - Check plugin userauth
2026-07-07 21:53:48,036 [INFO] UserAuth:118 - Init User Auth plugin
2026-07-07 21:53:48,037 [INFO] PluginManage:359 - Loaded plugin userauth (category:base,tabindex:14)
2026-07-07 21:53:48,037 [INFO] PluginManage:283 - PluginManage : Loaded plugins [18]
2026-07-07 21:53:48,245 [INFO] PinOutPanel:1589 - setPackage(No Configuration,No Configuration)
2026-07-07 21:53:48,329 [INFO] CADModel:165 - CPN selected for project level
2026-07-07 21:53:48,329 [INFO] CADModel:114 - Register for checkConnection events
2026-07-07 21:53:48,353 [INFO] IPUIPlugin:80 - create IPUIPlugin
2026-07-07 21:53:48,354 [INFO] PluginManager:220 - loadIPPluginJar : add adc
2026-07-07 21:53:48,397 [INFO] IPUIPlugin:80 - create IPUIPlugin
2026-07-07 21:53:48,397 [INFO] PluginManager:220 - loadIPPluginJar : add aes
2026-07-07 21:53:48,447 [INFO] IPUIPlugin:80 - create IPUIPlugin
2026-07-07 21:53:48,447 [INFO] PluginManager:220 - loadIPPluginJar : add can
2026-07-07 21:53:48,480 [INFO] IPUIPlugin:80 - create IPUIPlugin
2026-07-07 21:53:48,480 [INFO] PluginManager:220 - loadIPPluginJar : add comp
2026-07-07 21:53:48,523 [INFO] IPUIPlugin:80 - create IPUIPlugin
2026-07-07 21:53:48,523 [INFO] PluginManager:220 - loadIPPluginJar : add cryp
2026-07-07 21:53:48,535 [INFO] IPUIPlugin:80 - create IPUIPlugin
2026-07-07 21:53:48,535 [INFO] PluginManager:220 - loadIPPluginJar : add ddr_ctrl_phy
2026-07-07 21:53:48,569 [INFO] IPUIPlugin:80 - create IPUIPlugin
2026-07-07 21:53:48,569 [INFO] PluginManager:220 - loadIPPluginJar : add dfsdm
2026-07-07 21:53:48,583 [INFO] IPUIPlugin:80 - create IPUIPlugin
2026-07-07 21:53:48,584 [INFO] PluginManager:220 - loadIPPluginJar : add dma
2026-07-07 21:53:48,629 [INFO] IPUIPlugin:80 - create IPUIPlugin
2026-07-07 21:53:48,630 [INFO] PluginManager:220 - loadIPPluginJar : add dma3
2026-07-07 21:53:48,684 [INFO] IPUIPlugin:80 - create IPUIPlugin
2026-07-07 21:53:48,684 [INFO] PluginManager:220 - loadIPPluginJar : add extmemmanager
2026-07-07 21:53:48,716 [INFO] IPUIPlugin:80 - create IPUIPlugin
2026-07-07 21:53:48,716 [INFO] PluginManager:220 - loadIPPluginJar : add fatfs
2026-07-07 21:53:48,773 [INFO] IPUIPlugin:80 - create IPUIPlugin
2026-07-07 21:53:48,773 [INFO] PluginManager:220 - loadIPPluginJar : add fmc
2026-07-07 21:53:48,786 [INFO] IPUIPlugin:80 - create IPUIPlugin
2026-07-07 21:53:48,786 [INFO] PluginManager:220 - loadIPPluginJar : add freertos
2026-07-07 21:53:48,809 [INFO] IPUIPlugin:80 - create IPUIPlugin
2026-07-07 21:53:48,809 [INFO] PluginManager:220 - loadIPPluginJar : add genericplugin
2026-07-07 21:53:48,912 [INFO] IPUIPlugin:80 - create IPUIPlugin
2026-07-07 21:53:48,912 [INFO] PluginManager:220 - loadIPPluginJar : add gfxmmu
2026-07-07 21:53:49,058 [INFO] IPUIPlugin:80 - create IPUIPlugin
2026-07-07 21:53:49,058 [INFO] PluginManager:220 - loadIPPluginJar : add gic
2026-07-07 21:53:49,072 [INFO] IPUIPlugin:80 - create IPUIPlugin
2026-07-07 21:53:49,072 [INFO] PluginManager:220 - loadIPPluginJar : add gpio
2026-07-07 21:53:49,180 [INFO] IPUIPlugin:80 - create IPUIPlugin
2026-07-07 21:53:49,180 [INFO] PluginManager:220 - loadIPPluginJar : add gtzc
2026-07-07 21:53:49,217 [INFO] IPUIPlugin:80 - create IPUIPlugin
2026-07-07 21:53:49,217 [INFO] PluginManager:220 - loadIPPluginJar : add hash
2026-07-07 21:53:49,275 [INFO] IPUIPlugin:80 - create IPUIPlugin
2026-07-07 21:53:49,275 [INFO] PluginManager:220 - loadIPPluginJar : add i2c
2026-07-07 21:53:49,320 [INFO] IPUIPlugin:80 - create IPUIPlugin
2026-07-07 21:53:49,320 [INFO] PluginManager:220 - loadIPPluginJar : add i2s
2026-07-07 21:53:49,368 [INFO] IPUIPlugin:80 - create IPUIPlugin
2026-07-07 21:53:49,368 [INFO] PluginManager:220 - loadIPPluginJar : add i3c
2026-07-07 21:53:49,496 [INFO] IPUIPlugin:80 - create IPUIPlugin
2026-07-07 21:53:49,496 [INFO] PluginManager:220 - loadIPPluginJar : add ipddr
2026-07-07 21:53:49,600 [INFO] IPUIPlugin:80 - create IPUIPlugin
2026-07-07 21:53:49,600 [INFO] PluginManager:220 - loadIPPluginJar : add linkedlist
2026-07-07 21:53:49,640 [INFO] IPUIPlugin:80 - create IPUIPlugin
2026-07-07 21:53:49,640 [INFO] PluginManager:220 - loadIPPluginJar : add lorawan
2026-07-07 21:53:49,683 [INFO] IPUIPlugin:80 - create IPUIPlugin
2026-07-07 21:53:49,683 [INFO] PluginManager:220 - loadIPPluginJar : add ltdc
2026-07-07 21:53:49,697 [INFO] IPUIPlugin:80 - create IPUIPlugin
2026-07-07 21:53:49,697 [INFO] PluginManager:220 - loadIPPluginJar : add mdma
2026-07-07 21:53:49,709 [INFO] IPUIPlugin:80 - create IPUIPlugin
2026-07-07 21:53:49,709 [INFO] PluginManager:220 - loadIPPluginJar : add nvic
2026-07-07 21:53:49,762 [INFO] IPUIPlugin:80 - create IPUIPlugin
2026-07-07 21:53:49,762 [INFO] PluginManager:220 - loadIPPluginJar : add opamp
2026-07-07 21:53:49,845 [INFO] IPUIPlugin:80 - create IPUIPlugin
2026-07-07 21:53:49,845 [INFO] PluginManager:220 - loadIPPluginJar : add openamp
2026-07-07 21:53:49,907 [INFO] IPUIPlugin:80 - create IPUIPlugin
2026-07-07 21:53:49,907 [INFO] PluginManager:220 - loadIPPluginJar : add pdm2pcm
2026-07-07 21:53:49,921 [INFO] IPUIPlugin:80 - create IPUIPlugin
2026-07-07 21:53:49,923 [INFO] PluginManager:220 - loadIPPluginJar : add plateformsettings
2026-07-07 21:53:49,949 [INFO] IPUIPlugin:80 - create IPUIPlugin
2026-07-07 21:53:49,949 [INFO] PluginManager:220 - loadIPPluginJar : add quadspi
2026-07-07 21:53:49,978 [INFO] IPUIPlugin:80 - create IPUIPlugin
2026-07-07 21:53:49,980 [INFO] PluginManager:220 - loadIPPluginJar : add radio
2026-07-07 21:53:49,995 [INFO] IPUIPlugin:80 - create IPUIPlugin
2026-07-07 21:53:49,995 [INFO] PluginManager:220 - loadIPPluginJar : add resmgrutility
2026-07-07 21:53:50,067 [INFO] IPUIPlugin:80 - create IPUIPlugin
2026-07-07 21:53:50,068 [INFO] PluginManager:220 - loadIPPluginJar : add sai
2026-07-07 21:53:50,121 [INFO] IPUIPlugin:80 - create IPUIPlugin
2026-07-07 21:53:50,121 [INFO] PluginManager:220 - loadIPPluginJar : add spi
2026-07-07 21:53:50,236 [INFO] IPUIPlugin:80 - create IPUIPlugin
2026-07-07 21:53:50,236 [INFO] PluginManager:220 - loadIPPluginJar : add stm32_wpan
2026-07-07 21:53:50,263 [INFO] IPUIPlugin:80 - create IPUIPlugin
2026-07-07 21:53:50,264 [INFO] PluginManager:220 - loadIPPluginJar : add tim
2026-07-07 21:53:50,347 [INFO] IPUIPlugin:80 - create IPUIPlugin
2026-07-07 21:53:50,348 [INFO] PluginManager:220 - loadIPPluginJar : add touchsensing
2026-07-07 21:53:50,374 [INFO] IPUIPlugin:80 - create IPUIPlugin
2026-07-07 21:53:50,375 [INFO] PluginManager:220 - loadIPPluginJar : add tracer_emb
2026-07-07 21:53:50,411 [INFO] IPUIPlugin:80 - create IPUIPlugin
2026-07-07 21:53:50,412 [INFO] PluginManager:220 - loadIPPluginJar : add ts
2026-07-07 21:53:50,438 [INFO] IPUIPlugin:80 - create IPUIPlugin
2026-07-07 21:53:50,438 [INFO] PluginManager:220 - loadIPPluginJar : add tsc
2026-07-07 21:53:50,476 [INFO] IPUIPlugin:80 - create IPUIPlugin
2026-07-07 21:53:50,477 [INFO] PluginManager:220 - loadIPPluginJar : add ucpd
2026-07-07 21:53:50,525 [INFO] IPUIPlugin:80 - create IPUIPlugin
2026-07-07 21:53:50,525 [INFO] PluginManager:220 - loadIPPluginJar : add usart
2026-07-07 21:53:50,577 [INFO] IPUIPlugin:80 - create IPUIPlugin
2026-07-07 21:53:50,577 [INFO] PluginManager:220 - loadIPPluginJar : add usbx
2026-07-07 21:53:50,703 [FATAL] Updater:351 - Updater called before beeing initialized
2026-07-07 21:53:50,721 [INFO] RulesReader:64 - Compatibility file has been processed (301 Rules)
2026-07-07 21:53:50,729 [INFO] RulesReader:64 - Compatibility file has been processed (301 Rules)
2026-07-07 21:53:50,735 [INFO] CADModel:165 - CPN selected for project level
2026-07-07 21:53:50,735 [INFO] CADModel:114 - Register for checkConnection events
2026-07-07 21:53:50,735 [FATAL] Updater:351 - Updater called before beeing initialized
2026-07-07 21:53:50,735 [ERROR] CADModel:125 - Updater not yet initialized, retry later 
2026-07-07 21:53:50,791 [INFO] ThirdPartyUpdaterWithRetryManager:70 - Updater plugin not ready yet. [2/15]
2026-07-07 21:53:50,857 [FATAL] Updater:351 - Updater called before beeing initialized
2026-07-07 21:53:50,859 [INFO] CADModel:165 - CPN selected for project level
2026-07-07 21:53:50,859 [INFO] CADModel:114 - Register for checkConnection events
2026-07-07 21:53:50,859 [FATAL] Updater:351 - Updater called before beeing initialized
2026-07-07 21:53:50,859 [ERROR] CADModel:125 - Updater not yet initialized, retry later 
2026-07-07 21:53:50,862 [FATAL] Updater:351 - Updater called before beeing initialized
2026-07-07 21:53:50,969 [FATAL] Updater:351 - Updater called before beeing initialized
2026-07-07 21:53:50,981 [INFO] DbMcusAds:53 - JSON generation date=Mon Apr 27 17:14:29 KST 2026 (1777277669683)
2026-07-07 21:53:50,981 [FATAL] Updater:351 - Updater called before beeing initialized
2026-07-07 21:53:51,015 [WARN] DetailPanel:346 - Failed to get advertising image, set to default
2026-07-07 21:53:51,243 [FATAL] Updater:351 - Updater called before beeing initialized
2026-07-07 21:53:51,245 [FATAL] Updater:351 - Updater called before beeing initialized
2026-07-07 21:53:51,245 [FATAL] Updater:351 - Updater called before beeing initialized
2026-07-07 21:53:51,245 [WARN] DetailPanel:346 - Failed to get advertising image, set to default
2026-07-07 21:53:51,246 [FATAL] Updater:351 - Updater called before beeing initialized
2026-07-07 21:53:51,303 [ERROR] Updater:1198 - MainUpdater not yet initialized. External WinMGr cannot be set.
2026-07-07 21:53:51,316 [INFO] Updater:1134 - Updater Version found : 6.14.0
2026-07-07 21:53:51,334 [INFO] ApplicationProperties:184 - Using Application install path: C:\ST\STM32CubeIDE_1.18.0\STM32CubeIDE\plugins\com.st.stm32cube.common.mx_6.14.0.202502271554
2026-07-07 21:53:51,769 [INFO] MainUpdater:2872 - connection check result : 10
2026-07-07 21:53:51,769 [INFO] MainUpdater:289 - Updater Check For Update Now.
2026-07-07 21:53:51,769 [INFO] MicroXplorer:498 - Change Database Version : DB.6.0.140
2026-07-07 21:53:51,791 [INFO] McuFinderGlobals:63 - Set McuFinder mode to 2 (CubeIDE integrated)
2026-07-07 21:53:51,802 [INFO] UserAuth:486 - Internet connection configuration mode: 1
2026-07-07 21:53:51,847 [INFO] JxBrowserEngine:152 - Initiate JxBrowser Engine with user profile folder
2026-07-07 21:53:52,017 [INFO] CheckServerUpdateThread:120 - End of CheckServer Thread
2026-07-07 21:53:53,338 [INFO] WebApp:169 - Instantiating new browser for Auth
2026-07-07 21:53:54,319 [INFO] WebApp:463 - Apply proxy settings
2026-07-07 21:53:54,320 [INFO] WebApp:548 - Chromium requires no authentication
2026-07-07 21:53:54,331 [INFO] WebApp:491 - Direct internet connection detected
2026-07-07 21:53:54,372 [INFO] WebApp:894 - Register for checkConnection events
2026-07-07 21:53:54,372 [WARN] PackLoader:240 - Cannot read IP mode file for STMicroelectronics.X-CUBE-AZRTOS-H7.3.5.0
2026-07-07 21:53:54,372 [INFO] WebApp:463 - Apply proxy settings
2026-07-07 21:53:54,373 [INFO] WebApp:548 - Chromium requires no authentication
2026-07-07 21:53:54,373 [INFO] WebApp:491 - Direct internet connection detected
2026-07-07 21:53:54,404 [WARN] PackLoader:240 - Cannot read IP mode file for STMicroelectronics.FP-SNS-MOTENVWB1.1.4.0
2026-07-07 21:53:54,430 [WARN] PackLoader:240 - Cannot read IP mode file for STMicroelectronics.FP-ATR-ASTRA1.2.0.2
2026-07-07 21:53:54,456 [ERROR] Engine:466 - C:\Users\lthst\.stm32cubemx\thirdparties\pdsc\STMicroelectronics.X-CUBE-SMBUS.2.1.1.pdsc: PDSC version is not supported
2026-07-07 21:53:54,475 [WARN] PackLoader:240 - Cannot read IP mode file for STMicroelectronics.X-CUBE-SMBUS.2.1.0
2026-07-07 21:53:54,499 [WARN] PackLoader:240 - Cannot read IP mode file for STMicroelectronics.X-CUBE-WB05N.1.1.0
2026-07-07 21:53:54,517 [WARN] PackLoader:240 - Cannot read IP mode file for STMicroelectronics.X-CUBE-ST60.1.0.0
2026-07-07 21:53:54,562 [WARN] PackLoader:240 - Cannot read IP mode file for STMicroelectronics.X-CUBE-AZRTOS-F7.1.1.0
2026-07-07 21:53:54,590 [ERROR] Engine:466 - C:\Users\lthst\.stm32cubemx\thirdparties\pdsc\STMicroelectronics.X-CUBE-FREERTOS.1.6.0.pdsc: PDSC version is not supported
2026-07-07 21:53:54,605 [ERROR] Engine:466 - C:\Users\lthst\.stm32cubemx\thirdparties\pdsc\STMicroelectronics.FP-SNS-MOTENV1.5.1.0.pdsc: PDSC version is not supported
2026-07-07 21:53:54,629 [INFO] WebApp:225 - Starting web application
2026-07-07 21:53:54,630 [INFO] WebApp:593 - Web application path used C:\ST\STM32CubeIDE_1.18.0\STM32CubeIDE\plugins\com.st.stm32cube.common.mx_6.14.0.202502271554\db\plugins\mcufinder\reactClient1\index.html
2026-07-07 21:53:54,654 [WARN] PackLoader:240 - Cannot read IP mode file for STMicroelectronics.X-CUBE-AZRTOS-H7RS.1.3.0
2026-07-07 21:53:54,655 [INFO] WebApp:191 - Connection restablished
2026-07-07 21:53:54,704 [WARN] PackLoader:240 - Cannot read IP mode file for Infineon.AIROC-Wi-Fi-Bluetooth-STM32.1.7.0
2026-07-07 21:53:54,761 [WARN] PackLoader:240 - Cannot read IP mode file for STMicroelectronics.X-CUBE-AZRTOS-H7.3.4.0
2026-07-07 21:53:54,794 [WARN] PackLoader:240 - Cannot read IP mode file for STMicroelectronics.X-CUBE-DISPLAY.3.0.0
2026-07-07 21:53:54,824 [WARN] PackLoader:240 - Cannot read IP mode file for STMicroelectronics.X-CUBE-GNSS1.7.1.1
2026-07-07 21:53:54,845 [ERROR] Engine:466 - C:\Users\lthst\.stm32cubemx\thirdparties\pdsc\STMicroelectronics.FP-SNS-MOTENVWB1.1.5.0.pdsc: PDSC version is not supported
2026-07-07 21:53:54,869 [WARN] PackLoader:240 - Cannot read IP mode file for STMicroelectronics.X-CUBE-NFC10.1.0.0
2026-07-07 21:53:54,903 [WARN] PackLoader:240 - Cannot read IP mode file for STMicroelectronics.X-CUBE-BLEMGR.4.0.0
2026-07-07 21:53:54,932 [WARN] PackLoader:240 - Cannot read IP mode file for STMicroelectronics.X-CUBE-ST60.1.1.0
2026-07-07 21:53:54,958 [WARN] PackLoader:240 - Cannot read IP mode file for emotas.I-CUBE-CANOPEN.1.3.0
2026-07-07 21:53:54,978 [ERROR] Engine:466 - C:\Users\lthst\.stm32cubemx\thirdparties\pdsc\STMicroelectronics.X-CUBE-WBA.1.1.0.pdsc: PDSC version is not supported
2026-07-07 21:53:55,002 [WARN] PackLoader:240 - Cannot read IP mode file for STMicroelectronics.X-CUBE-GNSS1.7.1.0
2026-07-07 21:53:55,015 [INFO] UserAuth:486 - Internet connection configuration mode: 1
2026-07-07 21:53:55,028 [WARN] ConditionMgr:438 - getConditionDescription Invalid condition id : Cortex-A Device cause : null
2026-07-07 21:53:55,064 [WARN] ConditionMgr:1044 - genDependencies : Invalid condition id : Cortex-A Device cause : null
2026-07-07 21:53:55,065 [WARN] ConditionMgr:1044 - genDependencies : Invalid condition id : Cortex-A Device cause : null
2026-07-07 21:53:55,065 [WARN] ConditionMgr:1044 - genDependencies : Invalid condition id : Cortex-A Device cause : null
2026-07-07 21:53:55,086 [WARN] PackLoader:240 - Cannot read IP mode file for STMicroelectronics.X-CUBE-AI.10.0.0
2026-07-07 21:53:55,106 [ERROR] Engine:466 - C:\Users\lthst\.stm32cubemx\thirdparties\pdsc\STMicroelectronics.FP-SNS-STBOX1.2.1.0.pdsc: PDSC version is not supported
2026-07-07 21:53:55,128 [WARN] PackLoader:240 - Cannot read IP mode file for STMicroelectronics.FP-SNS-SMARTAG2.1.2.0
2026-07-07 21:53:55,151 [WARN] PackLoader:240 - Cannot read IP mode file for STMicroelectronics.FP-SNS-FLIGHT1.5.1.0
2026-07-07 21:53:55,238 [WARN] PackLoader:240 - Cannot read IP mode file for STMicroelectronics.X-CUBE-MEMS1.11.1.0
2026-07-07 21:53:55,544 [INFO] LogOutputStream:77 - [STDOUT_REDIRECT] 1 : Invalid condition id : UX_CORESTACK_Condition cause : null
2026-07-07 21:53:55,545 [INFO] LogOutputStream:77 - [STDOUT_REDIRECT] 1 : Invalid condition id : UX_CORESTACK_Condition cause : null
2026-07-07 21:53:55,546 [INFO] LogOutputStream:77 - [STDOUT_REDIRECT] 1 : Invalid condition id : UX_CORESTACK_Condition cause : null
2026-07-07 21:53:55,547 [INFO] LogOutputStream:77 - [STDOUT_REDIRECT] 1 : Invalid condition id : UX_CORESTACK_Condition cause : null
2026-07-07 21:53:55,548 [INFO] LogOutputStream:77 - [STDOUT_REDIRECT] 1 : Invalid condition id : UX_CORESTACK_Condition cause : null
2026-07-07 21:53:55,552 [WARN] PackLoader:240 - Cannot read IP mode file for STMicroelectronics.X-CUBE-AZRTOS-WL.2.0.0
2026-07-07 21:53:55,579 [WARN] PackLoader:240 - Cannot read IP mode file for STMicroelectronics.FP-SNS-MOTENV1.5.0.0
2026-07-07 21:53:55,632 [WARN] PackLoader:240 - Cannot read IP mode file for STMicroelectronics.X-CUBE-AZRTOS-H7RS.1.2.0
2026-07-07 21:53:55,661 [WARN] PackLoader:240 - Cannot read IP mode file for WES.I-CUBE-Cesium.1.3.0
2026-07-07 21:53:55,687 [WARN] PackLoader:240 - Cannot read IP mode file for STMicroelectronics.X-CUBE-BLE2.3.3.0
2026-07-07 21:53:55,755 [WARN] PackLoader:240 - Cannot read IP mode file for STMicroelectronics.X-CUBE-NFC9.1.0.0
2026-07-07 21:53:55,780 [WARN] PackLoader:240 - Cannot read IP mode file for STMicroelectronics.X-CUBE-BLE1.7.1.0
2026-07-07 21:53:55,803 [WARN] PackLoader:240 - Cannot read IP mode file for wolfSSL.I-CUBE-wolfMQTT.1.19.2
2026-07-07 21:53:55,824 [ERROR] Engine:466 - C:\Users\lthst\.stm32cubemx\thirdparties\pdsc\STMicroelectronics.X-CUBE-FREERTOS.1.4.0.pdsc: PDSC version is not supported
2026-07-07 21:53:55,849 [WARN] PackLoader:240 - Cannot read IP mode file for STMicroelectronics.X-CUBE-EEPRMA1.5.2.0
2026-07-07 21:53:55,872 [ERROR] Engine:466 - C:\Users\lthst\.stm32cubemx\thirdparties\pdsc\STMicroelectronics.X-CUBE-ST67W61.1.1.0.pdsc: PDSC version is not supported
2026-07-07 21:53:55,892 [WARN] PackLoader:240 - Cannot read IP mode file for STMicroelectronics.X-CUBE-AI.10.1.0
2026-07-07 21:53:55,920 [ERROR] Engine:466 - C:\Users\lthst\.stm32cubemx\thirdparties\pdsc\STMicroelectronics.FP-SNS-STAIOTCFT.1.1.0.pdsc: PDSC version is not supported
2026-07-07 21:53:55,986 [WARN] PackLoader:240 - Cannot read IP mode file for STMicroelectronics.X-CUBE-MEMS1.12.0.0
2026-07-07 21:53:56,113 [WARN] PackLoader:240 - Cannot read IP mode file for STMicroelectronics.X-CUBE-MEMS1.11.2.0
2026-07-07 21:53:56,229 [WARN] PackLoader:240 - Cannot read IP mode file for STMicroelectronics.X-CUBE-AZRTOS-G0.1.1.0
2026-07-07 21:53:56,253 [WARN] PackLoader:240 - Cannot read IP mode file for STMicroelectronics.X-CUBE-SAFEA1.1.2.2
2026-07-07 21:53:56,274 [WARN] PackLoader:240 - Cannot read IP mode file for STMicroelectronics.X-CUBE-NFC4.3.0.0
2026-07-07 21:53:56,305 [WARN] PackLoader:240 - Cannot read IP mode file for EmbeddedOffice.I-CUBE-FS-RTOS.1.0.1
2026-07-07 21:53:56,328 [WARN] PackLoader:240 - Cannot read IP mode file for STMicroelectronics.X-CUBE-WB05N.2.0.0
2026-07-07 21:53:56,346 [WARN] PackLoader:240 - Cannot read IP mode file for wolfSSL.I-CUBE-wolfTPM.3.8.0
2026-07-07 21:53:56,364 [WARN] PackLoader:240 - Cannot read IP mode file for STMicroelectronics.X-CUBE-TCPP.4.2.0
2026-07-07 21:53:56,387 [WARN] PackLoader:240 - Cannot read IP mode file for RealThread.X-CUBE-RT-Thread_Nano.4.1.1
2026-07-07 21:53:56,407 [WARN] PackLoader:240 - Cannot read IP mode file for STMicroelectronics.FP-ATR-SIGFOX1.3.2.0
2026-07-07 21:53:56,436 [WARN] PackLoader:240 - Cannot read IP mode file for STMicroelectronics.X-CUBE-EEPRMA1.5.1.0
2026-07-07 21:53:56,455 [ERROR] Engine:466 - C:\Users\lthst\.stm32cubemx\thirdparties\pdsc\STMicroelectronics.X-CUBE-FREERTOS.1.5.0.pdsc: PDSC version is not supported
2026-07-07 21:53:56,476 [WARN] PackLoader:240 - Cannot read IP mode file for wolfSSL.I-CUBE-wolfSSL.5.7.6
2026-07-07 21:53:56,496 [WARN] PackLoader:240 - Cannot read IP mode file for ITTIA_DB.I-CUBE-ITTIADB.8.9.0
2026-07-07 21:53:56,519 [WARN] PackLoader:240 - Cannot read IP mode file for STMicroelectronics.X-CUBE-NFC6.3.2.0
2026-07-07 21:53:56,542 [WARN] PackLoader:240 - Cannot read IP mode file for STMicroelectronics.X-CUBE-ST67W61.1.0.0
2026-07-07 21:53:56,567 [WARN] PackLoader:240 - Cannot read IP mode file for STMicroelectronics.X-CUBE-AI.10.2.1
2026-07-07 21:53:56,589 [WARN] PackLoader:240 - Cannot read IP mode file for STMicroelectronics.X-CUBE-AI.10.2.0
2026-07-07 21:53:56,673 [WARN] PackLoader:240 - Cannot read IP mode file for STMicroelectronics.X-CUBE-MEMS1.12.1.0
2026-07-07 21:53:56,845 [WARN] PackLoader:240 - Cannot read IP mode file for SEGGER.I-CUBE-embOS.1.3.1
2026-07-07 21:53:56,907 [WARN] PackLoader:240 - Cannot read IP mode file for STMicroelectronics.X-CUBE-ALGOBUILD.1.4.0
2026-07-07 21:53:56,983 [WARN] PackLoader:240 - Cannot read IP mode file for STMicroelectronics.X-CUBE-MEMS1.11.3.0
2026-07-07 21:53:57,122 [WARN] PackLoader:240 - Cannot read IP mode file for STMicroelectronics.X-CUBE-NFC13.1.0.0
2026-07-07 21:53:57,144 [WARN] PackLoader:240 - Cannot read IP mode file for STMicroelectronics.X-CUBE-PM33A1.1.0.0
2026-07-07 21:53:57,182 [WARN] PackLoader:240 - Cannot read IP mode file for STMicroelectronics.X-CUBE-AZRTOS-F4.1.1.0
2026-07-07 21:53:57,206 [WARN] PackLoader:240 - Cannot read IP mode file for Avnet-IotConnect.X-CUBE-IoTC-DA16k-PMOD.1.0.0
2026-07-07 21:53:57,228 [WARN] PackLoader:240 - Cannot read IP mode file for STMicroelectronics.X-CUBE-ISPU.2.1.0
2026-07-07 21:53:57,251 [ERROR] Engine:466 - C:\Users\lthst\.stm32cubemx\thirdparties\pdsc\STMicroelectronics.X-CUBE-IPS.3.2.0.pdsc: PDSC version is not supported
2026-07-07 21:53:57,268 [WARN] PackLoader:240 - Cannot read IP mode file for STMicroelectronics.eDS-WB_DPC_TT-BIDIR.2.1.1
2026-07-07 21:53:57,291 [WARN] PackLoader:240 - Cannot read IP mode file for STMicroelectronics.X-CUBE-NFC12.1.0.0
2026-07-07 21:53:57,339 [WARN] PackLoader:240 - Cannot read IP mode file for STMicroelectronics.X-CUBE-AZRTOS-L5.2.0.0
2026-07-07 21:53:57,368 [WARN] PackLoader:240 - Cannot read IP mode file for STMicroelectronics.X-CUBE-NFC6.3.1.0
2026-07-07 21:53:57,391 [WARN] PackLoader:240 - Cannot read IP mode file for STMicroelectronics.X-CUBE-ALGOBUILD.1.5.0
2026-07-07 21:53:57,411 [WARN] PackLoader:240 - Cannot read IP mode file for STMicroelectronics.X-CUBE-DPower.1.2.0
2026-07-07 21:53:57,433 [WARN] PackLoader:240 - Cannot read IP mode file for STMicroelectronics.eDS-WB_DPC_VIENNA.1.2.0
2026-07-07 21:53:57,453 [WARN] PackLoader:240 - Cannot read IP mode file for STMicroelectronics.eDS-WB_DPC_3PH2L-BIDIR.1.1.1
2026-07-07 21:53:57,469 [ERROR] Engine:466 - C:\Users\lthst\.stm32cubemx\thirdparties\pdsc\STMicroelectronics.X-CUBE-ST67W61.1.3.0.pdsc: PDSC version is not supported
2026-07-07 21:53:57,488 [WARN] PackLoader:240 - Cannot read IP mode file for STMicroelectronics.X-CUBE-FREERTOS.1.3.1
2026-07-07 21:53:57,508 [WARN] PackLoader:240 - Cannot read IP mode file for STMicroelectronics.X-CUBE-FREERTOS.1.3.0
2026-07-07 21:53:57,530 [WARN] PackLoader:240 - Cannot read IP mode file for STMicroelectronics.X-CUBE-NFC7.1.0.1
2026-07-07 21:53:57,552 [WARN] PackLoader:240 - Cannot read IP mode file for STMicroelectronics.X-CUBE-TOUCHGFX.4.26.0
2026-07-07 21:53:57,570 [WARN] PackLoader:240 - Cannot read IP mode file for STMicroelectronics.X-CUBE-TOUCHGFX.4.26.1
2026-07-07 21:53:57,589 [WARN] PackLoader:240 - Cannot read IP mode file for STMicroelectronics.FP-SNS-STAIOTCFT.1.0.0
2026-07-07 21:53:57,607 [WARN] PackLoader:240 - Cannot read IP mode file for STMicroelectronics.X-CUBE-DPower.1.3.0
2026-07-07 21:53:57,641 [WARN] ConditionMgr:438 - getConditionDescription Invalid condition id : LAN8742 Phy interface Condition cause : null
2026-07-07 21:53:57,642 [WARN] PackLoader:240 - Cannot read IP mode file for STMicroelectronics.X-CUBE-AZRTOS-L4.2.0.0
2026-07-07 21:53:57,643 [WARN] ConditionMgr:1044 - genDependencies : Invalid condition id : LAN8742 Phy interface Condition cause : null
2026-07-07 21:53:57,643 [WARN] ConditionMgr:1044 - genDependencies : Invalid condition id : LAN8742 Phy interface Condition cause : null
2026-07-07 21:53:57,643 [WARN] ConditionMgr:1044 - genDependencies : Invalid condition id : LAN8742 Phy interface Condition cause : null
2026-07-07 21:53:57,664 [WARN] PackLoader:240 - Cannot read IP mode file for STMicroelectronics.X-CUBE-SFXS2LP1.4.0.0
2026-07-07 21:53:57,681 [WARN] PackLoader:240 - Cannot read IP mode file for STMicroelectronics.X-CUBE-WB05N.2.1.0
2026-07-07 21:53:57,697 [ERROR] Engine:466 - C:\Users\lthst\.stm32cubemx\thirdparties\pdsc\STMicroelectronics.X-CUBE-ST67W61.1.2.0.pdsc: PDSC version is not supported
2026-07-07 21:53:57,721 [WARN] PackLoader:240 - Cannot read IP mode file for STMicroelectronics.X-CUBE-AZRTOS-H7.3.3.0
2026-07-07 21:53:57,740 [WARN] PackLoader:240 - Cannot read IP mode file for STMicroelectronics.X-CUBE-BLEMGR.4.1.0
2026-07-07 21:53:57,775 [WARN] ConditionMgr:438 - getConditionDescription Invalid condition id : UX DEVICE CLASS RTOS Condition cause : null
2026-07-07 21:53:57,775 [WARN] ConditionMgr:438 - getConditionDescription Invalid condition id : UX DEVICE CLASS RTOS Condition cause : null
2026-07-07 21:53:57,777 [WARN] PackLoader:240 - Cannot read IP mode file for STMicroelectronics.X-CUBE-AZRTOS-WB.2.0.0
2026-07-07 21:53:57,777 [WARN] ConditionMgr:1044 - genDependencies : Invalid condition id : UX DEVICE CLASS RTOS Condition cause : null
2026-07-07 21:53:57,777 [WARN] ConditionMgr:1044 - genDependencies : Invalid condition id : UX DEVICE CLASS RTOS Condition cause : null
2026-07-07 21:53:57,777 [WARN] ConditionMgr:1044 - genDependencies : Invalid condition id : UX DEVICE CLASS RTOS Condition cause : null
2026-07-07 21:53:57,777 [WARN] ConditionMgr:1044 - genDependencies : Invalid condition id : UX DEVICE CLASS RTOS Condition cause : null
2026-07-07 21:53:57,777 [WARN] ConditionMgr:1044 - genDependencies : Invalid condition id : UX DEVICE CLASS RTOS Condition cause : null
2026-07-07 21:53:57,794 [WARN] PackLoader:240 - Cannot read IP mode file for STMicroelectronics.X-CUBE-GNSS1.7.0.1
2026-07-07 21:53:57,817 [WARN] PackLoader:240 - Cannot read IP mode file for STMicroelectronics.X-CUBE-TOUCHGFX.4.25.0
2026-07-07 21:53:57,837 [WARN] PackLoader:240 - Cannot read IP mode file for STMicroelectronics.FP-SNS-STBOX1.2.0.0
2026-07-07 21:53:57,860 [WARN] PackLoader:240 - Cannot read IP mode file for STMicroelectronics.X-CUBE-STSE01.2.0.0
2026-07-07 21:53:57,879 [WARN] PackLoader:240 - Cannot read IP mode file for STMicroelectronics.X-CUBE-SUBG2.5.0.0
2026-07-07 21:53:57,909 [WARN] PackLoader:240 - Cannot read IP mode file for STMicroelectronics.X-CUBE-AZRTOS-H7RS.1.1.0
2026-07-07 21:53:57,928 [WARN] PackLoader:240 - Cannot read IP mode file for Cesanta.I-CUBE-Mongoose.7.13.0
2026-07-07 21:53:57,952 [WARN] PackLoader:240 - Cannot read IP mode file for STMicroelectronics.X-CUBE-AZRTOS-G4.2.0.0
2026-07-07 21:53:57,967 [WARN] PackLoader:240 - Cannot read IP mode file for wolfSSL.I-CUBE-wolfSSH.1.4.20
2026-07-07 21:53:57,980 [WARN] PackLoader:240 - Cannot read IP mode file for STMicroelectronics.X-CUBE-NFC7.2.0.0
2026-07-07 21:53:58,000 [WARN] PackLoader:240 - Cannot read IP mode file for STMicroelectronics.X-CUBE-IPS.3.1.0
2026-07-07 21:53:58,017 [ERROR] Engine:466 - C:\Users\lthst\.stm32cubemx\thirdparties\pdsc\STMicroelectronics.X-CUBE-BLEMGR.4.2.0.pdsc: PDSC version is not supported
2026-07-07 21:53:58,031 [WARN] PackLoader:240 - Cannot read IP mode file for STMicroelectronics.X-CUBE-ALS.1.0.2
2026-07-07 21:53:58,046 [WARN] PackLoader:240 - Cannot read IP mode file for STMicroelectronics.X-CUBE-STSE01.1.0.0
2026-07-07 21:53:58,062 [WARN] PackLoader:240 - Cannot read IP mode file for portGmbH.I-Cube-SoM-uGOAL.1.1.0
2026-07-07 21:53:58,082 [WARN] PackLoader:240 - Cannot read IP mode file for STMicroelectronics.X-CUBE-TOF1.3.4.2
2026-07-07 21:53:58,103 [WARN] PackLoader:240 - Cannot read IP mode file for STMicroelectronics.X-CUBE-TOF1.3.4.3
2026-07-07 21:53:58,107 [INFO] ThirdParty:978 - Integrity check success = true
2026-07-07 21:53:58,107 [INFO] IntegrityCheckThread:100 - exiting critical section [integrity check]
2026-07-07 21:53:58,108 [INFO] IntegrityCheckThread:103 - End integrity checks thread
