2026-02-01 18:49:43,894 [INFO] Activator:176 - 


2026-02-01 18:49:43,902 [INFO] Activator:177 - !SESSION log4j initialized
2026-02-01 18:49:55,743 [INFO] LogOutputStream:77 - [STDOUT_REDIRECT] 
2026-02-01 18:49:56,556 [ERROR] ConfigurationRetriever:142 - IOException on connection: sw-center.st.com
2026-02-01 18:49:56,558 [ERROR] ConfigurationRetriever:142 - IOException on connection: sw-center.st.com
2026-02-01 18:49:56,559 [ERROR] ConfigurationRetriever:142 - IOException on connection: sw-center.st.com
2026-02-01 18:49:56,577 [ERROR] ConfigurationRetriever:142 - IOException on connection: sw-center.st.com
2026-02-01 18:49:56,581 [ERROR] ConfigurationRetriever:142 - IOException on connection: sw-center.st.com
2026-02-01 18:49:56,582 [ERROR] ConfigurationRetriever:142 - IOException on connection: sw-center.st.com
2026-02-01 18:50:02,026 [INFO] ApplicationProperties:184 - Using Application install path: C:\ST\STM32CubeIDE_1.18.0\STM32CubeIDE\plugins\com.st.stm32cube.common.mx_6.14.0.202502271554
2026-02-01 18:50:02,076 [INFO] DbMcusXml:78 - Set database path to: C:\ST\STM32CubeIDE_1.18.0\STM32CubeIDE\plugins\com.st.stm32cube.common.mx_6.14.0.202502271554\\db\/mcu/
2026-02-01 18:50:02,076 [INFO] ApiDb:274 - Set plugin database path to: C:\ST\STM32CubeIDE_1.18.0\STM32CubeIDE\plugins\com.st.stm32cube.common.mx_6.14.0.202502271554\\db\/plugins/boardmanager/
2026-02-01 18:50:02,077 [WARN] ApiDb:259 - Overriding images path with different value:  => C:\ST\STM32CubeIDE_1.18.0\STM32CubeIDE\plugins\com.st.stm32cube.common.mx_6.14.0.202502271554\\db\/plugins/mcufinder/images/
2026-02-01 18:50:02,094 [INFO] ApiDb:250 - Set database path to: C:\Users\lthst\.stmcufinder\plugins\mcufinder//mcu/
2026-02-01 18:50:02,101 [INFO] DbMcusAds:125 - Set database path to: C:\Users\lthst\.stmcufinder\plugins\mcufinder//mcu/
2026-02-01 18:50:02,112 [INFO] CrossReferenceDbSqlite:203 - Set database path to: C:\Users\lthst\.stmcufinder\plugins\mcufinder//mcu/cs/
2026-02-01 18:50:02,463 [INFO] RulesReader:64 - Compatibility file has been processed (301 Rules)
2026-02-01 18:50:02,674 [INFO] DbMcusXml:78 - Set database path to: C:\ST\STM32CubeIDE_1.18.0\STM32CubeIDE\plugins\com.st.stm32cube.common.mx_6.14.0.202502271554\\db\/mcu/
2026-02-01 18:50:02,674 [INFO] ApiDb:274 - Set plugin database path to: C:\ST\STM32CubeIDE_1.18.0\STM32CubeIDE\plugins\com.st.stm32cube.common.mx_6.14.0.202502271554\\db\/plugins/boardmanager/
2026-02-01 18:50:02,675 [INFO] ApiDb:261 - Set plugin images path to: C:\ST\STM32CubeIDE_1.18.0\STM32CubeIDE\plugins\com.st.stm32cube.common.mx_6.14.0.202502271554\\db\/plugins/mcufinder/images/
2026-02-01 18:50:02,675 [WARN] DbFile:41 - Overriding database path with different value: C:\Users\lthst\.stmcufinder\plugins\mcufinder/ => C:\Users\lthst\.stmcufinder\plugins\mcufinder
2026-02-01 18:50:02,675 [INFO] ApiDb:250 - Set database path to: C:\Users\lthst\.stmcufinder\plugins\mcufinder//mcu/
2026-02-01 18:50:02,676 [WARN] DbFile:41 - Overriding database path with different value: C:\Users\lthst\.stmcufinder\plugins\mcufinder/ => C:\Users\lthst\.stmcufinder\plugins\mcufinder
2026-02-01 18:50:02,676 [INFO] DbMcusAds:125 - Set database path to: C:\Users\lthst\.stmcufinder\plugins\mcufinder//mcu/
2026-02-01 18:50:02,676 [WARN] DbFile:41 - Overriding database path with different value: C:\Users\lthst\.stmcufinder\plugins\mcufinder/ => C:\Users\lthst\.stmcufinder\plugins\mcufinder
2026-02-01 18:50:02,676 [WARN] DbFile:41 - Overriding database path with different value: C:\Users\lthst\.stmcufinder\plugins\mcufinder/ => C:\Users\lthst\.stmcufinder\plugins\mcufinder
2026-02-01 18:50:02,676 [INFO] CrossReferenceDbSqlite:203 - Set database path to: C:\Users\lthst\.stmcufinder\plugins\mcufinder//mcu/cs/
2026-02-01 18:50:02,865 [INFO] MainPanel:272 - HeapMemory: 268435456
2026-02-01 18:50:03,213 [INFO] DbMcusXml:78 - Set database path to: C:\ST\STM32CubeIDE_1.18.0\STM32CubeIDE\plugins\com.st.stm32cube.common.mx_6.14.0.202502271554\\db\/mcu/
2026-02-01 18:50:03,213 [INFO] ApiDb:274 - Set plugin database path to: C:\ST\STM32CubeIDE_1.18.0\STM32CubeIDE\plugins\com.st.stm32cube.common.mx_6.14.0.202502271554\\db\/plugins/boardmanager/
2026-02-01 18:50:03,213 [INFO] ApiDb:261 - Set plugin images path to: C:\ST\STM32CubeIDE_1.18.0\STM32CubeIDE\plugins\com.st.stm32cube.common.mx_6.14.0.202502271554\\db\/plugins/mcufinder/images/
2026-02-01 18:50:03,213 [WARN] DbFile:41 - Overriding database path with different value: C:\Users\lthst\.stmcufinder\plugins\mcufinder/ => C:\Users\lthst\.stmcufinder\plugins\mcufinder
2026-02-01 18:50:03,213 [INFO] ApiDb:250 - Set database path to: C:\Users\lthst\.stmcufinder\plugins\mcufinder//mcu/
2026-02-01 18:50:03,213 [WARN] DbFile:41 - Overriding database path with different value: C:\Users\lthst\.stmcufinder\plugins\mcufinder/ => C:\Users\lthst\.stmcufinder\plugins\mcufinder
2026-02-01 18:50:03,213 [INFO] DbMcusAds:125 - Set database path to: C:\Users\lthst\.stmcufinder\plugins\mcufinder//mcu/
2026-02-01 18:50:03,213 [WARN] DbFile:41 - Overriding database path with different value: C:\Users\lthst\.stmcufinder\plugins\mcufinder/ => C:\Users\lthst\.stmcufinder\plugins\mcufinder
2026-02-01 18:50:03,213 [WARN] DbFile:41 - Overriding database path with different value: C:\Users\lthst\.stmcufinder\plugins\mcufinder/ => C:\Users\lthst\.stmcufinder\plugins\mcufinder
2026-02-01 18:50:03,217 [INFO] CrossReferenceDbSqlite:203 - Set database path to: C:\Users\lthst\.stmcufinder\plugins\mcufinder//mcu/cs/
2026-02-01 18:50:03,268 [INFO] ApplicationProperties:184 - Using Application install path: C:\ST\STM32CubeIDE_1.18.0\STM32CubeIDE\plugins\com.st.stm32cube.common.mx_6.14.0.202502271554
2026-02-01 18:50:03,272 [INFO] PluginManage:196 - Search for loadable plugins [exclusion list=, ]
2026-02-01 18:50:03,278 [INFO] PluginManage:310 - Check plugin analytics
2026-02-01 18:50:03,791 [INFO] AnalyticsPlugin:253 - Accepted Software Licenses: 
2026-02-01 18:50:03,792 [INFO] AnalyticsPlugin:255 - Accepted CMSIS Pack Licenses: 
2026-02-01 18:50:03,793 [INFO] AnalyticsPlugin:257 - Accepted Firmware Licenses: FW.F4.1.28.0
2026-02-01 18:50:03,798 [ERROR] ConfigurationRetriever:142 - IOException on connection: sw-center.st.com
2026-02-01 18:50:03,799 [INFO] PluginManage:359 - Loaded plugin analytics (category:tool,tabindex:-1)
2026-02-01 18:50:03,800 [ERROR] ConfigurationRetriever:142 - IOException on connection: sw-center.st.com
2026-02-01 18:50:03,800 [INFO] PluginManage:310 - Check plugin cadmodel
2026-02-01 18:50:03,801 [ERROR] ConfigurationRetriever:142 - IOException on connection: sw-center.st.com
2026-02-01 18:50:03,852 [INFO] CADModel:105 - Init CAD model plugin
2026-02-01 18:50:03,853 [INFO] PluginManage:359 - Loaded plugin cadmodel (category:power,tabindex:5)
2026-02-01 18:50:03,853 [INFO] PluginManage:310 - Check plugin clock
2026-02-01 18:50:03,913 [INFO] PluginManage:359 - Loaded plugin clock (category:base,tabindex:2)
2026-02-01 18:50:03,914 [INFO] PluginManage:310 - Check plugin ddr
2026-02-01 18:50:03,919 [INFO] PluginManage:359 - Loaded plugin ddr (category:tool,tabindex:6)
2026-02-01 18:50:03,919 [INFO] PluginManage:310 - Check plugin filemanager
2026-02-01 18:50:04,418 [INFO] PluginManage:359 - Loaded plugin filemanager (category:base,tabindex:10)
2026-02-01 18:50:04,418 [INFO] PluginManage:310 - Check plugin ipmanager
2026-02-01 18:50:04,443 [INFO] PluginManage:359 - Loaded plugin ipmanager (category:base,tabindex:5)
2026-02-01 18:50:04,444 [INFO] PluginManage:310 - Check plugin lpbam
2026-02-01 18:50:04,517 [INFO] PluginManage:359 - Loaded plugin lpbam (category:base,tabindex:0)
2026-02-01 18:50:04,518 [INFO] PluginManage:310 - Check plugin memorymap
2026-02-01 18:50:04,598 [INFO] PluginManage:359 - Loaded plugin memorymap (category:base,tabindex:4)
2026-02-01 18:50:04,598 [INFO] PluginManage:310 - Check plugin pinoutandconfiguration
2026-02-01 18:50:04,663 [INFO] PluginManage:359 - Loaded plugin pinoutandconfiguration (category:base,tabindex:1)
2026-02-01 18:50:04,664 [INFO] PluginManage:310 - Check plugin pinoutconfig
2026-02-01 18:50:04,909 [WARN] SupportedApi:132 - Cannot load RTOS API schema: s4s-elt-must-match.1: The content of 'definitions' must match (annotation?, (simpleType | complexType)?, (unique | key | keyref)*)). A problem was found starting at: attribute.
2026-02-01 18:50:05,194 [INFO] PluginManage:359 - Loaded plugin pinoutconfig (category:base,tabindex:0)
2026-02-01 18:50:05,195 [INFO] PluginManage:310 - Check plugin power
2026-02-01 18:50:05,236 [INFO] PluginManage:359 - Loaded plugin power (category:power,tabindex:4)
2026-02-01 18:50:05,236 [INFO] PluginManage:310 - Check plugin projectmanager
2026-02-01 18:50:05,267 [INFO] PluginManage:359 - Loaded plugin projectmanager (category:projectmanager,tabindex:4)
2026-02-01 18:50:05,267 [INFO] PluginManage:310 - Check plugin rif
2026-02-01 18:50:05,321 [INFO] PluginManage:359 - Loaded plugin rif (category:base,tabindex:3)
2026-02-01 18:50:05,321 [INFO] PluginManage:310 - Check plugin thirdparty
2026-02-01 18:50:06,152 [INFO] PluginManage:359 - Loaded plugin thirdparty (category:base,tabindex:-1)
2026-02-01 18:50:06,153 [INFO] PluginManage:310 - Check plugin tools
2026-02-01 18:50:06,152 [WARN] IntegrityCheckThread:84 - waiting for thirdparty lock release [integrity check]
2026-02-01 18:50:06,153 [INFO] IntegrityCheckThread:86 - entering critical section [integrity check]
2026-02-01 18:50:06,154 [INFO] ThirdPartyUpdaterWithRetryManager:70 - Updater plugin not ready yet. [1/15]
2026-02-01 18:50:06,279 [INFO] PluginManage:359 - Loaded plugin tools (category:base,tabindex:7)
2026-02-01 18:50:06,279 [INFO] PluginManage:310 - Check plugin tutovideos
2026-02-01 18:50:06,845 [INFO] PluginManage:359 - Loaded plugin tutovideos (category:base,tabindex:-1)
2026-02-01 18:50:06,845 [INFO] PluginManage:310 - Check plugin updater
2026-02-01 18:50:06,897 [INFO] PluginManage:359 - Loaded plugin updater (category:base,tabindex:12)
2026-02-01 18:50:06,898 [INFO] PluginManage:310 - Check plugin userauth
2026-02-01 18:50:06,912 [INFO] UserAuth:118 - Init User Auth plugin
2026-02-01 18:50:06,914 [INFO] PluginManage:359 - Loaded plugin userauth (category:base,tabindex:14)
2026-02-01 18:50:06,916 [INFO] PluginManage:283 - PluginManage : Loaded plugins [18]
2026-02-01 18:50:07,618 [INFO] PinOutPanel:1589 - setPackage(No Configuration,No Configuration)
2026-02-01 18:50:07,813 [INFO] CADModel:165 - CPN selected for project level
2026-02-01 18:50:07,813 [INFO] CADModel:114 - Register for checkConnection events
2026-02-01 18:50:07,873 [INFO] IPUIPlugin:80 - create IPUIPlugin
2026-02-01 18:50:07,873 [INFO] PluginManager:220 - loadIPPluginJar : add adc
2026-02-01 18:50:08,014 [INFO] IPUIPlugin:80 - create IPUIPlugin
2026-02-01 18:50:08,014 [INFO] PluginManager:220 - loadIPPluginJar : add aes
2026-02-01 18:50:08,139 [INFO] IPUIPlugin:80 - create IPUIPlugin
2026-02-01 18:50:08,139 [INFO] PluginManager:220 - loadIPPluginJar : add can
2026-02-01 18:50:08,204 [INFO] IPUIPlugin:80 - create IPUIPlugin
2026-02-01 18:50:08,204 [INFO] PluginManager:220 - loadIPPluginJar : add comp
2026-02-01 18:50:08,293 [INFO] IPUIPlugin:80 - create IPUIPlugin
2026-02-01 18:50:08,293 [INFO] PluginManager:220 - loadIPPluginJar : add cryp
2026-02-01 18:50:08,315 [INFO] IPUIPlugin:80 - create IPUIPlugin
2026-02-01 18:50:08,315 [INFO] PluginManager:220 - loadIPPluginJar : add ddr_ctrl_phy
2026-02-01 18:50:08,409 [INFO] IPUIPlugin:80 - create IPUIPlugin
2026-02-01 18:50:08,409 [INFO] PluginManager:220 - loadIPPluginJar : add dfsdm
2026-02-01 18:50:08,426 [INFO] IPUIPlugin:80 - create IPUIPlugin
2026-02-01 18:50:08,426 [INFO] PluginManager:220 - loadIPPluginJar : add dma
2026-02-01 18:50:08,523 [INFO] IPUIPlugin:80 - create IPUIPlugin
2026-02-01 18:50:08,523 [INFO] PluginManager:220 - loadIPPluginJar : add dma3
2026-02-01 18:50:08,628 [INFO] IPUIPlugin:80 - create IPUIPlugin
2026-02-01 18:50:08,628 [INFO] PluginManager:220 - loadIPPluginJar : add extmemmanager
2026-02-01 18:50:08,676 [INFO] IPUIPlugin:80 - create IPUIPlugin
2026-02-01 18:50:08,678 [INFO] PluginManager:220 - loadIPPluginJar : add fatfs
2026-02-01 18:50:08,774 [INFO] IPUIPlugin:80 - create IPUIPlugin
2026-02-01 18:50:08,774 [INFO] PluginManager:220 - loadIPPluginJar : add fmc
2026-02-01 18:50:08,806 [INFO] IPUIPlugin:80 - create IPUIPlugin
2026-02-01 18:50:08,806 [INFO] PluginManager:220 - loadIPPluginJar : add freertos
2026-02-01 18:50:08,853 [INFO] IPUIPlugin:80 - create IPUIPlugin
2026-02-01 18:50:08,853 [INFO] PluginManager:220 - loadIPPluginJar : add genericplugin
2026-02-01 18:50:09,028 [INFO] IPUIPlugin:80 - create IPUIPlugin
2026-02-01 18:50:09,028 [INFO] PluginManager:220 - loadIPPluginJar : add gfxmmu
2026-02-01 18:50:09,154 [INFO] ThirdPartyUpdaterWithRetryManager:70 - Updater plugin not ready yet. [2/15]
2026-02-01 18:50:09,282 [INFO] IPUIPlugin:80 - create IPUIPlugin
2026-02-01 18:50:09,282 [INFO] PluginManager:220 - loadIPPluginJar : add gic
2026-02-01 18:50:09,307 [INFO] IPUIPlugin:80 - create IPUIPlugin
2026-02-01 18:50:09,307 [INFO] PluginManager:220 - loadIPPluginJar : add gpio
2026-02-01 18:50:09,458 [INFO] IPUIPlugin:80 - create IPUIPlugin
2026-02-01 18:50:09,458 [INFO] PluginManager:220 - loadIPPluginJar : add gtzc
2026-02-01 18:50:09,514 [INFO] IPUIPlugin:80 - create IPUIPlugin
2026-02-01 18:50:09,514 [INFO] PluginManager:220 - loadIPPluginJar : add hash
2026-02-01 18:50:09,600 [INFO] IPUIPlugin:80 - create IPUIPlugin
2026-02-01 18:50:09,600 [INFO] PluginManager:220 - loadIPPluginJar : add i2c
2026-02-01 18:50:09,664 [INFO] IPUIPlugin:80 - create IPUIPlugin
2026-02-01 18:50:09,664 [INFO] PluginManager:220 - loadIPPluginJar : add i2s
2026-02-01 18:50:09,728 [INFO] IPUIPlugin:80 - create IPUIPlugin
2026-02-01 18:50:09,728 [INFO] PluginManager:220 - loadIPPluginJar : add i3c
2026-02-01 18:50:09,889 [INFO] IPUIPlugin:80 - create IPUIPlugin
2026-02-01 18:50:09,889 [INFO] PluginManager:220 - loadIPPluginJar : add ipddr
2026-02-01 18:50:10,022 [INFO] IPUIPlugin:80 - create IPUIPlugin
2026-02-01 18:50:10,022 [INFO] PluginManager:220 - loadIPPluginJar : add linkedlist
2026-02-01 18:50:10,080 [INFO] IPUIPlugin:80 - create IPUIPlugin
2026-02-01 18:50:10,080 [INFO] PluginManager:220 - loadIPPluginJar : add lorawan
2026-02-01 18:50:10,124 [INFO] IPUIPlugin:80 - create IPUIPlugin
2026-02-01 18:50:10,124 [INFO] PluginManager:220 - loadIPPluginJar : add ltdc
2026-02-01 18:50:10,155 [INFO] IPUIPlugin:80 - create IPUIPlugin
2026-02-01 18:50:10,155 [INFO] PluginManager:220 - loadIPPluginJar : add mdma
2026-02-01 18:50:10,174 [INFO] IPUIPlugin:80 - create IPUIPlugin
2026-02-01 18:50:10,174 [INFO] PluginManager:220 - loadIPPluginJar : add nvic
2026-02-01 18:50:10,218 [INFO] IPUIPlugin:80 - create IPUIPlugin
2026-02-01 18:50:10,218 [INFO] PluginManager:220 - loadIPPluginJar : add opamp
2026-02-01 18:50:10,316 [INFO] IPUIPlugin:80 - create IPUIPlugin
2026-02-01 18:50:10,316 [INFO] PluginManager:220 - loadIPPluginJar : add openamp
2026-02-01 18:50:10,391 [INFO] IPUIPlugin:80 - create IPUIPlugin
2026-02-01 18:50:10,394 [INFO] PluginManager:220 - loadIPPluginJar : add pdm2pcm
2026-02-01 18:50:10,415 [INFO] IPUIPlugin:80 - create IPUIPlugin
2026-02-01 18:50:10,416 [INFO] PluginManager:220 - loadIPPluginJar : add plateformsettings
2026-02-01 18:50:10,453 [INFO] IPUIPlugin:80 - create IPUIPlugin
2026-02-01 18:50:10,453 [INFO] PluginManager:220 - loadIPPluginJar : add quadspi
2026-02-01 18:50:10,493 [INFO] IPUIPlugin:80 - create IPUIPlugin
2026-02-01 18:50:10,493 [INFO] PluginManager:220 - loadIPPluginJar : add radio
2026-02-01 18:50:10,506 [INFO] IPUIPlugin:80 - create IPUIPlugin
2026-02-01 18:50:10,506 [INFO] PluginManager:220 - loadIPPluginJar : add resmgrutility
2026-02-01 18:50:10,580 [INFO] IPUIPlugin:80 - create IPUIPlugin
2026-02-01 18:50:10,580 [INFO] PluginManager:220 - loadIPPluginJar : add sai
2026-02-01 18:50:10,654 [INFO] IPUIPlugin:80 - create IPUIPlugin
2026-02-01 18:50:10,654 [INFO] PluginManager:220 - loadIPPluginJar : add spi
2026-02-01 18:50:10,765 [INFO] IPUIPlugin:80 - create IPUIPlugin
2026-02-01 18:50:10,765 [INFO] PluginManager:220 - loadIPPluginJar : add stm32_wpan
2026-02-01 18:50:10,811 [INFO] IPUIPlugin:80 - create IPUIPlugin
2026-02-01 18:50:10,811 [INFO] PluginManager:220 - loadIPPluginJar : add tim
2026-02-01 18:50:10,896 [INFO] IPUIPlugin:80 - create IPUIPlugin
2026-02-01 18:50:10,896 [INFO] PluginManager:220 - loadIPPluginJar : add touchsensing
2026-02-01 18:50:10,934 [INFO] IPUIPlugin:80 - create IPUIPlugin
2026-02-01 18:50:10,934 [INFO] PluginManager:220 - loadIPPluginJar : add tracer_emb
2026-02-01 18:50:10,960 [INFO] IPUIPlugin:80 - create IPUIPlugin
2026-02-01 18:50:10,960 [INFO] PluginManager:220 - loadIPPluginJar : add ts
2026-02-01 18:50:11,013 [INFO] IPUIPlugin:80 - create IPUIPlugin
2026-02-01 18:50:11,013 [INFO] PluginManager:220 - loadIPPluginJar : add tsc
2026-02-01 18:50:11,048 [INFO] IPUIPlugin:80 - create IPUIPlugin
2026-02-01 18:50:11,048 [INFO] PluginManager:220 - loadIPPluginJar : add ucpd
2026-02-01 18:50:11,102 [INFO] IPUIPlugin:80 - create IPUIPlugin
2026-02-01 18:50:11,102 [INFO] PluginManager:220 - loadIPPluginJar : add usart
2026-02-01 18:50:11,165 [INFO] IPUIPlugin:80 - create IPUIPlugin
2026-02-01 18:50:11,165 [INFO] PluginManager:220 - loadIPPluginJar : add usbx
2026-02-01 18:50:11,306 [FATAL] Updater:351 - Updater called before beeing initialized
2026-02-01 18:50:11,335 [INFO] RulesReader:64 - Compatibility file has been processed (301 Rules)
2026-02-01 18:50:11,351 [INFO] RulesReader:64 - Compatibility file has been processed (301 Rules)
2026-02-01 18:50:11,367 [INFO] CADModel:165 - CPN selected for project level
2026-02-01 18:50:11,367 [INFO] CADModel:114 - Register for checkConnection events
2026-02-01 18:50:11,367 [FATAL] Updater:351 - Updater called before beeing initialized
2026-02-01 18:50:11,367 [ERROR] CADModel:125 - Updater not yet initialized, retry later 
2026-02-01 18:50:11,540 [FATAL] Updater:351 - Updater called before beeing initialized
2026-02-01 18:50:11,546 [INFO] CADModel:165 - CPN selected for project level
2026-02-01 18:50:11,546 [INFO] CADModel:114 - Register for checkConnection events
2026-02-01 18:50:11,546 [FATAL] Updater:351 - Updater called before beeing initialized
2026-02-01 18:50:11,546 [ERROR] CADModel:125 - Updater not yet initialized, retry later 
2026-02-01 18:50:11,550 [FATAL] Updater:351 - Updater called before beeing initialized
2026-02-01 18:50:11,688 [FATAL] Updater:351 - Updater called before beeing initialized
2026-02-01 18:50:11,704 [INFO] DbMcusAds:53 - JSON generation date=Fri Jan 09 00:57:51 KST 2026 (1767887871456)
2026-02-01 18:50:11,704 [FATAL] Updater:351 - Updater called before beeing initialized
2026-02-01 18:50:11,758 [WARN] DetailPanel:346 - Failed to get advertising image, set to default
2026-02-01 18:50:12,098 [FATAL] Updater:351 - Updater called before beeing initialized
2026-02-01 18:50:12,098 [FATAL] Updater:351 - Updater called before beeing initialized
2026-02-01 18:50:12,098 [FATAL] Updater:351 - Updater called before beeing initialized
2026-02-01 18:50:12,098 [WARN] DetailPanel:346 - Failed to get advertising image, set to default
2026-02-01 18:50:12,101 [FATAL] Updater:351 - Updater called before beeing initialized
2026-02-01 18:50:12,166 [INFO] ThirdPartyUpdaterWithRetryManager:70 - Updater plugin not ready yet. [3/15]
2026-02-01 18:50:12,166 [ERROR] Updater:1198 - MainUpdater not yet initialized. External WinMGr cannot be set.
2026-02-01 18:50:12,193 [INFO] Updater:1134 - Updater Version found : 6.14.0
2026-02-01 18:50:12,209 [INFO] ApplicationProperties:184 - Using Application install path: C:\ST\STM32CubeIDE_1.18.0\STM32CubeIDE\plugins\com.st.stm32cube.common.mx_6.14.0.202502271554
2026-02-01 18:50:12,590 [INFO] MainUpdater:2872 - connection check result : 22
2026-02-01 18:50:12,592 [INFO] MainUpdater:289 - Updater Check For Update Now.
2026-02-01 18:50:12,592 [INFO] MicroXplorer:498 - Change Database Version : DB.6.0.140
2026-02-01 18:50:12,612 [INFO] McuFinderGlobals:63 - Set McuFinder mode to 2 (CubeIDE integrated)
2026-02-01 18:50:12,630 [INFO] UserAuth:486 - Internet connection configuration mode: 2
2026-02-01 18:50:12,636 [INFO] UserAuth:486 - Internet connection configuration mode: 2
2026-02-01 18:50:12,877 [INFO] CheckServerUpdateThread:120 - End of CheckServer Thread
2026-02-01 18:50:15,488 [WARN] PackLoader:240 - Cannot read IP mode file for STMicroelectronics.FP-SNS-MOTENVWB1.1.4.0
2026-02-01 18:50:15,513 [WARN] PackLoader:240 - Cannot read IP mode file for STMicroelectronics.FP-ATR-ASTRA1.2.0.2
2026-02-01 18:50:15,536 [WARN] PackLoader:240 - Cannot read IP mode file for STMicroelectronics.X-CUBE-SMBUS.2.1.0
2026-02-01 18:50:15,555 [WARN] PackLoader:240 - Cannot read IP mode file for STMicroelectronics.X-CUBE-WB05N.1.1.0
2026-02-01 18:50:15,572 [WARN] PackLoader:240 - Cannot read IP mode file for STMicroelectronics.X-CUBE-ST60.1.0.0
2026-02-01 18:50:15,624 [WARN] PackLoader:240 - Cannot read IP mode file for STMicroelectronics.X-CUBE-AZRTOS-F7.1.1.0
2026-02-01 18:50:15,647 [ERROR] Engine:466 - C:\Users\lthst\.stm32cubemx\thirdparties\pdsc\STMicroelectronics.FP-SNS-MOTENV1.5.1.0.pdsc: PDSC version is not supported
2026-02-01 18:50:15,691 [WARN] PackLoader:240 - Cannot read IP mode file for Infineon.AIROC-Wi-Fi-Bluetooth-STM32.1.7.0
2026-02-01 18:50:15,748 [WARN] PackLoader:240 - Cannot read IP mode file for STMicroelectronics.X-CUBE-AZRTOS-H7.3.4.0
2026-02-01 18:50:15,774 [WARN] PackLoader:240 - Cannot read IP mode file for STMicroelectronics.X-CUBE-DISPLAY.3.0.0
2026-02-01 18:50:15,798 [WARN] PackLoader:240 - Cannot read IP mode file for STMicroelectronics.X-CUBE-NFC10.1.0.0
2026-02-01 18:50:15,831 [WARN] PackLoader:240 - Cannot read IP mode file for STMicroelectronics.X-CUBE-BLEMGR.4.0.0
2026-02-01 18:50:15,860 [WARN] PackLoader:240 - Cannot read IP mode file for STMicroelectronics.X-CUBE-ST60.1.1.0
2026-02-01 18:50:15,885 [WARN] PackLoader:240 - Cannot read IP mode file for emotas.I-CUBE-CANOPEN.1.3.0
2026-02-01 18:50:15,909 [WARN] PackLoader:240 - Cannot read IP mode file for STMicroelectronics.X-CUBE-GNSS1.7.1.0
2026-02-01 18:50:15,937 [WARN] ConditionMgr:438 - getConditionDescription Invalid condition id : Cortex-A Device cause : null
2026-02-01 18:50:15,972 [WARN] ConditionMgr:1044 - genDependencies : Invalid condition id : Cortex-A Device cause : null
2026-02-01 18:50:15,972 [WARN] ConditionMgr:1044 - genDependencies : Invalid condition id : Cortex-A Device cause : null
2026-02-01 18:50:15,973 [WARN] ConditionMgr:1044 - genDependencies : Invalid condition id : Cortex-A Device cause : null
2026-02-01 18:50:15,994 [WARN] PackLoader:240 - Cannot read IP mode file for STMicroelectronics.X-CUBE-AI.10.0.0
2026-02-01 18:50:16,015 [ERROR] Engine:466 - C:\Users\lthst\.stm32cubemx\thirdparties\pdsc\STMicroelectronics.FP-SNS-STBOX1.2.1.0.pdsc: PDSC version is not supported
2026-02-01 18:50:16,042 [WARN] PackLoader:240 - Cannot read IP mode file for STMicroelectronics.FP-SNS-SMARTAG2.1.2.0
2026-02-01 18:50:16,067 [WARN] PackLoader:240 - Cannot read IP mode file for STMicroelectronics.FP-SNS-FLIGHT1.5.1.0
2026-02-01 18:50:16,138 [WARN] PackLoader:240 - Cannot read IP mode file for STMicroelectronics.X-CUBE-MEMS1.11.1.0
2026-02-01 18:50:16,309 [INFO] LogOutputStream:77 - [STDOUT_REDIRECT] 1 : Invalid condition id : UX_CORESTACK_Condition cause : null
2026-02-01 18:50:16,310 [INFO] LogOutputStream:77 - [STDOUT_REDIRECT] 1 : Invalid condition id : UX_CORESTACK_Condition cause : null
2026-02-01 18:50:16,312 [INFO] LogOutputStream:77 - [STDOUT_REDIRECT] 1 : Invalid condition id : UX_CORESTACK_Condition cause : null
2026-02-01 18:50:16,314 [INFO] LogOutputStream:77 - [STDOUT_REDIRECT] 1 : Invalid condition id : UX_CORESTACK_Condition cause : null
2026-02-01 18:50:16,316 [INFO] LogOutputStream:77 - [STDOUT_REDIRECT] 1 : Invalid condition id : UX_CORESTACK_Condition cause : null
2026-02-01 18:50:16,322 [WARN] PackLoader:240 - Cannot read IP mode file for STMicroelectronics.X-CUBE-AZRTOS-WL.2.0.0
2026-02-01 18:50:16,390 [WARN] PackLoader:240 - Cannot read IP mode file for STMicroelectronics.FP-SNS-MOTENV1.5.0.0
2026-02-01 18:50:16,465 [WARN] PackLoader:240 - Cannot read IP mode file for STMicroelectronics.X-CUBE-AZRTOS-H7RS.1.2.0
2026-02-01 18:50:16,510 [WARN] PackLoader:240 - Cannot read IP mode file for WES.I-CUBE-Cesium.1.3.0
2026-02-01 18:50:16,545 [WARN] PackLoader:240 - Cannot read IP mode file for STMicroelectronics.X-CUBE-BLE2.3.3.0
2026-02-01 18:50:16,636 [WARN] PackLoader:240 - Cannot read IP mode file for STMicroelectronics.X-CUBE-NFC9.1.0.0
2026-02-01 18:50:16,667 [WARN] PackLoader:240 - Cannot read IP mode file for STMicroelectronics.X-CUBE-BLE1.7.1.0
2026-02-01 18:50:16,693 [WARN] PackLoader:240 - Cannot read IP mode file for wolfSSL.I-CUBE-wolfMQTT.1.19.2
2026-02-01 18:50:16,717 [ERROR] Engine:466 - C:\Users\lthst\.stm32cubemx\thirdparties\pdsc\STMicroelectronics.X-CUBE-FREERTOS.1.4.0.pdsc: PDSC version is not supported
2026-02-01 18:50:16,749 [WARN] PackLoader:240 - Cannot read IP mode file for STMicroelectronics.X-CUBE-EEPRMA1.5.2.0
2026-02-01 18:50:16,785 [ERROR] Engine:466 - C:\Users\lthst\.stm32cubemx\thirdparties\pdsc\STMicroelectronics.X-CUBE-ST67W61.1.1.0.pdsc: PDSC version is not supported
2026-02-01 18:50:16,811 [WARN] PackLoader:240 - Cannot read IP mode file for STMicroelectronics.X-CUBE-AI.10.1.0
2026-02-01 18:50:16,903 [WARN] PackLoader:240 - Cannot read IP mode file for STMicroelectronics.X-CUBE-MEMS1.12.0.0
2026-02-01 18:50:17,071 [WARN] PackLoader:240 - Cannot read IP mode file for STMicroelectronics.X-CUBE-MEMS1.11.2.0
2026-02-01 18:50:17,257 [WARN] PackLoader:240 - Cannot read IP mode file for STMicroelectronics.X-CUBE-AZRTOS-G0.1.1.0
2026-02-01 18:50:17,290 [WARN] PackLoader:240 - Cannot read IP mode file for STMicroelectronics.X-CUBE-SAFEA1.1.2.2
2026-02-01 18:50:17,319 [WARN] PackLoader:240 - Cannot read IP mode file for STMicroelectronics.X-CUBE-NFC4.3.0.0
2026-02-01 18:50:17,354 [WARN] PackLoader:240 - Cannot read IP mode file for EmbeddedOffice.I-CUBE-FS-RTOS.1.0.1
2026-02-01 18:50:17,388 [WARN] PackLoader:240 - Cannot read IP mode file for STMicroelectronics.X-CUBE-WB05N.2.0.0
2026-02-01 18:50:17,429 [WARN] PackLoader:240 - Cannot read IP mode file for wolfSSL.I-CUBE-wolfTPM.3.8.0
2026-02-01 18:50:17,460 [WARN] PackLoader:240 - Cannot read IP mode file for STMicroelectronics.X-CUBE-TCPP.4.2.0
2026-02-01 18:50:17,492 [WARN] PackLoader:240 - Cannot read IP mode file for RealThread.X-CUBE-RT-Thread_Nano.4.1.1
2026-02-01 18:50:17,528 [WARN] PackLoader:240 - Cannot read IP mode file for STMicroelectronics.FP-ATR-SIGFOX1.3.2.0
2026-02-01 18:50:17,558 [WARN] PackLoader:240 - Cannot read IP mode file for STMicroelectronics.X-CUBE-EEPRMA1.5.1.0
2026-02-01 18:50:17,588 [WARN] PackLoader:240 - Cannot read IP mode file for wolfSSL.I-CUBE-wolfSSL.5.7.6
2026-02-01 18:50:17,617 [WARN] PackLoader:240 - Cannot read IP mode file for ITTIA_DB.I-CUBE-ITTIADB.8.9.0
2026-02-01 18:50:17,647 [WARN] PackLoader:240 - Cannot read IP mode file for STMicroelectronics.X-CUBE-NFC6.3.2.0
2026-02-01 18:50:17,681 [WARN] PackLoader:240 - Cannot read IP mode file for STMicroelectronics.X-CUBE-ST67W61.1.0.0
2026-02-01 18:50:17,709 [WARN] PackLoader:240 - Cannot read IP mode file for STMicroelectronics.X-CUBE-AI.10.2.0
2026-02-01 18:50:17,769 [WARN] PackLoader:240 - Cannot read IP mode file for SEGGER.I-CUBE-embOS.1.3.1
2026-02-01 18:50:17,843 [WARN] PackLoader:240 - Cannot read IP mode file for STMicroelectronics.X-CUBE-ALGOBUILD.1.4.0
2026-02-01 18:50:17,930 [WARN] PackLoader:240 - Cannot read IP mode file for STMicroelectronics.X-CUBE-MEMS1.11.3.0
2026-02-01 18:50:18,281 [WARN] PackLoader:240 - Cannot read IP mode file for STMicroelectronics.X-CUBE-PM33A1.1.0.0
2026-02-01 18:50:18,332 [WARN] PackLoader:240 - Cannot read IP mode file for STMicroelectronics.X-CUBE-AZRTOS-F4.1.1.0
2026-02-01 18:50:18,368 [WARN] PackLoader:240 - Cannot read IP mode file for Avnet-IotConnect.X-CUBE-IoTC-DA16k-PMOD.1.0.0
2026-02-01 18:50:18,397 [WARN] PackLoader:240 - Cannot read IP mode file for STMicroelectronics.X-CUBE-ISPU.2.1.0
2026-02-01 18:50:18,431 [ERROR] Engine:466 - C:\Users\lthst\.stm32cubemx\thirdparties\pdsc\STMicroelectronics.X-CUBE-IPS.3.2.0.pdsc: PDSC version is not supported
2026-02-01 18:50:18,462 [WARN] PackLoader:240 - Cannot read IP mode file for STMicroelectronics.X-CUBE-NFC12.1.0.0
2026-02-01 18:50:18,522 [WARN] PackLoader:240 - Cannot read IP mode file for STMicroelectronics.X-CUBE-AZRTOS-L5.2.0.0
2026-02-01 18:50:18,557 [WARN] PackLoader:240 - Cannot read IP mode file for STMicroelectronics.X-CUBE-NFC6.3.1.0
2026-02-01 18:50:18,591 [WARN] PackLoader:240 - Cannot read IP mode file for STMicroelectronics.X-CUBE-DPower.1.2.0
2026-02-01 18:50:18,622 [WARN] PackLoader:240 - Cannot read IP mode file for STMicroelectronics.X-CUBE-FREERTOS.1.3.1
2026-02-01 18:50:18,648 [WARN] PackLoader:240 - Cannot read IP mode file for STMicroelectronics.X-CUBE-FREERTOS.1.3.0
2026-02-01 18:50:18,675 [WARN] PackLoader:240 - Cannot read IP mode file for STMicroelectronics.X-CUBE-NFC7.1.0.1
2026-02-01 18:50:18,710 [WARN] PackLoader:240 - Cannot read IP mode file for STMicroelectronics.X-CUBE-TOUCHGFX.4.26.0
2026-02-01 18:50:18,736 [WARN] PackLoader:240 - Cannot read IP mode file for STMicroelectronics.FP-SNS-STAIOTCFT.1.0.0
2026-02-01 18:50:18,766 [WARN] PackLoader:240 - Cannot read IP mode file for STMicroelectronics.X-CUBE-DPower.1.3.0
2026-02-01 18:50:18,837 [WARN] ConditionMgr:438 - getConditionDescription Invalid condition id : LAN8742 Phy interface Condition cause : null
2026-02-01 18:50:18,838 [WARN] PackLoader:240 - Cannot read IP mode file for STMicroelectronics.X-CUBE-AZRTOS-L4.2.0.0
2026-02-01 18:50:18,840 [WARN] ConditionMgr:1044 - genDependencies : Invalid condition id : LAN8742 Phy interface Condition cause : null
2026-02-01 18:50:18,841 [WARN] ConditionMgr:1044 - genDependencies : Invalid condition id : LAN8742 Phy interface Condition cause : null
2026-02-01 18:50:18,841 [WARN] ConditionMgr:1044 - genDependencies : Invalid condition id : LAN8742 Phy interface Condition cause : null
2026-02-01 18:50:18,878 [WARN] PackLoader:240 - Cannot read IP mode file for STMicroelectronics.X-CUBE-SFXS2LP1.4.0.0
2026-02-01 18:50:18,908 [ERROR] Engine:466 - C:\Users\lthst\.stm32cubemx\thirdparties\pdsc\STMicroelectronics.X-CUBE-ST67W61.1.2.0.pdsc: PDSC version is not supported
2026-02-01 18:50:18,971 [WARN] PackLoader:240 - Cannot read IP mode file for STMicroelectronics.X-CUBE-AZRTOS-H7.3.3.0
2026-02-01 18:50:19,006 [WARN] PackLoader:240 - Cannot read IP mode file for STMicroelectronics.X-CUBE-BLEMGR.4.1.0
2026-02-01 18:50:19,059 [WARN] ConditionMgr:438 - getConditionDescription Invalid condition id : UX DEVICE CLASS RTOS Condition cause : null
2026-02-01 18:50:19,060 [WARN] ConditionMgr:438 - getConditionDescription Invalid condition id : UX DEVICE CLASS RTOS Condition cause : null
2026-02-01 18:50:19,063 [WARN] PackLoader:240 - Cannot read IP mode file for STMicroelectronics.X-CUBE-AZRTOS-WB.2.0.0
2026-02-01 18:50:19,064 [WARN] ConditionMgr:1044 - genDependencies : Invalid condition id : UX DEVICE CLASS RTOS Condition cause : null
2026-02-01 18:50:19,064 [WARN] ConditionMgr:1044 - genDependencies : Invalid condition id : UX DEVICE CLASS RTOS Condition cause : null
2026-02-01 18:50:19,065 [WARN] ConditionMgr:1044 - genDependencies : Invalid condition id : UX DEVICE CLASS RTOS Condition cause : null
2026-02-01 18:50:19,065 [WARN] ConditionMgr:1044 - genDependencies : Invalid condition id : UX DEVICE CLASS RTOS Condition cause : null
2026-02-01 18:50:19,065 [WARN] ConditionMgr:1044 - genDependencies : Invalid condition id : UX DEVICE CLASS RTOS Condition cause : null
2026-02-01 18:50:19,092 [WARN] PackLoader:240 - Cannot read IP mode file for STMicroelectronics.X-CUBE-GNSS1.7.0.1
2026-02-01 18:50:19,118 [WARN] PackLoader:240 - Cannot read IP mode file for STMicroelectronics.X-CUBE-TOUCHGFX.4.25.0
2026-02-01 18:50:19,155 [WARN] PackLoader:240 - Cannot read IP mode file for STMicroelectronics.FP-SNS-STBOX1.2.0.0
2026-02-01 18:50:19,188 [WARN] PackLoader:240 - Cannot read IP mode file for STMicroelectronics.X-CUBE-STSE01.2.0.0
2026-02-01 18:50:19,226 [WARN] PackLoader:240 - Cannot read IP mode file for STMicroelectronics.X-CUBE-SUBG2.5.0.0
2026-02-01 18:50:19,283 [WARN] PackLoader:240 - Cannot read IP mode file for STMicroelectronics.X-CUBE-AZRTOS-H7RS.1.1.0
2026-02-01 18:50:19,315 [WARN] PackLoader:240 - Cannot read IP mode file for Cesanta.I-CUBE-Mongoose.7.13.0
2026-02-01 18:50:19,364 [WARN] PackLoader:240 - Cannot read IP mode file for STMicroelectronics.X-CUBE-AZRTOS-G4.2.0.0
2026-02-01 18:50:19,396 [WARN] PackLoader:240 - Cannot read IP mode file for wolfSSL.I-CUBE-wolfSSH.1.4.20
2026-02-01 18:50:19,431 [WARN] PackLoader:240 - Cannot read IP mode file for STMicroelectronics.X-CUBE-NFC7.2.0.0
2026-02-01 18:50:19,465 [WARN] PackLoader:240 - Cannot read IP mode file for STMicroelectronics.X-CUBE-IPS.3.1.0
2026-02-01 18:50:19,494 [WARN] PackLoader:240 - Cannot read IP mode file for STMicroelectronics.X-CUBE-ALS.1.0.2
2026-02-01 18:50:19,520 [WARN] PackLoader:240 - Cannot read IP mode file for STMicroelectronics.X-CUBE-STSE01.1.0.0
2026-02-01 18:50:19,550 [WARN] PackLoader:240 - Cannot read IP mode file for portGmbH.I-Cube-SoM-uGOAL.1.1.0
2026-02-01 18:50:19,588 [WARN] PackLoader:240 - Cannot read IP mode file for STMicroelectronics.X-CUBE-TOF1.3.4.2
2026-02-01 18:50:19,629 [WARN] PackLoader:240 - Cannot read IP mode file for STMicroelectronics.X-CUBE-TOF1.3.4.3
2026-02-01 18:50:19,641 [INFO] ThirdParty:978 - Integrity check success = true
2026-02-01 18:50:19,642 [INFO] IntegrityCheckThread:100 - exiting critical section [integrity check]
2026-02-01 18:50:19,642 [INFO] IntegrityCheckThread:103 - End integrity checks thread
