2026-05-10 22:01:33,660 [INFO] Activator:176 - 


2026-05-10 22:01:33,668 [INFO] Activator:177 - !SESSION log4j initialized
2026-05-10 22:01:38,309 [INFO] LogOutputStream:77 - [STDOUT_REDIRECT] 
2026-05-10 22:01:40,839 [INFO] ApplicationProperties:184 - Using Application install path: C:\ST\STM32CubeIDE_1.18.0\STM32CubeIDE\plugins\com.st.stm32cube.common.mx_6.14.0.202502271554
2026-05-10 22:01:40,852 [INFO] DbMcusXml:78 - Set database path to: C:\ST\STM32CubeIDE_1.18.0\STM32CubeIDE\plugins\com.st.stm32cube.common.mx_6.14.0.202502271554\\db\/mcu/
2026-05-10 22:01:40,853 [INFO] ApiDb:274 - Set plugin database path to: C:\ST\STM32CubeIDE_1.18.0\STM32CubeIDE\plugins\com.st.stm32cube.common.mx_6.14.0.202502271554\\db\/plugins/boardmanager/
2026-05-10 22:01:40,862 [WARN] ApiDb:259 - Overriding images path with different value:  => C:\ST\STM32CubeIDE_1.18.0\STM32CubeIDE\plugins\com.st.stm32cube.common.mx_6.14.0.202502271554\\db\/plugins/mcufinder/images/
2026-05-10 22:01:40,869 [INFO] ApiDb:250 - Set database path to: C:\Users\lthst\.stmcufinder\plugins\mcufinder//mcu/
2026-05-10 22:01:40,870 [INFO] DbMcusAds:125 - Set database path to: C:\Users\lthst\.stmcufinder\plugins\mcufinder//mcu/
2026-05-10 22:01:40,871 [INFO] CrossReferenceDbSqlite:203 - Set database path to: C:\Users\lthst\.stmcufinder\plugins\mcufinder//mcu/cs/
2026-05-10 22:01:40,988 [INFO] RulesReader:64 - Compatibility file has been processed (301 Rules)
2026-05-10 22:01:41,066 [INFO] DbMcusXml:78 - Set database path to: C:\ST\STM32CubeIDE_1.18.0\STM32CubeIDE\plugins\com.st.stm32cube.common.mx_6.14.0.202502271554\\db\/mcu/
2026-05-10 22:01:41,068 [INFO] ApiDb:274 - Set plugin database path to: C:\ST\STM32CubeIDE_1.18.0\STM32CubeIDE\plugins\com.st.stm32cube.common.mx_6.14.0.202502271554\\db\/plugins/boardmanager/
2026-05-10 22:01:41,068 [INFO] ApiDb:261 - Set plugin images path to: C:\ST\STM32CubeIDE_1.18.0\STM32CubeIDE\plugins\com.st.stm32cube.common.mx_6.14.0.202502271554\\db\/plugins/mcufinder/images/
2026-05-10 22:01:41,068 [WARN] DbFile:41 - Overriding database path with different value: C:\Users\lthst\.stmcufinder\plugins\mcufinder/ => C:\Users\lthst\.stmcufinder\plugins\mcufinder
2026-05-10 22:01:41,068 [INFO] ApiDb:250 - Set database path to: C:\Users\lthst\.stmcufinder\plugins\mcufinder//mcu/
2026-05-10 22:01:41,068 [WARN] DbFile:41 - Overriding database path with different value: C:\Users\lthst\.stmcufinder\plugins\mcufinder/ => C:\Users\lthst\.stmcufinder\plugins\mcufinder
2026-05-10 22:01:41,068 [INFO] DbMcusAds:125 - Set database path to: C:\Users\lthst\.stmcufinder\plugins\mcufinder//mcu/
2026-05-10 22:01:41,068 [WARN] DbFile:41 - Overriding database path with different value: C:\Users\lthst\.stmcufinder\plugins\mcufinder/ => C:\Users\lthst\.stmcufinder\plugins\mcufinder
2026-05-10 22:01:41,068 [WARN] DbFile:41 - Overriding database path with different value: C:\Users\lthst\.stmcufinder\plugins\mcufinder/ => C:\Users\lthst\.stmcufinder\plugins\mcufinder
2026-05-10 22:01:41,069 [INFO] CrossReferenceDbSqlite:203 - Set database path to: C:\Users\lthst\.stmcufinder\plugins\mcufinder//mcu/cs/
2026-05-10 22:01:41,134 [INFO] MainPanel:272 - HeapMemory: 268435456
2026-05-10 22:01:41,200 [INFO] DbMcusXml:78 - Set database path to: C:\ST\STM32CubeIDE_1.18.0\STM32CubeIDE\plugins\com.st.stm32cube.common.mx_6.14.0.202502271554\\db\/mcu/
2026-05-10 22:01:41,200 [INFO] ApiDb:274 - Set plugin database path to: C:\ST\STM32CubeIDE_1.18.0\STM32CubeIDE\plugins\com.st.stm32cube.common.mx_6.14.0.202502271554\\db\/plugins/boardmanager/
2026-05-10 22:01:41,201 [INFO] ApiDb:261 - Set plugin images path to: C:\ST\STM32CubeIDE_1.18.0\STM32CubeIDE\plugins\com.st.stm32cube.common.mx_6.14.0.202502271554\\db\/plugins/mcufinder/images/
2026-05-10 22:01:41,201 [WARN] DbFile:41 - Overriding database path with different value: C:\Users\lthst\.stmcufinder\plugins\mcufinder/ => C:\Users\lthst\.stmcufinder\plugins\mcufinder
2026-05-10 22:01:41,201 [INFO] ApiDb:250 - Set database path to: C:\Users\lthst\.stmcufinder\plugins\mcufinder//mcu/
2026-05-10 22:01:41,201 [WARN] DbFile:41 - Overriding database path with different value: C:\Users\lthst\.stmcufinder\plugins\mcufinder/ => C:\Users\lthst\.stmcufinder\plugins\mcufinder
2026-05-10 22:01:41,201 [INFO] DbMcusAds:125 - Set database path to: C:\Users\lthst\.stmcufinder\plugins\mcufinder//mcu/
2026-05-10 22:01:41,201 [WARN] DbFile:41 - Overriding database path with different value: C:\Users\lthst\.stmcufinder\plugins\mcufinder/ => C:\Users\lthst\.stmcufinder\plugins\mcufinder
2026-05-10 22:01:41,202 [WARN] DbFile:41 - Overriding database path with different value: C:\Users\lthst\.stmcufinder\plugins\mcufinder/ => C:\Users\lthst\.stmcufinder\plugins\mcufinder
2026-05-10 22:01:41,202 [INFO] CrossReferenceDbSqlite:203 - Set database path to: C:\Users\lthst\.stmcufinder\plugins\mcufinder//mcu/cs/
2026-05-10 22:01:41,218 [INFO] ApplicationProperties:184 - Using Application install path: C:\ST\STM32CubeIDE_1.18.0\STM32CubeIDE\plugins\com.st.stm32cube.common.mx_6.14.0.202502271554
2026-05-10 22:01:41,219 [INFO] PluginManage:196 - Search for loadable plugins [exclusion list=, ]
2026-05-10 22:01:41,220 [INFO] PluginManage:310 - Check plugin analytics
2026-05-10 22:01:41,398 [INFO] AnalyticsPlugin:253 - Accepted Software Licenses: 
2026-05-10 22:01:41,399 [INFO] AnalyticsPlugin:255 - Accepted CMSIS Pack Licenses: 
2026-05-10 22:01:41,399 [INFO] AnalyticsPlugin:257 - Accepted Firmware Licenses: FW.F4.1.28.0
2026-05-10 22:01:41,403 [INFO] PluginManage:359 - Loaded plugin analytics (category:tool,tabindex:-1)
2026-05-10 22:01:41,404 [INFO] PluginManage:310 - Check plugin cadmodel
2026-05-10 22:01:41,407 [INFO] CADModel:105 - Init CAD model plugin
2026-05-10 22:01:41,407 [INFO] PluginManage:359 - Loaded plugin cadmodel (category:power,tabindex:5)
2026-05-10 22:01:41,408 [INFO] PluginManage:310 - Check plugin clock
2026-05-10 22:01:41,416 [INFO] PluginManage:359 - Loaded plugin clock (category:base,tabindex:2)
2026-05-10 22:01:41,416 [INFO] PluginManage:310 - Check plugin ddr
2026-05-10 22:01:41,419 [INFO] PluginManage:359 - Loaded plugin ddr (category:tool,tabindex:6)
2026-05-10 22:01:41,419 [INFO] PluginManage:310 - Check plugin filemanager
2026-05-10 22:01:41,540 [INFO] PluginManage:359 - Loaded plugin filemanager (category:base,tabindex:10)
2026-05-10 22:01:41,540 [INFO] PluginManage:310 - Check plugin ipmanager
2026-05-10 22:01:41,548 [INFO] PluginManage:359 - Loaded plugin ipmanager (category:base,tabindex:5)
2026-05-10 22:01:41,548 [INFO] PluginManage:310 - Check plugin lpbam
2026-05-10 22:01:41,555 [INFO] PluginManage:359 - Loaded plugin lpbam (category:base,tabindex:0)
2026-05-10 22:01:41,555 [INFO] PluginManage:310 - Check plugin memorymap
2026-05-10 22:01:41,563 [INFO] PluginManage:359 - Loaded plugin memorymap (category:base,tabindex:4)
2026-05-10 22:01:41,563 [INFO] PluginManage:310 - Check plugin pinoutandconfiguration
2026-05-10 22:01:41,569 [INFO] PluginManage:359 - Loaded plugin pinoutandconfiguration (category:base,tabindex:1)
2026-05-10 22:01:41,569 [INFO] PluginManage:310 - Check plugin pinoutconfig
2026-05-10 22:01:41,652 [WARN] SupportedApi:132 - Cannot load RTOS API schema: s4s-elt-must-match.1: The content of 'definitions' must match (annotation?, (simpleType | complexType)?, (unique | key | keyref)*)). A problem was found starting at: attribute.
2026-05-10 22:01:41,757 [INFO] PluginManage:359 - Loaded plugin pinoutconfig (category:base,tabindex:0)
2026-05-10 22:01:41,757 [INFO] PluginManage:310 - Check plugin power
2026-05-10 22:01:41,783 [INFO] PluginManage:359 - Loaded plugin power (category:power,tabindex:4)
2026-05-10 22:01:41,784 [INFO] PluginManage:310 - Check plugin projectmanager
2026-05-10 22:01:41,804 [INFO] PluginManage:359 - Loaded plugin projectmanager (category:projectmanager,tabindex:4)
2026-05-10 22:01:41,804 [INFO] PluginManage:310 - Check plugin rif
2026-05-10 22:01:41,813 [INFO] PluginManage:359 - Loaded plugin rif (category:base,tabindex:3)
2026-05-10 22:01:41,813 [INFO] PluginManage:310 - Check plugin thirdparty
2026-05-10 22:01:41,933 [INFO] PluginManage:359 - Loaded plugin thirdparty (category:base,tabindex:-1)
2026-05-10 22:01:41,933 [INFO] PluginManage:310 - Check plugin tools
2026-05-10 22:01:41,933 [WARN] IntegrityCheckThread:84 - waiting for thirdparty lock release [integrity check]
2026-05-10 22:01:41,934 [INFO] IntegrityCheckThread:86 - entering critical section [integrity check]
2026-05-10 22:01:41,934 [INFO] ThirdPartyUpdaterWithRetryManager:70 - Updater plugin not ready yet. [1/15]
2026-05-10 22:01:41,935 [INFO] PluginManage:359 - Loaded plugin tools (category:base,tabindex:7)
2026-05-10 22:01:41,935 [INFO] PluginManage:310 - Check plugin tutovideos
2026-05-10 22:01:42,081 [INFO] PluginManage:359 - Loaded plugin tutovideos (category:base,tabindex:-1)
2026-05-10 22:01:42,081 [INFO] PluginManage:310 - Check plugin updater
2026-05-10 22:01:42,101 [INFO] PluginManage:359 - Loaded plugin updater (category:base,tabindex:12)
2026-05-10 22:01:42,101 [INFO] PluginManage:310 - Check plugin userauth
2026-05-10 22:01:42,104 [INFO] UserAuth:118 - Init User Auth plugin
2026-05-10 22:01:42,105 [INFO] PluginManage:359 - Loaded plugin userauth (category:base,tabindex:14)
2026-05-10 22:01:42,105 [INFO] PluginManage:283 - PluginManage : Loaded plugins [18]
2026-05-10 22:01:42,330 [INFO] PinOutPanel:1589 - setPackage(No Configuration,No Configuration)
2026-05-10 22:01:42,415 [INFO] CADModel:165 - CPN selected for project level
2026-05-10 22:01:42,415 [INFO] CADModel:114 - Register for checkConnection events
2026-05-10 22:01:42,431 [INFO] IPUIPlugin:80 - create IPUIPlugin
2026-05-10 22:01:42,431 [INFO] PluginManager:220 - loadIPPluginJar : add adc
2026-05-10 22:01:42,433 [INFO] IPUIPlugin:80 - create IPUIPlugin
2026-05-10 22:01:42,433 [INFO] PluginManager:220 - loadIPPluginJar : add aes
2026-05-10 22:01:42,435 [INFO] IPUIPlugin:80 - create IPUIPlugin
2026-05-10 22:01:42,435 [INFO] PluginManager:220 - loadIPPluginJar : add can
2026-05-10 22:01:42,437 [INFO] IPUIPlugin:80 - create IPUIPlugin
2026-05-10 22:01:42,437 [INFO] PluginManager:220 - loadIPPluginJar : add comp
2026-05-10 22:01:42,439 [INFO] IPUIPlugin:80 - create IPUIPlugin
2026-05-10 22:01:42,439 [INFO] PluginManager:220 - loadIPPluginJar : add cryp
2026-05-10 22:01:42,442 [INFO] IPUIPlugin:80 - create IPUIPlugin
2026-05-10 22:01:42,442 [INFO] PluginManager:220 - loadIPPluginJar : add ddr_ctrl_phy
2026-05-10 22:01:42,444 [INFO] IPUIPlugin:80 - create IPUIPlugin
2026-05-10 22:01:42,444 [INFO] PluginManager:220 - loadIPPluginJar : add dfsdm
2026-05-10 22:01:42,449 [INFO] IPUIPlugin:80 - create IPUIPlugin
2026-05-10 22:01:42,449 [INFO] PluginManager:220 - loadIPPluginJar : add dma
2026-05-10 22:01:42,451 [INFO] IPUIPlugin:80 - create IPUIPlugin
2026-05-10 22:01:42,451 [INFO] PluginManager:220 - loadIPPluginJar : add dma3
2026-05-10 22:01:42,453 [INFO] IPUIPlugin:80 - create IPUIPlugin
2026-05-10 22:01:42,454 [INFO] PluginManager:220 - loadIPPluginJar : add extmemmanager
2026-05-10 22:01:42,455 [INFO] IPUIPlugin:80 - create IPUIPlugin
2026-05-10 22:01:42,455 [INFO] PluginManager:220 - loadIPPluginJar : add fatfs
2026-05-10 22:01:42,459 [INFO] IPUIPlugin:80 - create IPUIPlugin
2026-05-10 22:01:42,460 [INFO] PluginManager:220 - loadIPPluginJar : add fmc
2026-05-10 22:01:42,464 [INFO] IPUIPlugin:80 - create IPUIPlugin
2026-05-10 22:01:42,464 [INFO] PluginManager:220 - loadIPPluginJar : add freertos
2026-05-10 22:01:42,466 [INFO] IPUIPlugin:80 - create IPUIPlugin
2026-05-10 22:01:42,466 [INFO] PluginManager:220 - loadIPPluginJar : add genericplugin
2026-05-10 22:01:42,468 [INFO] IPUIPlugin:80 - create IPUIPlugin
2026-05-10 22:01:42,468 [INFO] PluginManager:220 - loadIPPluginJar : add gfxmmu
2026-05-10 22:01:42,472 [INFO] IPUIPlugin:80 - create IPUIPlugin
2026-05-10 22:01:42,472 [INFO] PluginManager:220 - loadIPPluginJar : add gic
2026-05-10 22:01:42,477 [INFO] IPUIPlugin:80 - create IPUIPlugin
2026-05-10 22:01:42,477 [INFO] PluginManager:220 - loadIPPluginJar : add gpio
2026-05-10 22:01:42,480 [INFO] IPUIPlugin:80 - create IPUIPlugin
2026-05-10 22:01:42,480 [INFO] PluginManager:220 - loadIPPluginJar : add gtzc
2026-05-10 22:01:42,483 [INFO] IPUIPlugin:80 - create IPUIPlugin
2026-05-10 22:01:42,483 [INFO] PluginManager:220 - loadIPPluginJar : add hash
2026-05-10 22:01:42,486 [INFO] IPUIPlugin:80 - create IPUIPlugin
2026-05-10 22:01:42,486 [INFO] PluginManager:220 - loadIPPluginJar : add i2c
2026-05-10 22:01:42,488 [INFO] IPUIPlugin:80 - create IPUIPlugin
2026-05-10 22:01:42,489 [INFO] PluginManager:220 - loadIPPluginJar : add i2s
2026-05-10 22:01:42,492 [INFO] IPUIPlugin:80 - create IPUIPlugin
2026-05-10 22:01:42,493 [INFO] PluginManager:220 - loadIPPluginJar : add i3c
2026-05-10 22:01:42,496 [INFO] IPUIPlugin:80 - create IPUIPlugin
2026-05-10 22:01:42,496 [INFO] PluginManager:220 - loadIPPluginJar : add ipddr
2026-05-10 22:01:42,502 [INFO] IPUIPlugin:80 - create IPUIPlugin
2026-05-10 22:01:42,503 [INFO] PluginManager:220 - loadIPPluginJar : add linkedlist
2026-05-10 22:01:42,505 [INFO] IPUIPlugin:80 - create IPUIPlugin
2026-05-10 22:01:42,505 [INFO] PluginManager:220 - loadIPPluginJar : add lorawan
2026-05-10 22:01:42,506 [INFO] IPUIPlugin:80 - create IPUIPlugin
2026-05-10 22:01:42,506 [INFO] PluginManager:220 - loadIPPluginJar : add ltdc
2026-05-10 22:01:42,510 [INFO] IPUIPlugin:80 - create IPUIPlugin
2026-05-10 22:01:42,510 [INFO] PluginManager:220 - loadIPPluginJar : add mdma
2026-05-10 22:01:42,512 [INFO] IPUIPlugin:80 - create IPUIPlugin
2026-05-10 22:01:42,512 [INFO] PluginManager:220 - loadIPPluginJar : add nvic
2026-05-10 22:01:42,515 [INFO] IPUIPlugin:80 - create IPUIPlugin
2026-05-10 22:01:42,515 [INFO] PluginManager:220 - loadIPPluginJar : add opamp
2026-05-10 22:01:42,517 [INFO] IPUIPlugin:80 - create IPUIPlugin
2026-05-10 22:01:42,518 [INFO] PluginManager:220 - loadIPPluginJar : add openamp
2026-05-10 22:01:42,520 [INFO] IPUIPlugin:80 - create IPUIPlugin
2026-05-10 22:01:42,520 [INFO] PluginManager:220 - loadIPPluginJar : add pdm2pcm
2026-05-10 22:01:42,524 [INFO] IPUIPlugin:80 - create IPUIPlugin
2026-05-10 22:01:42,526 [INFO] PluginManager:220 - loadIPPluginJar : add plateformsettings
2026-05-10 22:01:42,527 [INFO] IPUIPlugin:80 - create IPUIPlugin
2026-05-10 22:01:42,527 [INFO] PluginManager:220 - loadIPPluginJar : add quadspi
2026-05-10 22:01:42,528 [INFO] IPUIPlugin:80 - create IPUIPlugin
2026-05-10 22:01:42,528 [INFO] PluginManager:220 - loadIPPluginJar : add radio
2026-05-10 22:01:42,530 [INFO] IPUIPlugin:80 - create IPUIPlugin
2026-05-10 22:01:42,530 [INFO] PluginManager:220 - loadIPPluginJar : add resmgrutility
2026-05-10 22:01:42,532 [INFO] IPUIPlugin:80 - create IPUIPlugin
2026-05-10 22:01:42,533 [INFO] PluginManager:220 - loadIPPluginJar : add sai
2026-05-10 22:01:42,534 [INFO] IPUIPlugin:80 - create IPUIPlugin
2026-05-10 22:01:42,534 [INFO] PluginManager:220 - loadIPPluginJar : add spi
2026-05-10 22:01:42,538 [INFO] IPUIPlugin:80 - create IPUIPlugin
2026-05-10 22:01:42,539 [INFO] PluginManager:220 - loadIPPluginJar : add stm32_wpan
2026-05-10 22:01:42,540 [INFO] IPUIPlugin:80 - create IPUIPlugin
2026-05-10 22:01:42,540 [INFO] PluginManager:220 - loadIPPluginJar : add tim
2026-05-10 22:01:42,542 [INFO] IPUIPlugin:80 - create IPUIPlugin
2026-05-10 22:01:42,542 [INFO] PluginManager:220 - loadIPPluginJar : add touchsensing
2026-05-10 22:01:42,544 [INFO] IPUIPlugin:80 - create IPUIPlugin
2026-05-10 22:01:42,544 [INFO] PluginManager:220 - loadIPPluginJar : add tracer_emb
2026-05-10 22:01:42,545 [INFO] IPUIPlugin:80 - create IPUIPlugin
2026-05-10 22:01:42,545 [INFO] PluginManager:220 - loadIPPluginJar : add ts
2026-05-10 22:01:42,546 [INFO] IPUIPlugin:80 - create IPUIPlugin
2026-05-10 22:01:42,546 [INFO] PluginManager:220 - loadIPPluginJar : add tsc
2026-05-10 22:01:42,548 [INFO] IPUIPlugin:80 - create IPUIPlugin
2026-05-10 22:01:42,548 [INFO] PluginManager:220 - loadIPPluginJar : add ucpd
2026-05-10 22:01:42,550 [INFO] IPUIPlugin:80 - create IPUIPlugin
2026-05-10 22:01:42,550 [INFO] PluginManager:220 - loadIPPluginJar : add usart
2026-05-10 22:01:42,552 [INFO] IPUIPlugin:80 - create IPUIPlugin
2026-05-10 22:01:42,552 [INFO] PluginManager:220 - loadIPPluginJar : add usbx
2026-05-10 22:01:42,679 [FATAL] Updater:351 - Updater called before beeing initialized
2026-05-10 22:01:42,712 [INFO] RulesReader:64 - Compatibility file has been processed (301 Rules)
2026-05-10 22:01:42,724 [INFO] RulesReader:64 - Compatibility file has been processed (301 Rules)
2026-05-10 22:01:42,735 [INFO] CADModel:165 - CPN selected for project level
2026-05-10 22:01:42,735 [INFO] CADModel:114 - Register for checkConnection events
2026-05-10 22:01:42,735 [FATAL] Updater:351 - Updater called before beeing initialized
2026-05-10 22:01:42,735 [ERROR] CADModel:125 - Updater not yet initialized, retry later 
2026-05-10 22:01:42,857 [FATAL] Updater:351 - Updater called before beeing initialized
2026-05-10 22:01:42,858 [INFO] CADModel:165 - CPN selected for project level
2026-05-10 22:01:42,858 [INFO] CADModel:114 - Register for checkConnection events
2026-05-10 22:01:42,858 [FATAL] Updater:351 - Updater called before beeing initialized
2026-05-10 22:01:42,858 [ERROR] CADModel:125 - Updater not yet initialized, retry later 
2026-05-10 22:01:42,861 [FATAL] Updater:351 - Updater called before beeing initialized
2026-05-10 22:01:42,961 [FATAL] Updater:351 - Updater called before beeing initialized
2026-05-10 22:01:42,964 [INFO] DbMcusAds:53 - JSON generation date=Mon Apr 27 17:14:29 KST 2026 (1777277669683)
2026-05-10 22:01:42,965 [FATAL] Updater:351 - Updater called before beeing initialized
2026-05-10 22:01:42,992 [WARN] DetailPanel:346 - Failed to get advertising image, set to default
2026-05-10 22:01:43,230 [FATAL] Updater:351 - Updater called before beeing initialized
2026-05-10 22:01:43,231 [FATAL] Updater:351 - Updater called before beeing initialized
2026-05-10 22:01:43,232 [FATAL] Updater:351 - Updater called before beeing initialized
2026-05-10 22:01:43,232 [WARN] DetailPanel:346 - Failed to get advertising image, set to default
2026-05-10 22:01:43,233 [FATAL] Updater:351 - Updater called before beeing initialized
2026-05-10 22:01:43,281 [ERROR] Updater:1198 - MainUpdater not yet initialized. External WinMGr cannot be set.
2026-05-10 22:01:43,282 [INFO] Updater:1134 - Updater Version found : 6.14.0
2026-05-10 22:01:43,296 [INFO] ApplicationProperties:184 - Using Application install path: C:\ST\STM32CubeIDE_1.18.0\STM32CubeIDE\plugins\com.st.stm32cube.common.mx_6.14.0.202502271554
2026-05-10 22:01:43,637 [INFO] MainUpdater:2872 - connection check result : 10
2026-05-10 22:01:43,638 [INFO] MainUpdater:289 - Updater Check For Update Now.
2026-05-10 22:01:43,638 [INFO] MicroXplorer:498 - Change Database Version : DB.6.0.140
2026-05-10 22:01:43,647 [INFO] McuFinderGlobals:63 - Set McuFinder mode to 2 (CubeIDE integrated)
2026-05-10 22:01:43,648 [INFO] UserAuth:486 - Internet connection configuration mode: 1
2026-05-10 22:01:43,676 [INFO] JxBrowserEngine:152 - Initiate JxBrowser Engine with user profile folder
2026-05-10 22:01:43,842 [INFO] CheckServerUpdateThread:120 - End of CheckServer Thread
2026-05-10 22:01:44,236 [INFO] WebApp:169 - Instantiating new browser for Auth
2026-05-10 22:01:44,818 [INFO] WebApp:463 - Apply proxy settings
2026-05-10 22:01:44,819 [INFO] WebApp:548 - Chromium requires no authentication
2026-05-10 22:01:44,824 [INFO] WebApp:491 - Direct internet connection detected
2026-05-10 22:01:44,845 [INFO] WebApp:894 - Register for checkConnection events
2026-05-10 22:01:44,846 [INFO] WebApp:463 - Apply proxy settings
2026-05-10 22:01:44,846 [INFO] WebApp:548 - Chromium requires no authentication
2026-05-10 22:01:44,846 [INFO] WebApp:491 - Direct internet connection detected
2026-05-10 22:01:45,010 [INFO] WebApp:225 - Starting web application
2026-05-10 22:01:45,010 [INFO] WebApp:593 - Web application path used C:\ST\STM32CubeIDE_1.18.0\STM32CubeIDE\plugins\com.st.stm32cube.common.mx_6.14.0.202502271554\db\plugins\mcufinder\reactClient1\index.html
2026-05-10 22:01:45,156 [INFO] UserAuth:486 - Internet connection configuration mode: 1
2026-05-10 22:01:45,278 [INFO] WebApp:191 - Connection restablished
2026-05-10 22:01:45,389 [WARN] PackLoader:240 - Cannot read IP mode file for STMicroelectronics.X-CUBE-AZRTOS-H7.3.5.0
2026-05-10 22:01:45,405 [WARN] PackLoader:240 - Cannot read IP mode file for STMicroelectronics.FP-SNS-MOTENVWB1.1.4.0
2026-05-10 22:01:45,414 [WARN] PackLoader:240 - Cannot read IP mode file for STMicroelectronics.FP-ATR-ASTRA1.2.0.2
2026-05-10 22:01:45,422 [WARN] PackLoader:240 - Cannot read IP mode file for STMicroelectronics.X-CUBE-SMBUS.2.1.0
2026-05-10 22:01:45,434 [WARN] PackLoader:240 - Cannot read IP mode file for STMicroelectronics.X-CUBE-WB05N.1.1.0
2026-05-10 22:01:45,441 [WARN] PackLoader:240 - Cannot read IP mode file for STMicroelectronics.X-CUBE-ST60.1.0.0
2026-05-10 22:01:45,471 [WARN] PackLoader:240 - Cannot read IP mode file for STMicroelectronics.X-CUBE-AZRTOS-F7.1.1.0
2026-05-10 22:01:45,478 [ERROR] Engine:466 - C:\Users\lthst\.stm32cubemx\thirdparties\pdsc\STMicroelectronics.FP-SNS-MOTENV1.5.1.0.pdsc: PDSC version is not supported
2026-05-10 22:01:45,548 [WARN] PackLoader:240 - Cannot read IP mode file for Infineon.AIROC-Wi-Fi-Bluetooth-STM32.1.7.0
2026-05-10 22:01:45,576 [WARN] PackLoader:240 - Cannot read IP mode file for STMicroelectronics.X-CUBE-AZRTOS-H7.3.4.0
2026-05-10 22:01:45,587 [WARN] PackLoader:240 - Cannot read IP mode file for STMicroelectronics.X-CUBE-DISPLAY.3.0.0
2026-05-10 22:01:45,603 [WARN] PackLoader:240 - Cannot read IP mode file for STMicroelectronics.X-CUBE-GNSS1.7.1.1
2026-05-10 22:01:45,607 [ERROR] Engine:466 - C:\Users\lthst\.stm32cubemx\thirdparties\pdsc\STMicroelectronics.FP-SNS-MOTENVWB1.1.5.0.pdsc: PDSC version is not supported
2026-05-10 22:01:45,620 [WARN] PackLoader:240 - Cannot read IP mode file for STMicroelectronics.X-CUBE-NFC10.1.0.0
2026-05-10 22:01:45,632 [WARN] PackLoader:240 - Cannot read IP mode file for STMicroelectronics.X-CUBE-BLEMGR.4.0.0
2026-05-10 22:01:45,640 [WARN] PackLoader:240 - Cannot read IP mode file for STMicroelectronics.X-CUBE-ST60.1.1.0
2026-05-10 22:01:45,649 [WARN] PackLoader:240 - Cannot read IP mode file for emotas.I-CUBE-CANOPEN.1.3.0
2026-05-10 22:01:45,654 [WARN] PackLoader:240 - Cannot read IP mode file for STMicroelectronics.X-CUBE-GNSS1.7.1.0
2026-05-10 22:01:45,661 [WARN] ConditionMgr:438 - getConditionDescription Invalid condition id : Cortex-A Device cause : null
2026-05-10 22:01:45,690 [WARN] ConditionMgr:1044 - genDependencies : Invalid condition id : Cortex-A Device cause : null
2026-05-10 22:01:45,690 [WARN] ConditionMgr:1044 - genDependencies : Invalid condition id : Cortex-A Device cause : null
2026-05-10 22:01:45,690 [WARN] ConditionMgr:1044 - genDependencies : Invalid condition id : Cortex-A Device cause : null
2026-05-10 22:01:45,696 [WARN] PackLoader:240 - Cannot read IP mode file for STMicroelectronics.X-CUBE-AI.10.0.0
2026-05-10 22:01:45,700 [ERROR] Engine:466 - C:\Users\lthst\.stm32cubemx\thirdparties\pdsc\STMicroelectronics.FP-SNS-STBOX1.2.1.0.pdsc: PDSC version is not supported
2026-05-10 22:01:45,705 [WARN] PackLoader:240 - Cannot read IP mode file for STMicroelectronics.FP-SNS-SMARTAG2.1.2.0
2026-05-10 22:01:45,710 [WARN] PackLoader:240 - Cannot read IP mode file for STMicroelectronics.FP-SNS-FLIGHT1.5.1.0
2026-05-10 22:01:45,756 [WARN] PackLoader:240 - Cannot read IP mode file for STMicroelectronics.X-CUBE-MEMS1.11.1.0
2026-05-10 22:01:45,885 [INFO] LogOutputStream:77 - [STDOUT_REDIRECT] 1 : Invalid condition id : UX_CORESTACK_Condition cause : null
2026-05-10 22:01:45,885 [INFO] LogOutputStream:77 - [STDOUT_REDIRECT] 1 : Invalid condition id : UX_CORESTACK_Condition cause : null
2026-05-10 22:01:45,886 [INFO] LogOutputStream:77 - [STDOUT_REDIRECT] 1 : Invalid condition id : UX_CORESTACK_Condition cause : null
2026-05-10 22:01:45,886 [INFO] LogOutputStream:77 - [STDOUT_REDIRECT] 1 : Invalid condition id : UX_CORESTACK_Condition cause : null
2026-05-10 22:01:45,887 [INFO] LogOutputStream:77 - [STDOUT_REDIRECT] 1 : Invalid condition id : UX_CORESTACK_Condition cause : null
2026-05-10 22:01:45,889 [WARN] PackLoader:240 - Cannot read IP mode file for STMicroelectronics.X-CUBE-AZRTOS-WL.2.0.0
2026-05-10 22:01:45,895 [WARN] PackLoader:240 - Cannot read IP mode file for STMicroelectronics.FP-SNS-MOTENV1.5.0.0
2026-05-10 22:01:45,908 [WARN] PackLoader:240 - Cannot read IP mode file for STMicroelectronics.X-CUBE-AZRTOS-H7RS.1.2.0
2026-05-10 22:01:45,919 [WARN] PackLoader:240 - Cannot read IP mode file for WES.I-CUBE-Cesium.1.3.0
2026-05-10 22:01:45,925 [WARN] PackLoader:240 - Cannot read IP mode file for STMicroelectronics.X-CUBE-BLE2.3.3.0
2026-05-10 22:01:45,959 [WARN] PackLoader:240 - Cannot read IP mode file for STMicroelectronics.X-CUBE-NFC9.1.0.0
2026-05-10 22:01:45,966 [WARN] PackLoader:240 - Cannot read IP mode file for STMicroelectronics.X-CUBE-BLE1.7.1.0
2026-05-10 22:01:45,970 [WARN] PackLoader:240 - Cannot read IP mode file for wolfSSL.I-CUBE-wolfMQTT.1.19.2
2026-05-10 22:01:45,973 [ERROR] Engine:466 - C:\Users\lthst\.stm32cubemx\thirdparties\pdsc\STMicroelectronics.X-CUBE-FREERTOS.1.4.0.pdsc: PDSC version is not supported
2026-05-10 22:01:45,978 [WARN] PackLoader:240 - Cannot read IP mode file for STMicroelectronics.X-CUBE-EEPRMA1.5.2.0
2026-05-10 22:01:45,981 [ERROR] Engine:466 - C:\Users\lthst\.stm32cubemx\thirdparties\pdsc\STMicroelectronics.X-CUBE-ST67W61.1.1.0.pdsc: PDSC version is not supported
2026-05-10 22:01:45,983 [WARN] PackLoader:240 - Cannot read IP mode file for STMicroelectronics.X-CUBE-AI.10.1.0
2026-05-10 22:01:45,986 [ERROR] Engine:466 - C:\Users\lthst\.stm32cubemx\thirdparties\pdsc\STMicroelectronics.FP-SNS-STAIOTCFT.1.1.0.pdsc: PDSC version is not supported
2026-05-10 22:01:46,026 [WARN] PackLoader:240 - Cannot read IP mode file for STMicroelectronics.X-CUBE-MEMS1.12.0.0
2026-05-10 22:01:46,186 [WARN] PackLoader:240 - Cannot read IP mode file for STMicroelectronics.X-CUBE-MEMS1.11.2.0
2026-05-10 22:01:46,428 [WARN] PackLoader:240 - Cannot read IP mode file for STMicroelectronics.X-CUBE-AZRTOS-G0.1.1.0
2026-05-10 22:01:46,434 [WARN] PackLoader:240 - Cannot read IP mode file for STMicroelectronics.X-CUBE-SAFEA1.1.2.2
2026-05-10 22:01:46,440 [WARN] PackLoader:240 - Cannot read IP mode file for STMicroelectronics.X-CUBE-NFC4.3.0.0
2026-05-10 22:01:46,448 [WARN] PackLoader:240 - Cannot read IP mode file for EmbeddedOffice.I-CUBE-FS-RTOS.1.0.1
2026-05-10 22:01:46,454 [WARN] PackLoader:240 - Cannot read IP mode file for STMicroelectronics.X-CUBE-WB05N.2.0.0
2026-05-10 22:01:46,459 [WARN] PackLoader:240 - Cannot read IP mode file for wolfSSL.I-CUBE-wolfTPM.3.8.0
2026-05-10 22:01:46,465 [WARN] PackLoader:240 - Cannot read IP mode file for STMicroelectronics.X-CUBE-TCPP.4.2.0
2026-05-10 22:01:46,470 [WARN] PackLoader:240 - Cannot read IP mode file for RealThread.X-CUBE-RT-Thread_Nano.4.1.1
2026-05-10 22:01:46,474 [WARN] PackLoader:240 - Cannot read IP mode file for STMicroelectronics.FP-ATR-SIGFOX1.3.2.0
2026-05-10 22:01:46,479 [WARN] PackLoader:240 - Cannot read IP mode file for STMicroelectronics.X-CUBE-EEPRMA1.5.1.0
2026-05-10 22:01:46,485 [WARN] PackLoader:240 - Cannot read IP mode file for wolfSSL.I-CUBE-wolfSSL.5.7.6
2026-05-10 22:01:46,491 [WARN] PackLoader:240 - Cannot read IP mode file for ITTIA_DB.I-CUBE-ITTIADB.8.9.0
2026-05-10 22:01:46,497 [WARN] PackLoader:240 - Cannot read IP mode file for STMicroelectronics.X-CUBE-NFC6.3.2.0
2026-05-10 22:01:46,504 [WARN] PackLoader:240 - Cannot read IP mode file for STMicroelectronics.X-CUBE-ST67W61.1.0.0
2026-05-10 22:01:46,508 [WARN] PackLoader:240 - Cannot read IP mode file for STMicroelectronics.X-CUBE-AI.10.2.0
2026-05-10 22:01:46,537 [WARN] PackLoader:240 - Cannot read IP mode file for STMicroelectronics.X-CUBE-MEMS1.12.1.0
2026-05-10 22:01:46,623 [WARN] PackLoader:240 - Cannot read IP mode file for SEGGER.I-CUBE-embOS.1.3.1
2026-05-10 22:01:46,649 [WARN] PackLoader:240 - Cannot read IP mode file for STMicroelectronics.X-CUBE-ALGOBUILD.1.4.0
2026-05-10 22:01:46,674 [WARN] PackLoader:240 - Cannot read IP mode file for STMicroelectronics.X-CUBE-MEMS1.11.3.0
2026-05-10 22:01:46,794 [WARN] PackLoader:240 - Cannot read IP mode file for STMicroelectronics.X-CUBE-PM33A1.1.0.0
2026-05-10 22:01:46,807 [WARN] PackLoader:240 - Cannot read IP mode file for STMicroelectronics.X-CUBE-AZRTOS-F4.1.1.0
2026-05-10 22:01:46,813 [WARN] PackLoader:240 - Cannot read IP mode file for Avnet-IotConnect.X-CUBE-IoTC-DA16k-PMOD.1.0.0
2026-05-10 22:01:46,817 [WARN] PackLoader:240 - Cannot read IP mode file for STMicroelectronics.X-CUBE-ISPU.2.1.0
2026-05-10 22:01:46,823 [ERROR] Engine:466 - C:\Users\lthst\.stm32cubemx\thirdparties\pdsc\STMicroelectronics.X-CUBE-IPS.3.2.0.pdsc: PDSC version is not supported
2026-05-10 22:01:46,831 [WARN] PackLoader:240 - Cannot read IP mode file for STMicroelectronics.eDS-WB_DPC_TT-BIDIR.2.1.1
2026-05-10 22:01:46,838 [WARN] PackLoader:240 - Cannot read IP mode file for STMicroelectronics.X-CUBE-NFC12.1.0.0
2026-05-10 22:01:46,855 [WARN] PackLoader:240 - Cannot read IP mode file for STMicroelectronics.X-CUBE-AZRTOS-L5.2.0.0
2026-05-10 22:01:46,862 [WARN] PackLoader:240 - Cannot read IP mode file for STMicroelectronics.X-CUBE-NFC6.3.1.0
2026-05-10 22:01:46,868 [WARN] PackLoader:240 - Cannot read IP mode file for STMicroelectronics.X-CUBE-DPower.1.2.0
2026-05-10 22:01:46,872 [WARN] PackLoader:240 - Cannot read IP mode file for STMicroelectronics.eDS-WB_DPC_VIENNA.1.2.0
2026-05-10 22:01:46,875 [WARN] PackLoader:240 - Cannot read IP mode file for STMicroelectronics.eDS-WB_DPC_3PH2L-BIDIR.1.1.1
2026-05-10 22:01:46,878 [ERROR] Engine:466 - C:\Users\lthst\.stm32cubemx\thirdparties\pdsc\STMicroelectronics.X-CUBE-ST67W61.1.3.0.pdsc: PDSC version is not supported
2026-05-10 22:01:46,882 [WARN] PackLoader:240 - Cannot read IP mode file for STMicroelectronics.X-CUBE-FREERTOS.1.3.1
2026-05-10 22:01:46,886 [WARN] PackLoader:240 - Cannot read IP mode file for STMicroelectronics.X-CUBE-FREERTOS.1.3.0
2026-05-10 22:01:46,891 [WARN] PackLoader:240 - Cannot read IP mode file for STMicroelectronics.X-CUBE-NFC7.1.0.1
2026-05-10 22:01:46,896 [WARN] PackLoader:240 - Cannot read IP mode file for STMicroelectronics.X-CUBE-TOUCHGFX.4.26.0
2026-05-10 22:01:46,898 [WARN] PackLoader:240 - Cannot read IP mode file for STMicroelectronics.X-CUBE-TOUCHGFX.4.26.1
2026-05-10 22:01:46,903 [WARN] PackLoader:240 - Cannot read IP mode file for STMicroelectronics.FP-SNS-STAIOTCFT.1.0.0
2026-05-10 22:01:46,907 [WARN] PackLoader:240 - Cannot read IP mode file for STMicroelectronics.X-CUBE-DPower.1.3.0
2026-05-10 22:01:46,919 [WARN] ConditionMgr:438 - getConditionDescription Invalid condition id : LAN8742 Phy interface Condition cause : null
2026-05-10 22:01:46,919 [WARN] PackLoader:240 - Cannot read IP mode file for STMicroelectronics.X-CUBE-AZRTOS-L4.2.0.0
2026-05-10 22:01:46,920 [WARN] ConditionMgr:1044 - genDependencies : Invalid condition id : LAN8742 Phy interface Condition cause : null
2026-05-10 22:01:46,920 [WARN] ConditionMgr:1044 - genDependencies : Invalid condition id : LAN8742 Phy interface Condition cause : null
2026-05-10 22:01:46,921 [WARN] ConditionMgr:1044 - genDependencies : Invalid condition id : LAN8742 Phy interface Condition cause : null
2026-05-10 22:01:46,926 [WARN] PackLoader:240 - Cannot read IP mode file for STMicroelectronics.X-CUBE-SFXS2LP1.4.0.0
2026-05-10 22:01:46,931 [WARN] PackLoader:240 - Cannot read IP mode file for STMicroelectronics.X-CUBE-WB05N.2.1.0
2026-05-10 22:01:46,934 [ERROR] Engine:466 - C:\Users\lthst\.stm32cubemx\thirdparties\pdsc\STMicroelectronics.X-CUBE-ST67W61.1.2.0.pdsc: PDSC version is not supported
2026-05-10 22:01:46,945 [WARN] PackLoader:240 - Cannot read IP mode file for STMicroelectronics.X-CUBE-AZRTOS-H7.3.3.0
2026-05-10 22:01:46,954 [WARN] PackLoader:240 - Cannot read IP mode file for STMicroelectronics.X-CUBE-BLEMGR.4.1.0
2026-05-10 22:01:46,966 [WARN] ConditionMgr:438 - getConditionDescription Invalid condition id : UX DEVICE CLASS RTOS Condition cause : null
2026-05-10 22:01:46,966 [WARN] ConditionMgr:438 - getConditionDescription Invalid condition id : UX DEVICE CLASS RTOS Condition cause : null
2026-05-10 22:01:46,967 [WARN] PackLoader:240 - Cannot read IP mode file for STMicroelectronics.X-CUBE-AZRTOS-WB.2.0.0
2026-05-10 22:01:46,968 [WARN] ConditionMgr:1044 - genDependencies : Invalid condition id : UX DEVICE CLASS RTOS Condition cause : null
2026-05-10 22:01:46,968 [WARN] ConditionMgr:1044 - genDependencies : Invalid condition id : UX DEVICE CLASS RTOS Condition cause : null
2026-05-10 22:01:46,968 [WARN] ConditionMgr:1044 - genDependencies : Invalid condition id : UX DEVICE CLASS RTOS Condition cause : null
2026-05-10 22:01:46,968 [WARN] ConditionMgr:1044 - genDependencies : Invalid condition id : UX DEVICE CLASS RTOS Condition cause : null
2026-05-10 22:01:46,968 [WARN] ConditionMgr:1044 - genDependencies : Invalid condition id : UX DEVICE CLASS RTOS Condition cause : null
2026-05-10 22:01:46,973 [WARN] PackLoader:240 - Cannot read IP mode file for STMicroelectronics.X-CUBE-GNSS1.7.0.1
2026-05-10 22:01:46,976 [WARN] PackLoader:240 - Cannot read IP mode file for STMicroelectronics.X-CUBE-TOUCHGFX.4.25.0
2026-05-10 22:01:46,985 [WARN] PackLoader:240 - Cannot read IP mode file for STMicroelectronics.FP-SNS-STBOX1.2.0.0
2026-05-10 22:01:46,994 [WARN] PackLoader:240 - Cannot read IP mode file for STMicroelectronics.X-CUBE-STSE01.2.0.0
2026-05-10 22:01:47,003 [WARN] PackLoader:240 - Cannot read IP mode file for STMicroelectronics.X-CUBE-SUBG2.5.0.0
2026-05-10 22:01:47,021 [WARN] PackLoader:240 - Cannot read IP mode file for STMicroelectronics.X-CUBE-AZRTOS-H7RS.1.1.0
2026-05-10 22:01:47,028 [WARN] PackLoader:240 - Cannot read IP mode file for Cesanta.I-CUBE-Mongoose.7.13.0
2026-05-10 22:01:47,036 [WARN] PackLoader:240 - Cannot read IP mode file for STMicroelectronics.X-CUBE-AZRTOS-G4.2.0.0
2026-05-10 22:01:47,054 [WARN] PackLoader:240 - Cannot read IP mode file for wolfSSL.I-CUBE-wolfSSH.1.4.20
2026-05-10 22:01:47,059 [WARN] PackLoader:240 - Cannot read IP mode file for STMicroelectronics.X-CUBE-NFC7.2.0.0
2026-05-10 22:01:47,071 [WARN] PackLoader:240 - Cannot read IP mode file for STMicroelectronics.X-CUBE-IPS.3.1.0
2026-05-10 22:01:47,097 [WARN] PackLoader:240 - Cannot read IP mode file for STMicroelectronics.X-CUBE-ALS.1.0.2
2026-05-10 22:01:47,104 [WARN] PackLoader:240 - Cannot read IP mode file for STMicroelectronics.X-CUBE-STSE01.1.0.0
2026-05-10 22:01:47,114 [WARN] PackLoader:240 - Cannot read IP mode file for portGmbH.I-Cube-SoM-uGOAL.1.1.0
2026-05-10 22:01:47,128 [WARN] PackLoader:240 - Cannot read IP mode file for STMicroelectronics.X-CUBE-TOF1.3.4.2
2026-05-10 22:01:47,149 [WARN] PackLoader:240 - Cannot read IP mode file for STMicroelectronics.X-CUBE-TOF1.3.4.3
2026-05-10 22:01:47,170 [INFO] ThirdParty:978 - Integrity check success = true
2026-05-10 22:01:47,170 [INFO] IntegrityCheckThread:100 - exiting critical section [integrity check]
2026-05-10 22:01:47,170 [INFO] IntegrityCheckThread:103 - End integrity checks thread
