[1.286s] DEBUG:colcon:Command line arguments: ['/usr/bin/colcon', 'build']
[1.286s] DEBUG:colcon:Parsed command line arguments: Namespace(log_base=None, log_level=None, verb_name='build', build_base='build', install_base='install', merge_install=False, symlink_install=False, test_result_base=None, continue_on_error=False, executor='parallel', parallel_workers=4, event_handlers=None, ignore_user_meta=False, metas=['./colcon.meta'], base_paths=['.'], packages_ignore=None, packages_ignore_regex=None, paths=None, packages_up_to=None, packages_up_to_regex=None, packages_above=None, packages_above_and_dependencies=None, packages_above_depth=None, packages_select_by_dep=None, packages_skip_by_dep=None, packages_skip_up_to=None, packages_select_build_failed=False, packages_skip_build_finished=False, packages_select_test_failures=False, packages_skip_test_passed=False, packages_select=None, packages_skip=None, packages_select_regex=None, packages_skip_regex=None, packages_start=None, packages_end=None, cmake_args=None, cmake_target=None, cmake_target_skip_unavailable=False, cmake_clean_cache=False, cmake_clean_first=False, cmake_force_configure=False, ament_cmake_args=None, catkin_cmake_args=None, catkin_skip_building_tests=False, verb_parser=<colcon_defaults.argument_parser.defaults.DefaultArgumentsDecorator object at 0xffff9c28c170>, verb_extension=<colcon_core.verb.build.BuildVerb object at 0xffff9c470aa0>, main=<bound method BuildVerb.main of <colcon_core.verb.build.BuildVerb object at 0xffff9c470aa0>>)
[1.767s] Level 1:colcon.colcon_core.package_discovery:discover_packages(colcon_meta) check parameters
[1.767s] Level 1:colcon.colcon_core.package_discovery:discover_packages(recursive) check parameters
[1.768s] Level 1:colcon.colcon_core.package_discovery:discover_packages(ignore) check parameters
[1.768s] Level 1:colcon.colcon_core.package_discovery:discover_packages(path) check parameters
[1.768s] Level 1:colcon.colcon_core.package_discovery:discover_packages(colcon_meta) discover
[1.768s] Level 1:colcon.colcon_core.package_discovery:discover_packages(recursive) discover
[1.768s] INFO:colcon.colcon_core.package_discovery:Crawling recursively for packages in '/home/lth/smartfarm_pi2'
[1.768s] Level 1:colcon.colcon_core.package_identification:_identify(.) by extensions ['ignore', 'ignore_ament_install']
[1.768s] Level 1:colcon.colcon_core.package_identification:_identify(.) by extension 'ignore'
[1.768s] Level 1:colcon.colcon_core.package_identification:_identify(.) by extension 'ignore_ament_install'
[1.769s] Level 1:colcon.colcon_core.package_identification:_identify(.) by extensions ['colcon_pkg']
[1.769s] Level 1:colcon.colcon_core.package_identification:_identify(.) by extension 'colcon_pkg'
[1.769s] Level 1:colcon.colcon_core.package_identification:_identify(.) by extensions ['colcon_meta']
[1.769s] Level 1:colcon.colcon_core.package_identification:_identify(.) by extension 'colcon_meta'
[1.769s] Level 1:colcon.colcon_core.package_identification:_identify(.) by extensions ['ros']
[1.769s] Level 1:colcon.colcon_core.package_identification:_identify(.) by extension 'ros'
[1.892s] Level 1:colcon.colcon_core.package_identification:_identify(.) by extensions ['cmake', 'python']
[1.892s] Level 1:colcon.colcon_core.package_identification:_identify(.) by extension 'cmake'
[1.892s] Level 1:colcon.colcon_core.package_identification:_identify(.) by extension 'python'
[1.893s] Level 1:colcon.colcon_core.package_identification:_identify(.) by extensions ['python_setup_py']
[1.893s] Level 1:colcon.colcon_core.package_identification:_identify(.) by extension 'python_setup_py'
[1.893s] Level 1:colcon.colcon_core.package_identification:_identify(build) by extensions ['ignore', 'ignore_ament_install']
[1.893s] Level 1:colcon.colcon_core.package_identification:_identify(build) by extension 'ignore'
[1.893s] Level 1:colcon.colcon_core.package_identification:_identify(build) ignored
[1.893s] Level 1:colcon.colcon_core.package_identification:_identify(install) by extensions ['ignore', 'ignore_ament_install']
[1.893s] Level 1:colcon.colcon_core.package_identification:_identify(install) by extension 'ignore'
[1.893s] Level 1:colcon.colcon_core.package_identification:_identify(install) ignored
[1.894s] Level 1:colcon.colcon_core.package_identification:_identify(log) by extensions ['ignore', 'ignore_ament_install']
[1.894s] Level 1:colcon.colcon_core.package_identification:_identify(log) by extension 'ignore'
[1.894s] Level 1:colcon.colcon_core.package_identification:_identify(log) ignored
[1.894s] Level 1:colcon.colcon_core.package_identification:_identify(src) by extensions ['ignore', 'ignore_ament_install']
[1.894s] Level 1:colcon.colcon_core.package_identification:_identify(src) by extension 'ignore'
[1.894s] Level 1:colcon.colcon_core.package_identification:_identify(src) by extension 'ignore_ament_install'
[1.894s] Level 1:colcon.colcon_core.package_identification:_identify(src) by extensions ['colcon_pkg']
[1.895s] Level 1:colcon.colcon_core.package_identification:_identify(src) by extension 'colcon_pkg'
[1.895s] Level 1:colcon.colcon_core.package_identification:_identify(src) by extensions ['colcon_meta']
[1.895s] Level 1:colcon.colcon_core.package_identification:_identify(src) by extension 'colcon_meta'
[1.895s] Level 1:colcon.colcon_core.package_identification:_identify(src) by extensions ['ros']
[1.895s] Level 1:colcon.colcon_core.package_identification:_identify(src) by extension 'ros'
[1.895s] Level 1:colcon.colcon_core.package_identification:_identify(src) by extensions ['cmake', 'python']
[1.895s] Level 1:colcon.colcon_core.package_identification:_identify(src) by extension 'cmake'
[1.895s] Level 1:colcon.colcon_core.package_identification:_identify(src) by extension 'python'
[1.895s] Level 1:colcon.colcon_core.package_identification:_identify(src) by extensions ['python_setup_py']
[1.895s] Level 1:colcon.colcon_core.package_identification:_identify(src) by extension 'python_setup_py'
[1.895s] Level 1:colcon.colcon_core.package_identification:_identify(src/pi2_pkg) by extensions ['ignore', 'ignore_ament_install']
[1.895s] Level 1:colcon.colcon_core.package_identification:_identify(src/pi2_pkg) by extension 'ignore'
[1.896s] Level 1:colcon.colcon_core.package_identification:_identify(src/pi2_pkg) by extension 'ignore_ament_install'
[1.896s] Level 1:colcon.colcon_core.package_identification:_identify(src/pi2_pkg) by extensions ['colcon_pkg']
[1.896s] Level 1:colcon.colcon_core.package_identification:_identify(src/pi2_pkg) by extension 'colcon_pkg'
[1.896s] Level 1:colcon.colcon_core.package_identification:_identify(src/pi2_pkg) by extensions ['colcon_meta']
[1.896s] Level 1:colcon.colcon_core.package_identification:_identify(src/pi2_pkg) by extension 'colcon_meta'
[1.896s] Level 1:colcon.colcon_core.package_identification:_identify(src/pi2_pkg) by extensions ['ros']
[1.896s] Level 1:colcon.colcon_core.package_identification:_identify(src/pi2_pkg) by extension 'ros'
[1.912s] DEBUG:colcon.colcon_core.package_identification:Package 'src/pi2_pkg' with type 'ros.ament_python' and name 'pi2_pkg'
[1.912s] Level 1:colcon.colcon_core.package_discovery:discover_packages(recursive) using defaults
[1.912s] Level 1:colcon.colcon_core.package_discovery:discover_packages(ignore) discover
[1.912s] Level 1:colcon.colcon_core.package_discovery:discover_packages(ignore) using defaults
[1.913s] Level 1:colcon.colcon_core.package_discovery:discover_packages(path) discover
[1.913s] Level 1:colcon.colcon_core.package_discovery:discover_packages(path) using defaults
[2.089s] Level 5:colcon.colcon_core.verb:set package 'pi2_pkg' build argument 'cmake_args' from command line to 'None'
[2.090s] Level 5:colcon.colcon_core.verb:set package 'pi2_pkg' build argument 'cmake_target' from command line to 'None'
[2.090s] Level 5:colcon.colcon_core.verb:set package 'pi2_pkg' build argument 'cmake_target_skip_unavailable' from command line to 'False'
[2.090s] Level 5:colcon.colcon_core.verb:set package 'pi2_pkg' build argument 'cmake_clean_cache' from command line to 'False'
[2.090s] Level 5:colcon.colcon_core.verb:set package 'pi2_pkg' build argument 'cmake_clean_first' from command line to 'False'
[2.090s] Level 5:colcon.colcon_core.verb:set package 'pi2_pkg' build argument 'cmake_force_configure' from command line to 'False'
[2.090s] Level 5:colcon.colcon_core.verb:set package 'pi2_pkg' build argument 'ament_cmake_args' from command line to 'None'
[2.090s] Level 5:colcon.colcon_core.verb:set package 'pi2_pkg' build argument 'catkin_cmake_args' from command line to 'None'
[2.090s] Level 5:colcon.colcon_core.verb:set package 'pi2_pkg' build argument 'catkin_skip_building_tests' from command line to 'False'
[2.090s] DEBUG:colcon.colcon_core.verb:Building package 'pi2_pkg' with the following arguments: {'ament_cmake_args': None, 'build_base': '/home/lth/smartfarm_pi2/build/pi2_pkg', 'catkin_cmake_args': None, 'catkin_skip_building_tests': False, 'cmake_args': None, 'cmake_clean_cache': False, 'cmake_clean_first': False, 'cmake_force_configure': False, 'cmake_target': None, 'cmake_target_skip_unavailable': False, 'install_base': '/home/lth/smartfarm_pi2/install/pi2_pkg', 'merge_install': False, 'path': '/home/lth/smartfarm_pi2/src/pi2_pkg', 'symlink_install': False, 'test_result_base': None}
[2.090s] INFO:colcon.colcon_core.executor:Executing jobs using 'parallel' executor
[2.092s] DEBUG:colcon.colcon_parallel_executor.executor.parallel:run_until_complete
[2.093s] INFO:colcon.colcon_ros.task.ament_python.build:Building ROS package in '/home/lth/smartfarm_pi2/src/pi2_pkg' with build type 'ament_python'
[2.095s] Level 1:colcon.colcon_core.shell:create_environment_hook('pi2_pkg', 'ament_prefix_path')
[2.111s] INFO:colcon.colcon_core.plugin_system:Skipping extension 'colcon_core.shell.bat': Not used on non-Windows systems
[2.111s] INFO:colcon.colcon_core.shell:Creating environment descriptor '/home/lth/smartfarm_pi2/install/pi2_pkg/share/pi2_pkg/hook/ament_prefix_path.dsv'
[2.117s] INFO:colcon.colcon_core.shell:Creating environment hook '/home/lth/smartfarm_pi2/install/pi2_pkg/share/pi2_pkg/hook/ament_prefix_path.sh'
[2.121s] DEBUG:colcon.colcon_core.shell:Skip shell extension 'dsv' for command environment
[2.646s] INFO:colcon.colcon_core.task.python.build:Building Python package in '/home/lth/smartfarm_pi2/src/pi2_pkg'
[2.647s] DEBUG:colcon.colcon_core.shell:Skip shell extension 'dsv' for command environment
[5.237s] DEBUG:colcon.colcon_core.event_handler.log_command:Invoking command in '/home/lth/smartfarm_pi2/src/pi2_pkg': DEBUGINFOD_URLS=https://debuginfod.ubuntu.com PYTHONPATH=/home/lth/smartfarm_pi2/build/pi2_pkg/prefix_override:/usr/lib/python3/dist-packages/colcon_core/task/python/colcon_distutils_commands:/home/lth/smartfarm_pi2/install/pi2_pkg/lib/python3.12/site-packages:${PYTHONPATH} /usr/bin/python3 -W ignore:setup.py install is deprecated -W ignore:easy_install command is deprecated setup.py egg_info --egg-base ../../build/pi2_pkg build --build-base /home/lth/smartfarm_pi2/build/pi2_pkg/build install --record /home/lth/smartfarm_pi2/build/pi2_pkg/install.log --single-version-externally-managed install_data
[6.279s] DEBUG:colcon.colcon_core.event_handler.log_command:Invoked command in '/home/lth/smartfarm_pi2/src/pi2_pkg' returned '0': DEBUGINFOD_URLS=https://debuginfod.ubuntu.com PYTHONPATH=/home/lth/smartfarm_pi2/build/pi2_pkg/prefix_override:/usr/lib/python3/dist-packages/colcon_core/task/python/colcon_distutils_commands:/home/lth/smartfarm_pi2/install/pi2_pkg/lib/python3.12/site-packages:${PYTHONPATH} /usr/bin/python3 -W ignore:setup.py install is deprecated -W ignore:easy_install command is deprecated setup.py egg_info --egg-base ../../build/pi2_pkg build --build-base /home/lth/smartfarm_pi2/build/pi2_pkg/build install --record /home/lth/smartfarm_pi2/build/pi2_pkg/install.log --single-version-externally-managed install_data
[6.824s] Level 1:colcon.colcon_core.environment:checking '/home/lth/smartfarm_pi2/install/pi2_pkg' for CMake module files
[6.825s] Level 1:colcon.colcon_core.environment:checking '/home/lth/smartfarm_pi2/install/pi2_pkg' for CMake config files
[6.826s] Level 1:colcon.colcon_core.environment:checking '/home/lth/smartfarm_pi2/install/pi2_pkg/lib'
[6.827s] Level 1:colcon.colcon_core.environment:checking '/home/lth/smartfarm_pi2/install/pi2_pkg/bin'
[6.827s] Level 1:colcon.colcon_core.environment:checking '/home/lth/smartfarm_pi2/install/pi2_pkg/lib/pkgconfig/pi2_pkg.pc'
[6.827s] Level 1:colcon.colcon_core.environment:checking '/home/lth/smartfarm_pi2/install/pi2_pkg/lib/python3.12/site-packages'
[6.827s] Level 1:colcon.colcon_core.shell:create_environment_hook('pi2_pkg', 'pythonpath')
[6.828s] INFO:colcon.colcon_core.shell:Creating environment descriptor '/home/lth/smartfarm_pi2/install/pi2_pkg/share/pi2_pkg/hook/pythonpath.dsv'
[6.856s] INFO:colcon.colcon_core.shell:Creating environment hook '/home/lth/smartfarm_pi2/install/pi2_pkg/share/pi2_pkg/hook/pythonpath.sh'
[6.876s] Level 1:colcon.colcon_core.environment:checking '/home/lth/smartfarm_pi2/install/pi2_pkg/bin'
[6.876s] Level 1:colcon.colcon_core.environment:create_environment_scripts_only(pi2_pkg)
[6.877s] INFO:colcon.colcon_core.shell:Creating package descriptor '/home/lth/smartfarm_pi2/install/pi2_pkg/share/pi2_pkg/package.dsv'
[6.911s] INFO:colcon.colcon_core.shell:Creating package script '/home/lth/smartfarm_pi2/install/pi2_pkg/share/pi2_pkg/package.sh'
[6.948s] INFO:colcon.colcon_core.shell:Creating package script '/home/lth/smartfarm_pi2/install/pi2_pkg/share/pi2_pkg/package.bash'
[7.000s] INFO:colcon.colcon_core.shell:Creating package script '/home/lth/smartfarm_pi2/install/pi2_pkg/share/pi2_pkg/package.zsh'
[7.039s] Level 1:colcon.colcon_core.environment:create_file_with_runtime_dependencies(/home/lth/smartfarm_pi2/install/pi2_pkg/share/colcon-core/packages/pi2_pkg)
[7.056s] DEBUG:colcon.colcon_parallel_executor.executor.parallel:closing loop
[7.056s] DEBUG:colcon.colcon_parallel_executor.executor.parallel:loop closed
[7.056s] DEBUG:colcon.colcon_parallel_executor.executor.parallel:run_until_complete finished with '0'
[7.056s] DEBUG:colcon.colcon_core.event_reactor:joining thread
[7.315s] INFO:colcon.colcon_core.plugin_system:Skipping extension 'colcon_notification.desktop_notification.terminal_notifier': Not used on non-Darwin systems
[7.316s] INFO:colcon.colcon_core.plugin_system:Skipping extension 'colcon_notification.desktop_notification.win32': Not used on non-Windows systems
[7.316s] INFO:colcon.colcon_notification.desktop_notification:Sending desktop notification using 'notify2'
[9.451s] DEBUG:colcon.colcon_core.event_reactor:joined thread
[9.452s] INFO:colcon.colcon_core.shell:Creating prefix script '/home/lth/smartfarm_pi2/install/local_setup.sh'
[9.628s] INFO:colcon.colcon_core.shell:Creating prefix util module '/home/lth/smartfarm_pi2/install/_local_setup_util_sh.py'
[10.062s] INFO:colcon.colcon_core.shell:Creating prefix chain script '/home/lth/smartfarm_pi2/install/setup.sh'
[10.579s] INFO:colcon.colcon_core.shell:Creating prefix script '/home/lth/smartfarm_pi2/install/local_setup.bash'
[10.892s] INFO:colcon.colcon_core.shell:Creating prefix chain script '/home/lth/smartfarm_pi2/install/setup.bash'
[10.938s] INFO:colcon.colcon_core.shell:Creating prefix script '/home/lth/smartfarm_pi2/install/local_setup.zsh'
[10.967s] INFO:colcon.colcon_core.shell:Creating prefix chain script '/home/lth/smartfarm_pi2/install/setup.zsh'
